Archive member included to satisfy reference by file (symbol)

c:/program files (x86)/gnu tools arm embedded/9 2019-q4-major/bin/../lib/gcc/arm-none-eabi/9.2.1/../../../../arm-none-eabi/lib/thumb/v7-m/nofp\libc.a(lib_a-exit.o)
                              c:/program files (x86)/gnu tools arm embedded/9 2019-q4-major/bin/../lib/gcc/arm-none-eabi/9.2.1/../../../../arm-none-eabi/lib/thumb/v7-m/nofp/crt0.o (exit)
c:/program files (x86)/gnu tools arm embedded/9 2019-q4-major/bin/../lib/gcc/arm-none-eabi/9.2.1/../../../../arm-none-eabi/lib/thumb/v7-m/nofp\libc.a(lib_a-impure.o)
                              c:/program files (x86)/gnu tools arm embedded/9 2019-q4-major/bin/../lib/gcc/arm-none-eabi/9.2.1/../../../../arm-none-eabi/lib/thumb/v7-m/nofp\libc.a(lib_a-exit.o) (_global_impure_ptr)
c:/program files (x86)/gnu tools arm embedded/9 2019-q4-major/bin/../lib/gcc/arm-none-eabi/9.2.1/../../../../arm-none-eabi/lib/thumb/v7-m/nofp\libc.a(lib_a-init.o)
                              c:/program files (x86)/gnu tools arm embedded/9 2019-q4-major/bin/../lib/gcc/arm-none-eabi/9.2.1/../../../../arm-none-eabi/lib/thumb/v7-m/nofp/crt0.o (__libc_init_array)
c:/program files (x86)/gnu tools arm embedded/9 2019-q4-major/bin/../lib/gcc/arm-none-eabi/9.2.1/../../../../arm-none-eabi/lib/thumb/v7-m/nofp\libc.a(lib_a-malloc.o)
                              build/queue.o (malloc)
c:/program files (x86)/gnu tools arm embedded/9 2019-q4-major/bin/../lib/gcc/arm-none-eabi/9.2.1/../../../../arm-none-eabi/lib/thumb/v7-m/nofp\libc.a(lib_a-mallocr.o)
                              c:/program files (x86)/gnu tools arm embedded/9 2019-q4-major/bin/../lib/gcc/arm-none-eabi/9.2.1/../../../../arm-none-eabi/lib/thumb/v7-m/nofp\libc.a(lib_a-malloc.o) (_malloc_r)
c:/program files (x86)/gnu tools arm embedded/9 2019-q4-major/bin/../lib/gcc/arm-none-eabi/9.2.1/../../../../arm-none-eabi/lib/thumb/v7-m/nofp\libc.a(lib_a-memset.o)
                              c:/program files (x86)/gnu tools arm embedded/9 2019-q4-major/bin/../lib/gcc/arm-none-eabi/9.2.1/../../../../arm-none-eabi/lib/thumb/v7-m/nofp/crt0.o (memset)
c:/program files (x86)/gnu tools arm embedded/9 2019-q4-major/bin/../lib/gcc/arm-none-eabi/9.2.1/../../../../arm-none-eabi/lib/thumb/v7-m/nofp\libc.a(lib_a-mlock.o)
                              c:/program files (x86)/gnu tools arm embedded/9 2019-q4-major/bin/../lib/gcc/arm-none-eabi/9.2.1/../../../../arm-none-eabi/lib/thumb/v7-m/nofp\libc.a(lib_a-mallocr.o) (__malloc_lock)
c:/program files (x86)/gnu tools arm embedded/9 2019-q4-major/bin/../lib/gcc/arm-none-eabi/9.2.1/../../../../arm-none-eabi/lib/thumb/v7-m/nofp\libc.a(lib_a-sbrkr.o)
                              c:/program files (x86)/gnu tools arm embedded/9 2019-q4-major/bin/../lib/gcc/arm-none-eabi/9.2.1/../../../../arm-none-eabi/lib/thumb/v7-m/nofp\libc.a(lib_a-mallocr.o) (_sbrk_r)
c:/program files (x86)/gnu tools arm embedded/9 2019-q4-major/bin/../lib/gcc/arm-none-eabi/9.2.1/../../../../arm-none-eabi/lib/thumb/v7-m/nofp\libc.a(lib_a-__call_atexit.o)
                              c:/program files (x86)/gnu tools arm embedded/9 2019-q4-major/bin/../lib/gcc/arm-none-eabi/9.2.1/../../../../arm-none-eabi/lib/thumb/v7-m/nofp\libc.a(lib_a-exit.o) (__call_exitprocs)
c:/program files (x86)/gnu tools arm embedded/9 2019-q4-major/bin/../lib/gcc/arm-none-eabi/9.2.1/../../../../arm-none-eabi/lib/thumb/v7-m/nofp\libc.a(lib_a-atexit.o)
                              c:/program files (x86)/gnu tools arm embedded/9 2019-q4-major/bin/../lib/gcc/arm-none-eabi/9.2.1/../../../../arm-none-eabi/lib/thumb/v7-m/nofp\libc.a(lib_a-__call_atexit.o) (atexit)
c:/program files (x86)/gnu tools arm embedded/9 2019-q4-major/bin/../lib/gcc/arm-none-eabi/9.2.1/../../../../arm-none-eabi/lib/thumb/v7-m/nofp\libc.a(lib_a-fini.o)
                              c:/program files (x86)/gnu tools arm embedded/9 2019-q4-major/bin/../lib/gcc/arm-none-eabi/9.2.1/../../../../arm-none-eabi/lib/thumb/v7-m/nofp\libc.a(lib_a-__call_atexit.o) (__libc_fini_array)
c:/program files (x86)/gnu tools arm embedded/9 2019-q4-major/bin/../lib/gcc/arm-none-eabi/9.2.1/../../../../arm-none-eabi/lib/thumb/v7-m/nofp\libc.a(lib_a-freer.o)
                              c:/program files (x86)/gnu tools arm embedded/9 2019-q4-major/bin/../lib/gcc/arm-none-eabi/9.2.1/../../../../arm-none-eabi/lib/thumb/v7-m/nofp\libc.a(lib_a-malloc.o) (_free_r)
c:/program files (x86)/gnu tools arm embedded/9 2019-q4-major/bin/../lib/gcc/arm-none-eabi/9.2.1/../../../../arm-none-eabi/lib/thumb/v7-m/nofp\libc.a(lib_a-lock.o)
                              c:/program files (x86)/gnu tools arm embedded/9 2019-q4-major/bin/../lib/gcc/arm-none-eabi/9.2.1/../../../../arm-none-eabi/lib/thumb/v7-m/nofp\libc.a(lib_a-mlock.o) (__retarget_lock_acquire_recursive)
c:/program files (x86)/gnu tools arm embedded/9 2019-q4-major/bin/../lib/gcc/arm-none-eabi/9.2.1/../../../../arm-none-eabi/lib/thumb/v7-m/nofp\libc.a(lib_a-reent.o)
[...]
Memory Configuration

Name             Origin             Length             Attributes
RAM              0x20000000         0x00005000         xrw
FLASH            0x08000000         0x00010000         xr
*default*        0x00000000         0xffffffff

Linker script and memory map

LOAD c:/program files (x86)/gnu tools arm embedded/9 2019-q4-major/bin/../lib/gcc/arm-none-eabi/9.2.1/thumb/v7-m/nofp/crti.o
LOAD c:/program files (x86)/gnu tools arm embedded/9 2019-q4-major/bin/../lib/gcc/arm-none-eabi/9.2.1/thumb/v7-m/nofp/crtbegin.o
LOAD c:/program files (x86)/gnu tools arm embedded/9 2019-q4-major/bin/../lib/gcc/arm-none-eabi/9.2.1/../../../../arm-none-eabi/lib/thumb/v7-m/nofp/crt0.o
LOAD build/stm32f1xx_hal.o
LOAD build/stm32f1xx_hal_cortex.o
LOAD build/stm32f1xx_hal_dma.o
LOAD build/stm32f1xx_hal_exti.o
LOAD build/stm32f1xx_hal_flash.o
LOAD build/stm32f1xx_hal_flash_ex.o
LOAD build/stm32f1xx_hal_gpio.o
LOAD build/stm32f1xx_hal_gpio_ex.o
LOAD build/stm32f1xx_hal_i2c.o
LOAD build/stm32f1xx_hal_pwr.o
LOAD build/stm32f1xx_hal_rcc.o
LOAD build/stm32f1xx_hal_rcc_ex.o
LOAD build/stm32f1xx_hal_tim.o
LOAD build/stm32f1xx_hal_tim_ex.o
LOAD build/stm32f1xx_hal_uart.o
LOAD build/as5600.o
LOAD build/dwt_delay.o
LOAD build/main.o
LOAD build/packet_handler.o
LOAD build/port_handler.o
LOAD build/queue.o
LOAD build/stepper.o
LOAD build/stm32f1xx_hal_msp.o
LOAD build/stm32f1xx_it.o
LOAD build/system_stm32f1xx.o
LOAD build/startup_stm32f103xb.o
LOAD c:/program files (x86)/gnu tools arm embedded/9 2019-q4-major/bin/../lib/gcc/arm-none-eabi/9.2.1/../../../../arm-none-eabi/lib/thumb/v7-m/nofp\libc.a
LOAD c:/program files (x86)/gnu tools arm embedded/9 2019-q4-major/bin/../lib/gcc/arm-none-eabi/9.2.1/../../../../arm-none-eabi/lib/thumb/v7-m/nofp\libm.a
LOAD c:/program files (x86)/gnu tools arm embedded/9 2019-q4-major/bin/../lib/gcc/arm-none-eabi/9.2.1/../../../../arm-none-eabi/lib/thumb/v7-m/nofp\libnosys.a
START GROUP
LOAD c:/program files (x86)/gnu tools arm embedded/9 2019-q4-major/bin/../lib/gcc/arm-none-eabi/9.2.1/thumb/v7-m/nofp\libgcc.a
LOAD c:/program files (x86)/gnu tools arm embedded/9 2019-q4-major/bin/../lib/gcc/arm-none-eabi/9.2.1/../../../../arm-none-eabi/lib/thumb/v7-m/nofp\libc.a
END GROUP
START GROUP
LOAD c:/program files (x86)/gnu tools arm embedded/9 2019-q4-major/bin/../lib/gcc/arm-none-eabi/9.2.1/thumb/v7-m/nofp\libgcc.a
LOAD c:/program files (x86)/gnu tools arm embedded/9 2019-q4-major/bin/../lib/gcc/arm-none-eabi/9.2.1/../../../../arm-none-eabi/lib/thumb/v7-m/nofp\libc.a
LOAD c:/program files (x86)/gnu tools arm embedded/9 2019-q4-major/bin/../lib/gcc/arm-none-eabi/9.2.1/../../../../arm-none-eabi/lib/thumb/v7-m/nofp\libnosys.a
END GROUP
LOAD c:/program files (x86)/gnu tools arm embedded/9 2019-q4-major/bin/../lib/gcc/arm-none-eabi/9.2.1/thumb/v7-m/nofp/crtend.o
LOAD c:/program files (x86)/gnu tools arm embedded/9 2019-q4-major/bin/../lib/gcc/arm-none-eabi/9.2.1/thumb/v7-m/nofp/crtn.o
                0x20005000                _estack = 0x20005000
                0x00000200                _Min_Heap_Size = 0x200
                0x00000400                _Min_Stack_Size = 0x400

.isr_vector     0x08000000      0x10c
                0x08000000                . = ALIGN (0x4)
 *(.isr_vector)
 .isr_vector    0x08000000      0x10c build/startup_stm32f103xb.o
                0x08000000                g_pfnVectors
                0x0800010c                . = ALIGN (0x4)

.text           0x0800010c     0x2f14
                0x0800010c                . = ALIGN (0x4)
 *(.text)
 .text          0x0800010c       0x40 c:/program files (x86)/gnu tools arm embedded/9 2019-q4-major/bin/../lib/gcc/arm-none-eabi/9.2.1/thumb/v7-m/nofp/crtbegin.o
 *(.text*)
 .text.HAL_InitTick
                0x0800014c       0x4c build/stm32f1xx_hal.o
                0x0800014c                HAL_InitTick
 .text.HAL_Init
                0x08000198       0x24 build/stm32f1xx_hal.o
                0x08000198                HAL_Init
 .text.HAL_IncTick
                0x080001bc       0x18 build/stm32f1xx_hal.o
                0x080001bc                HAL_IncTick
 .text.HAL_GetTick
                0x080001d4        0xc build/stm32f1xx_hal.o
                0x080001d4                HAL_GetTick
 .text.HAL_Delay
                0x080001e0       0x28 build/stm32f1xx_hal.o
                0x080001e0                HAL_Delay
 .text.HAL_NVIC_SetPriorityGrouping
                0x08000208       0x24 build/stm32f1xx_hal_cortex.o
                0x08000208                HAL_NVIC_SetPriorityGrouping
 .text.HAL_NVIC_SetPriority
                0x0800022c       0x68 build/stm32f1xx_hal_cortex.o
                0x0800022c                HAL_NVIC_SetPriority
 .text.HAL_NVIC_EnableIRQ
                0x08000294       0x1c build/stm32f1xx_hal_cortex.o
                0x08000294                HAL_NVIC_EnableIRQ
 .text.HAL_SYSTICK_Config
                0x080002b0       0x2c build/stm32f1xx_hal_cortex.o
                0x080002b0                HAL_SYSTICK_Config
 .text.DMA_SetConfig
                0x080002dc       0x2c build/stm32f1xx_hal_dma.o
 .text.HAL_DMA_Init
                0x08000308       0x6c build/stm32f1xx_hal_dma.o
                0x08000308                HAL_DMA_Init
 .text.HAL_DMA_Start_IT
                0x08000374       0x74 build/stm32f1xx_hal_dma.o
                0x08000374                HAL_DMA_Start_IT
 .text.HAL_DMA_Abort_IT
                0x080003e8       0x98 build/stm32f1xx_hal_dma.o
                0x080003e8                HAL_DMA_Abort_IT
 .text.HAL_DMA_IRQHandler
                0x08000480      0x144 build/stm32f1xx_hal_dma.o
                0x08000480                HAL_DMA_IRQHandler
 .text.HAL_GPIO_Init
                0x080005c4      0x220 build/stm32f1xx_hal_gpio.o
                0x080005c4                HAL_GPIO_Init
 .text.HAL_GPIO_WritePin
                0x080007e4        0xc build/stm32f1xx_hal_gpio.o
                0x080007e4                HAL_GPIO_WritePin
 .text.I2C_IsAcknowledgeFailed
                0x080007f0       0x32 build/stm32f1xx_hal_i2c.o
 .text.I2C_WaitOnFlagUntilTimeout
                0x08000822       0x74 build/stm32f1xx_hal_i2c.o
 .text.I2C_WaitOnMasterAddressFlagUntilTimeout
                0x08000896       0xaa build/stm32f1xx_hal_i2c.o
 .text.I2C_WaitOnTXEFlagUntilTimeout
                0x08000940       0x54 build/stm32f1xx_hal_i2c.o
 .text.I2C_RequestMemoryRead
                0x08000994      0x130 build/stm32f1xx_hal_i2c.o
 .text.I2C_WaitOnRXNEFlagUntilTimeout
                0x08000ac4       0x6a build/stm32f1xx_hal_i2c.o
 *fill*         0x08000b2e        0x2 
 .text.HAL_I2C_Init
                0x08000b30      0x1a8 build/stm32f1xx_hal_i2c.o
                0x08000b30                HAL_I2C_Init
 .text.HAL_I2C_Mem_Read
                0x08000cd8      0x2fc build/stm32f1xx_hal_i2c.o
                0x08000cd8                HAL_I2C_Mem_Read
 .text.RCC_Delay
                0x08000fd4       0x2c build/stm32f1xx_hal_rcc.o
 .text.HAL_RCC_OscConfig
                0x08001000      0x410 build/stm32f1xx_hal_rcc.o
                0x08001000                HAL_RCC_OscConfig
 .text.HAL_RCC_GetSysClockFreq
                0x08001410       0x6c build/stm32f1xx_hal_rcc.o
                0x08001410                HAL_RCC_GetSysClockFreq
 .text.HAL_RCC_ClockConfig
                0x0800147c      0x16c build/stm32f1xx_hal_rcc.o
                0x0800147c                HAL_RCC_ClockConfig
 .text.HAL_RCC_GetHCLKFreq
                0x080015e8        0xc build/stm32f1xx_hal_rcc.o
                0x080015e8                HAL_RCC_GetHCLKFreq
 .text.HAL_RCC_GetPCLK1Freq
                0x080015f4       0x20 build/stm32f1xx_hal_rcc.o
                0x080015f4                HAL_RCC_GetPCLK1Freq
 .text.HAL_RCC_GetPCLK2Freq
                0x08001614       0x20 build/stm32f1xx_hal_rcc.o
                0x08001614                HAL_RCC_GetPCLK2Freq
 .text.UART_EndTxTransfer
                0x08001634       0x12 build/stm32f1xx_hal_uart.o
 .text.UART_EndRxTransfer
                0x08001646       0x1c build/stm32f1xx_hal_uart.o
 .text.UART_Transmit_IT
                0x08001662       0x66 build/stm32f1xx_hal_uart.o
 .text.UART_SetConfig
                0x080016c8       0xcc build/stm32f1xx_hal_uart.o
 .text.HAL_UART_Init
                0x08001794       0x5e build/stm32f1xx_hal_uart.o
                0x08001794                HAL_UART_Init
 *fill*         0x080017f2        0x2 
 .text.HAL_UART_Receive_DMA
                0x080017f4       0xa8 build/stm32f1xx_hal_uart.o
                0x080017f4                HAL_UART_Receive_DMA
 .text.HAL_UART_TxCpltCallback
                0x0800189c        0x2 build/stm32f1xx_hal_uart.o
                0x0800189c                HAL_UART_TxCpltCallback
 .text.UART_EndTransmit_IT
                0x0800189e       0x1a build/stm32f1xx_hal_uart.o
 .text.UART_DMAReceiveCplt
                0x080018b8       0x3e build/stm32f1xx_hal_uart.o
 .text.UART_Receive_IT
                0x080018f6       0x9e build/stm32f1xx_hal_uart.o
 .text.HAL_UART_RxHalfCpltCallback
                0x08001994        0x2 build/stm32f1xx_hal_uart.o
                0x08001994                HAL_UART_RxHalfCpltCallback
 .text.UART_DMARxHalfCplt
                0x08001996        0xa build/stm32f1xx_hal_uart.o
 .text.HAL_UART_ErrorCallback
                0x080019a0        0x2 build/stm32f1xx_hal_uart.o
                0x080019a0                HAL_UART_ErrorCallback
 .text.UART_DMAError
                0x080019a2       0x58 build/stm32f1xx_hal_uart.o
 *fill*         0x080019fa        0x2 
 .text.HAL_UART_IRQHandler
                0x080019fc      0x120 build/stm32f1xx_hal_uart.o
                0x080019fc                HAL_UART_IRQHandler
 .text.UART_DMAAbortOnError
                0x08001b1c       0x10 build/stm32f1xx_hal_uart.o
 .text.AS5600_ReadReg
                0x08001b2c       0x30 build/as5600.o
                0x08001b2c                AS5600_ReadReg
 .text.AS5600_GetRawAngle
                0x08001b5c       0x1c build/as5600.o
                0x08001b5c                AS5600_GetRawAngle
 .text.AS5600_SetZero
                0x08001b78       0x10 build/as5600.o
                0x08001b78                AS5600_SetZero
 .text.MX_GPIO_Init
                0x08001b88       0xa4 build/main.o
 .text.MX_DMA_Init
                0x08001c2c       0x34 build/main.o
 .text.MX_I2C2_Init
                0x08001c60       0x34 build/main.o
 .text.MX_USART1_UART_Init
                0x08001c94       0x34 build/main.o
 .text.SystemClock_Config
                0x08001cc8       0x44 build/main.o
                0x08001cc8                SystemClock_Config
 .text.main     0x08001d0c       0x58 build/main.o
                0x08001d0c                main
 .text.Error_Handler
                0x08001d64        0x2 build/main.o
                0x08001d64                Error_Handler
 *fill*         0x08001d66        0x2 
 .text.reg_write
                0x08001d68       0x34 build/packet_handler.o
                0x08001d68                reg_write
 .text.action   0x08001d9c       0x34 build/packet_handler.o
                0x08001d9c                action
 .text.factory_reset
                0x08001dd0       0x34 build/packet_handler.o
                0x08001dd0                factory_reset
 .text.reboot   0x08001e04       0x34 build/packet_handler.o
                0x08001e04                reboot
 .text.clear    0x08001e38       0x34 build/packet_handler.o
                0x08001e38                clear
 .text.status   0x08001e6c       0x34 build/packet_handler.o
                0x08001e6c                status
 .text.sync_read
                0x08001ea0       0x34 build/packet_handler.o
                0x08001ea0                sync_read
 .text.sync_write
                0x08001ed4       0x34 build/packet_handler.o
                0x08001ed4                sync_write
 .text.bulk_read
                0x08001f08       0x34 build/packet_handler.o
                0x08001f08                bulk_read
 .text.bulk_write
                0x08001f3c       0x34 build/packet_handler.o
                0x08001f3c                bulk_write
 .text.process_message
                0x08001f70       0xb4 build/packet_handler.o
                0x08001f70                process_message
 .text.process_queue
                0x08002024       0xc8 build/packet_handler.o
                0x08002024                process_queue
 .text.UART_DMA_Init
                0x080020ec       0x2c build/port_handler.o
                0x080020ec                UART_DMA_Init
 .text.rxBuffer_is_empty
                0x08002118       0x28 build/port_handler.o
                0x08002118                rxBuffer_is_empty
 .text.rxBuffer_Get
                0x08002140       0x3c build/port_handler.o
                0x08002140                rxBuffer_Get
 .text.UART_RxComplete
                0x0800217c       0x34 build/port_handler.o
                0x0800217c                UART_RxComplete
 .text.HAL_UART_RxCpltCallback
                0x080021b0        0x8 build/port_handler.o
                0x080021b0                HAL_UART_RxCpltCallback
 .text.initializeParameters
                0x080021b8       0x12 build/queue.o
                0x080021b8                initializeParameters
 .text.constructMessage
                0x080021ca       0x28 build/queue.o
                0x080021ca                constructMessage
 .text.isEmpty  0x080021f2       0x12 build/queue.o
                0x080021f2                isEmpty
 .text.nextRear
                0x08002204       0x16 build/queue.o
                0x08002204                nextRear
 .text.isFull   0x0800221a       0x18 build/queue.o
                0x0800221a                isFull
 .text.enQueue  0x08002232       0x36 build/queue.o
                0x08002232                enQueue
 .text.nextFront
                0x08002268       0x16 build/queue.o
                0x08002268                nextFront
 .text.deQueue  0x0800227e       0x36 build/queue.o
                0x0800227e                deQueue
 .text.DRV8825_setMode
                0x080022b4       0x30 build/stepper.o
                0x080022b4                DRV8825_setMode
 .text.DRV8825_enableStepper
                0x080022e4       0x14 build/stepper.o
                0x080022e4                DRV8825_enableStepper
 .text.DRV8825_initStepper
                0x080022f8       0x1c build/stepper.o
                0x080022f8                DRV8825_initStepper
 .text.HAL_MspInit
                0x08002314       0x44 build/stm32f1xx_hal_msp.o
                0x08002314                HAL_MspInit
 .text.HAL_I2C_MspInit
                0x08002358       0x64 build/stm32f1xx_hal_msp.o
                0x08002358                HAL_I2C_MspInit
 .text.HAL_UART_MspInit
                0x080023bc      0x108 build/stm32f1xx_hal_msp.o
                0x080023bc                HAL_UART_MspInit
 .text.NMI_Handler
                0x080024c4        0x2 build/stm32f1xx_it.o
                0x080024c4                NMI_Handler
 *fill*         0x080024c6        0x2 
 .text.HardFault_Handler
                0x080024c8       0x10 build/stm32f1xx_it.o
                0x080024c8                HardFault_Handler
 .text.MemManage_Handler
                0x080024d8        0x2 build/stm32f1xx_it.o
                0x080024d8                MemManage_Handler
 .text.BusFault_Handler
                0x080024da        0x2 build/stm32f1xx_it.o
                0x080024da                BusFault_Handler
 .text.UsageFault_Handler
                0x080024dc        0x2 build/stm32f1xx_it.o
                0x080024dc                UsageFault_Handler
 .text.SVC_Handler
                0x080024de        0x2 build/stm32f1xx_it.o
                0x080024de                SVC_Handler
 .text.DebugMon_Handler
                0x080024e0        0x2 build/stm32f1xx_it.o
                0x080024e0                DebugMon_Handler
 .text.PendSV_Handler
                0x080024e2        0x2 build/stm32f1xx_it.o
                0x080024e2                PendSV_Handler
 .text.SysTick_Handler
                0x080024e4        0x8 build/stm32f1xx_it.o
                0x080024e4                SysTick_Handler
 .text.DMA1_Channel5_IRQHandler
                0x080024ec       0x18 build/stm32f1xx_it.o
                0x080024ec                DMA1_Channel5_IRQHandler
 .text.USART1_IRQHandler
                0x08002504       0x34 build/stm32f1xx_it.o
                0x08002504                USART1_IRQHandler
 .text.SystemInit
                0x08002538       0x4c build/system_stm32f1xx.o
                0x08002538                SystemInit
 .text.Reset_Handler
                0x08002584       0x48 build/startup_stm32f103xb.o
                0x08002584                Reset_Handler
 .text.Default_Handler
                0x080025cc        0x2 build/startup_stm32f103xb.o
                0x080025cc                RTC_Alarm_IRQHandler
                0x080025cc                EXTI2_IRQHandler
                0x080025cc                TIM1_CC_IRQHandler
                0x080025cc                PVD_IRQHandler
                0x080025cc                EXTI3_IRQHandler
                0x080025cc                EXTI0_IRQHandler
                0x080025cc                I2C2_EV_IRQHandler
                0x080025cc                ADC1_2_IRQHandler
                0x080025cc                SPI1_IRQHandler
                0x080025cc                TAMPER_IRQHandler
                0x080025cc                DMA1_Channel4_IRQHandler
                0x080025cc                USART3_IRQHandler
                0x080025cc                RTC_IRQHandler
                0x080025cc                DMA1_Channel7_IRQHandler
                0x080025cc                CAN1_RX1_IRQHandler
                0x080025cc                TIM4_IRQHandler
                0x080025cc                I2C1_EV_IRQHandler
                0x080025cc                DMA1_Channel6_IRQHandler
                0x080025cc                TIM3_IRQHandler
                0x080025cc                RCC_IRQHandler
                0x080025cc                TIM1_TRG_COM_IRQHandler
                0x080025cc                DMA1_Channel1_IRQHandler
                0x080025cc                Default_Handler
                0x080025cc                EXTI15_10_IRQHandler
                0x080025cc                EXTI9_5_IRQHandler
                0x080025cc                SPI2_IRQHandler
                0x080025cc                EXTI4_IRQHandler
                0x080025cc                USB_LP_CAN1_RX0_IRQHandler
                0x080025cc                USB_HP_CAN1_TX_IRQHandler
                0x080025cc                DMA1_Channel3_IRQHandler
                0x080025cc                TIM1_UP_IRQHandler
                0x080025cc                WWDG_IRQHandler
                0x080025cc                TIM2_IRQHandler
                0x080025cc                TIM1_BRK_IRQHandler
                0x080025cc                EXTI1_IRQHandler
                0x080025cc                USART2_IRQHandler
                0x080025cc                I2C2_ER_IRQHandler
                0x080025cc                DMA1_Channel2_IRQHandler
                0x080025cc                CAN1_SCE_IRQHandler
                0x080025cc                FLASH_IRQHandler
                0x080025cc                I2C1_ER_IRQHandler
                0x080025cc                USBWakeUp_IRQHandler
 *fill*         0x080025ce        0x2 
 .text.__libc_init_array
                0x080025d0       0x48 c:/program files (x86)/gnu tools arm embedded/9 2019-q4-major/bin/../lib/gcc/arm-none-eabi/9.2.1/../../../../arm-none-eabi/lib/thumb/v7-m/nofp\libc.a(lib_a-init.o)
                0x080025d0                __libc_init_array
 .text.malloc   0x08002618       0x10 c:/program files (x86)/gnu tools arm embedded/9 2019-q4-major/bin/../lib/gcc/arm-none-eabi/9.2.1/../../../../arm-none-eabi/lib/thumb/v7-m/nofp\libc.a(lib_a-malloc.o)
                0x08002618                malloc
 .text._malloc_r
                0x08002628      0x55c c:/program files (x86)/gnu tools arm embedded/9 2019-q4-major/bin/../lib/gcc/arm-none-eabi/9.2.1/../../../../arm-none-eabi/lib/thumb/v7-m/nofp\libc.a(lib_a-mallocr.o)
                0x08002628                _malloc_r
 .text.memset   0x08002b84       0xa0 c:/program files (x86)/gnu tools arm embedded/9 2019-q4-major/bin/../lib/gcc/arm-none-eabi/9.2.1/../../../../arm-none-eabi/lib/thumb/v7-m/nofp\libc.a(lib_a-memset.o)
                0x08002b84                memset
 .text.__malloc_lock
                0x08002c24        0xc c:/program files (x86)/gnu tools arm embedded/9 2019-q4-major/bin/../lib/gcc/arm-none-eabi/9.2.1/../../../../arm-none-eabi/lib/thumb/v7-m/nofp\libc.a(lib_a-mlock.o)
                0x08002c24                __malloc_lock
 .text.__malloc_unlock
                0x08002c30        0xc c:/program files (x86)/gnu tools arm embedded/9 2019-q4-major/bin/../lib/gcc/arm-none-eabi/9.2.1/../../../../arm-none-eabi/lib/thumb/v7-m/nofp\libc.a(lib_a-mlock.o)
                0x08002c30                __malloc_unlock
 .text._sbrk_r  0x08002c3c       0x24 c:/program files (x86)/gnu tools arm embedded/9 2019-q4-major/bin/../lib/gcc/arm-none-eabi/9.2.1/../../../../arm-none-eabi/lib/thumb/v7-m/nofp\libc.a(lib_a-sbrkr.o)
                0x08002c3c                _sbrk_r
 .text.startup.register_fini
                0x08002c60       0x14 c:/program files (x86)/gnu tools arm embedded/9 2019-q4-major/bin/../lib/gcc/arm-none-eabi/9.2.1/../../../../arm-none-eabi/lib/thumb/v7-m/nofp\libc.a(lib_a-__call_atexit.o)
 .text.atexit   0x08002c74        0xc c:/program files (x86)/gnu tools arm embedded/9 2019-q4-major/bin/../lib/gcc/arm-none-eabi/9.2.1/../../../../arm-none-eabi/lib/thumb/v7-m/nofp\libc.a(lib_a-atexit.o)
                0x08002c74                atexit
 .text.__libc_fini_array
                0x08002c80       0x2c c:/program files (x86)/gnu tools arm embedded/9 2019-q4-major/bin/../lib/gcc/arm-none-eabi/9.2.1/../../../../arm-none-eabi/lib/thumb/v7-m/nofp\libc.a(lib_a-fini.o)
                0x08002c80                __libc_fini_array
 .text._malloc_trim_r
                0x08002cac       0xa0 c:/program files (x86)/gnu tools arm embedded/9 2019-q4-major/bin/../lib/gcc/arm-none-eabi/9.2.1/../../../../arm-none-eabi/lib/thumb/v7-m/nofp\libc.a(lib_a-freer.o)
                0x08002cac                _malloc_trim_r
 .text._free_r  0x08002d4c      0x20c c:/program files (x86)/gnu tools arm embedded/9 2019-q4-major/bin/../lib/gcc/arm-none-eabi/9.2.1/../../../../arm-none-eabi/lib/thumb/v7-m/nofp\libc.a(lib_a-freer.o)
                0x08002d4c                _free_r
 .text.__retarget_lock_acquire_recursive
                0x08002f58        0x4 c:/program files (x86)/gnu tools arm embedded/9 2019-q4-major/bin/../lib/gcc/arm-none-eabi/9.2.1/../../../../arm-none-eabi/lib/thumb/v7-m/nofp\libc.a(lib_a-lock.o)
                0x08002f58                __retarget_lock_acquire_recursive
 .text.__retarget_lock_release_recursive
                0x08002f5c        0x4 c:/program files (x86)/gnu tools arm embedded/9 2019-q4-major/bin/../lib/gcc/arm-none-eabi/9.2.1/../../../../arm-none-eabi/lib/thumb/v7-m/nofp\libc.a(lib_a-lock.o)
                0x08002f5c                __retarget_lock_release_recursive
 .text.__register_exitproc
                0x08002f60       0x8c c:/program files (x86)/gnu tools arm embedded/9 2019-q4-major/bin/../lib/gcc/arm-none-eabi/9.2.1/../../../../arm-none-eabi/lib/thumb/v7-m/nofp\libc.a(lib_a-__atexit.o)
                0x08002f60                __register_exitproc
 .text._sbrk    0x08002fec       0x1c c:/program files (x86)/gnu tools arm embedded/9 2019-q4-major/bin/../lib/gcc/arm-none-eabi/9.2.1/../../../../arm-none-eabi/lib/thumb/v7-m/nofp\libnosys.a(sbrk.o)
                0x08002fec                _sbrk
 *(.glue_7)
 .glue_7        0x08003008        0x0 linker stubs
 *(.glue_7t)
 .glue_7t       0x08003008        0x0 linker stubs
 *(.eh_frame)
 .eh_frame      0x08003008        0x0 c:/program files (x86)/gnu tools arm embedded/9 2019-q4-major/bin/../lib/gcc/arm-none-eabi/9.2.1/thumb/v7-m/nofp/crtbegin.o
 *(.init)
 .init          0x08003008        0x4 c:/program files (x86)/gnu tools arm embedded/9 2019-q4-major/bin/../lib/gcc/arm-none-eabi/9.2.1/thumb/v7-m/nofp/crti.o
                0x08003008                _init
 .init          0x0800300c        0x8 c:/program files (x86)/gnu tools arm embedded/9 2019-q4-major/bin/../lib/gcc/arm-none-eabi/9.2.1/thumb/v7-m/nofp/crtn.o
 *(.fini)
 .fini          0x08003014        0x4 c:/program files (x86)/gnu tools arm embedded/9 2019-q4-major/bin/../lib/gcc/arm-none-eabi/9.2.1/thumb/v7-m/nofp/crti.o
                0x08003014                _fini
 .fini          0x08003018        0x8 c:/program files (x86)/gnu tools arm embedded/9 2019-q4-major/bin/../lib/gcc/arm-none-eabi/9.2.1/thumb/v7-m/nofp/crtn.o
                0x08003020                . = ALIGN (0x4)
                0x08003020                _etext = .

.vfp11_veneer   0x08003020        0x0
 .vfp11_veneer  0x08003020        0x0 linker stubs

.v4_bx          0x08003020        0x0
 .v4_bx         0x08003020        0x0 linker stubs

.iplt           0x08003020        0x0
 .iplt          0x08003020        0x0 c:/program files (x86)/gnu tools arm embedded/9 2019-q4-major/bin/../lib/gcc/arm-none-eabi/9.2.1/thumb/v7-m/nofp/crtbegin.o

.rodata         0x08003020       0x30
                0x08003020                . = ALIGN (0x4)
 *(.rodata)
 *(.rodata*)
 .rodata.HAL_RCC_GetSysClockFreq.str1.4
                0x08003020       0x11 build/stm32f1xx_hal_rcc.o
 *fill*         0x08003031        0x3 
 .rodata.AHBPrescTable
                0x08003034       0x10 build/system_stm32f1xx.o
                0x08003034                AHBPrescTable
 .rodata.APBPrescTable
                0x08003044        0x8 build/system_stm32f1xx.o
                0x08003044                APBPrescTable
 .rodata._global_impure_ptr
                0x0800304c        0x4 c:/program files (x86)/gnu tools arm embedded/9 2019-q4-major/bin/../lib/gcc/arm-none-eabi/9.2.1/../../../../arm-none-eabi/lib/thumb/v7-m/nofp\libc.a(lib_a-impure.o)
                0x0800304c                _global_impure_ptr
                0x08003050                . = ALIGN (0x4)

.rel.dyn        0x08003050        0x0
 .rel.iplt      0x08003050        0x0 c:/program files (x86)/gnu tools arm embedded/9 2019-q4-major/bin/../lib/gcc/arm-none-eabi/9.2.1/thumb/v7-m/nofp/crtbegin.o

.ARM.extab
 *(.ARM.extab* .gnu.linkonce.armextab.*)

.ARM            0x08003050        0x0
                0x08003050                __exidx_start = .
 *(.ARM.exidx*)
                0x08003050                __exidx_end = .

.preinit_array  0x08003050        0x0
                0x08003050                PROVIDE (__preinit_array_start = .)
 *(.preinit_array*)
                0x08003050                PROVIDE (__preinit_array_end = .)

.init_array     0x08003050        0x8
                0x08003050                PROVIDE (__init_array_start = .)
 *(SORT_BY_NAME(.init_array.*))
 .init_array.00000
                0x08003050        0x4 c:/program files (x86)/gnu tools arm embedded/9 2019-q4-major/bin/../lib/gcc/arm-none-eabi/9.2.1/../../../../arm-none-eabi/lib/thumb/v7-m/nofp\libc.a(lib_a-__call_atexit.o)
 *(.init_array*)
 .init_array    0x08003054        0x4 c:/program files (x86)/gnu tools arm embedded/9 2019-q4-major/bin/../lib/gcc/arm-none-eabi/9.2.1/thumb/v7-m/nofp/crtbegin.o
                0x08003058                PROVIDE (__init_array_end = .)

.fini_array     0x08003058        0x4
                0x08003058                PROVIDE (__fini_array_start = .)
 *(SORT_BY_NAME(.fini_array.*))
 *(.fini_array*)
 .fini_array    0x08003058        0x4 c:/program files (x86)/gnu tools arm embedded/9 2019-q4-major/bin/../lib/gcc/arm-none-eabi/9.2.1/thumb/v7-m/nofp/crtbegin.o
                0x0800305c                PROVIDE (__fini_array_end = .)
                0x0800305c                _sidata = LOADADDR (.data)

.data           0x20000000      0x84c load address 0x0800305c
                0x20000000                . = ALIGN (0x4)
                0x20000000                _sdata = .
 *(.data)
 *(.data*)
 .data.uwTickFreq
                0x20000000        0x1 build/stm32f1xx_hal.o
                0x20000000                uwTickFreq
 *fill*         0x20000001        0x3 
 .data.uwTickPrio
                0x20000004        0x4 build/stm32f1xx_hal.o
                0x20000004                uwTickPrio
 .data.SystemCoreClock
                0x20000008        0x4 build/system_stm32f1xx.o
                0x20000008                SystemCoreClock
 .data._impure_ptr
                0x2000000c        0x4 c:/program files (x86)/gnu tools arm embedded/9 2019-q4-major/bin/../lib/gcc/arm-none-eabi/9.2.1/../../../../arm-none-eabi/lib/thumb/v7-m/nofp\libc.a(lib_a-impure.o)
                0x2000000c                _impure_ptr
 .data.impure_data
                0x20000010      0x428 c:/program files (x86)/gnu tools arm embedded/9 2019-q4-major/bin/../lib/gcc/arm-none-eabi/9.2.1/../../../../arm-none-eabi/lib/thumb/v7-m/nofp\libc.a(lib_a-impure.o)
 .data.__malloc_av_
                0x20000438      0x408 c:/program files (x86)/gnu tools arm embedded/9 2019-q4-major/bin/../lib/gcc/arm-none-eabi/9.2.1/../../../../arm-none-eabi/lib/thumb/v7-m/nofp\libc.a(lib_a-mallocr.o)
                0x20000438                __malloc_av_
 .data.__malloc_sbrk_base
                0x20000840        0x4 c:/program files (x86)/gnu tools arm embedded/9 2019-q4-major/bin/../lib/gcc/arm-none-eabi/9.2.1/../../../../arm-none-eabi/lib/thumb/v7-m/nofp\libc.a(lib_a-mallocr.o)
                0x20000840                __malloc_sbrk_base
 .data.__malloc_trim_threshold
                0x20000844        0x4 c:/program files (x86)/gnu tools arm embedded/9 2019-q4-major/bin/../lib/gcc/arm-none-eabi/9.2.1/../../../../arm-none-eabi/lib/thumb/v7-m/nofp\libc.a(lib_a-mallocr.o)
                0x20000844                __malloc_trim_threshold
 .data.__atexit_recursive_mutex
                0x20000848        0x4 c:/program files (x86)/gnu tools arm embedded/9 2019-q4-major/bin/../lib/gcc/arm-none-eabi/9.2.1/../../../../arm-none-eabi/lib/thumb/v7-m/nofp\libc.a(lib_a-__call_atexit.o)
                0x20000848                __atexit_recursive_mutex
                0x2000084c                . = ALIGN (0x4)
                0x2000084c                _edata = .

.igot.plt       0x2000084c        0x0 load address 0x080038a8
 .igot.plt      0x2000084c        0x0 c:/program files (x86)/gnu tools arm embedded/9 2019-q4-major/bin/../lib/gcc/arm-none-eabi/9.2.1/thumb/v7-m/nofp/crtbegin.o
                0x2000084c                . = ALIGN (0x4)

.bss            0x2000084c      0x24c load address 0x080038a8
                0x2000084c                _sbss = .
                0x2000084c                __bss_start__ = _sbss
 *(.bss)
 .bss           0x2000084c       0x1c c:/program files (x86)/gnu tools arm embedded/9 2019-q4-major/bin/../lib/gcc/arm-none-eabi/9.2.1/thumb/v7-m/nofp/crtbegin.o
 *(.bss*)
 .bss.__malloc_current_mallinfo
                0x20000868       0x28 c:/program files (x86)/gnu tools arm embedded/9 2019-q4-major/bin/../lib/gcc/arm-none-eabi/9.2.1/../../../../arm-none-eabi/lib/thumb/v7-m/nofp\libc.a(lib_a-mallocr.o)
                0x20000868                __malloc_current_mallinfo
 .bss.__malloc_max_sbrked_mem
                0x20000890        0x4 c:/program files (x86)/gnu tools arm embedded/9 2019-q4-major/bin/../lib/gcc/arm-none-eabi/9.2.1/../../../../arm-none-eabi/lib/thumb/v7-m/nofp\libc.a(lib_a-mallocr.o)
                0x20000890                __malloc_max_sbrked_mem
 .bss.__malloc_max_total_mem
                0x20000894        0x4 c:/program files (x86)/gnu tools arm embedded/9 2019-q4-major/bin/../lib/gcc/arm-none-eabi/9.2.1/../../../../arm-none-eabi/lib/thumb/v7-m/nofp\libc.a(lib_a-mallocr.o)
                0x20000894                __malloc_max_total_mem
 .bss.__malloc_top_pad
                0x20000898        0x4 c:/program files (x86)/gnu tools arm embedded/9 2019-q4-major/bin/../lib/gcc/arm-none-eabi/9.2.1/../../../../arm-none-eabi/lib/thumb/v7-m/nofp\libc.a(lib_a-mallocr.o)
                0x20000898                __malloc_top_pad
 .bss.heap_end.4144
                0x2000089c        0x4 c:/program files (x86)/gnu tools arm embedded/9 2019-q4-major/bin/../lib/gcc/arm-none-eabi/9.2.1/../../../../arm-none-eabi/lib/thumb/v7-m/nofp\libnosys.a(sbrk.o)
 *(COMMON)
 COMMON         0x200008a0        0x4 build/stm32f1xx_hal.o
                0x200008a0                uwTick
 COMMON         0x200008a4        0x2 build/as5600.o
                0x200008a4                enc
 *fill*         0x200008a6        0x2 
 COMMON         0x200008a8      0x1a8 build/main.o
                0x200008a8                PARAM
                0x200008ac                rd_ptr
                0x200008b0                hi2c2
                0x20000904                message
                0x20000908                hdma_usart1_tx
                0x2000094c                hdma_usart1_rx
                0x20000990                huart1
                0x200009d0                rxBuffer
                0x20000a10                txBuffer
 COMMON         0x20000a50       0x17 build/packet_handler.o
                0x20000a50                param
                0x20000a64                crc
                0x20000a66                instruction
 *fill*         0x20000a67        0x1 
 COMMON         0x20000a68        0x8 build/stepper.o
                0x20000a68                m
 COMMON         0x20000a70       0x21 c:/program files (x86)/gnu tools arm embedded/9 2019-q4-major/bin/../lib/gcc/arm-none-eabi/9.2.1/../../../../arm-none-eabi/lib/thumb/v7-m/nofp\libc.a(lib_a-lock.o)
                0x20000a70                __lock___atexit_recursive_mutex
                0x20000a74                __lock___arc4random_mutex
                0x20000a78                __lock___env_recursive_mutex
                0x20000a7c                __lock___sinit_recursive_mutex
                0x20000a80                __lock___malloc_recursive_mutex
                0x20000a84                __lock___at_quick_exit_mutex
                0x20000a88                __lock___dd_hash_mutex
                0x20000a8c                __lock___tz_mutex
                0x20000a90                __lock___sfp_recursive_mutex
 *fill*         0x20000a91        0x3 
 COMMON         0x20000a94        0x4 c:/program files (x86)/gnu tools arm embedded/9 2019-q4-major/bin/../lib/gcc/arm-none-eabi/9.2.1/../../../../arm-none-eabi/lib/thumb/v7-m/nofp\libc.a(lib_a-reent.o)
                0x20000a94                errno
                0x20000a98                . = ALIGN (0x4)
                0x20000a98                _ebss = .
                0x20000a98                __bss_end__ = _ebss

._user_heap_stack
                0x20000a98      0x600 load address 0x080038a8
                0x20000a98                . = ALIGN (0x8)
                0x20000a98                PROVIDE (end = .)
                [!provide]                PROVIDE (_end = .)
                0x20000c98                . = (. + _Min_Heap_Size)
 *fill*         0x20000a98      0x200 
                0x20001098                . = (. + _Min_Stack_Size)
 *fill*         0x20000c98      0x400 
                0x20001098                . = ALIGN (0x8)

/DISCARD/
 libc.a(*)
 libm.a(*)
 libgcc.a(*)

.ARM.attributes
                0x00000000       0x29
 *(.ARM.attributes)
 .ARM.attributes
                0x00000000       0x1d c:/program files (x86)/gnu tools arm embedded/9 2019-q4-major/bin/../lib/gcc/arm-none-eabi/9.2.1/thumb/v7-m/nofp/crti.o
 .ARM.attributes
                0x0000001d       0x2d c:/program files (x86)/gnu tools arm embedded/9 2019-q4-major/bin/../lib/gcc/arm-none-eabi/9.2.1/thumb/v7-m/nofp/crtbegin.o
 .ARM.attributes
                0x0000004a       0x2d build/stm32f1xx_hal.o
 .ARM.attributes
                0x00000077       0x2d build/stm32f1xx_hal_cortex.o
 .ARM.attributes
                0x000000a4       0x2d build/stm32f1xx_hal_dma.o
 .ARM.attributes
                0x000000d1       0x2d build/stm32f1xx_hal_gpio.o
 .ARM.attributes
                0x000000fe       0x2d build/stm32f1xx_hal_i2c.o
 .ARM.attributes
                0x0000012b       0x2d build/stm32f1xx_hal_rcc.o
 .ARM.attributes
                0x00000158       0x2d build/stm32f1xx_hal_uart.o
 .ARM.attributes
                0x00000185       0x2d build/as5600.o
 .ARM.attributes
                0x000001b2       0x2d build/main.o
 .ARM.attributes
                0x000001df       0x2d build/packet_handler.o
 .ARM.attributes
                0x0000020c       0x2d build/port_handler.o
 .ARM.attributes
                0x00000239       0x2d build/queue.o
 .ARM.attributes
                0x00000266       0x2d build/stepper.o
 .ARM.attributes
                0x00000293       0x2d build/stm32f1xx_hal_msp.o
 .ARM.attributes
                0x000002c0       0x2d build/stm32f1xx_it.o
 .ARM.attributes
                0x000002ed       0x2d build/system_stm32f1xx.o
 .ARM.attributes
                0x0000031a       0x21 build/startup_stm32f103xb.o
 .ARM.attributes
                0x0000033b       0x2d c:/program files (x86)/gnu tools arm embedded/9 2019-q4-major/bin/../lib/gcc/arm-none-eabi/9.2.1/../../../../arm-none-eabi/lib/thumb/v7-m/nofp\libc.a(lib_a-impure.o)
 .ARM.attributes
                0x00000368       0x2d c:/program files (x86)/gnu tools arm embedded/9 2019-q4-major/bin/../lib/gcc/arm-none-eabi/9.2.1/../../../../arm-none-eabi/lib/thumb/v7-m/nofp\libc.a(lib_a-init.o)
 .ARM.attributes
                0x00000395       0x2d c:/program files (x86)/gnu tools arm embedded/9 2019-q4-major/bin/../lib/gcc/arm-none-eabi/9.2.1/../../../../arm-none-eabi/lib/thumb/v7-m/nofp\libc.a(lib_a-malloc.o)
 .ARM.attributes
                0x000003c2       0x2d c:/program files (x86)/gnu tools arm embedded/9 2019-q4-major/bin/../lib/gcc/arm-none-eabi/9.2.1/../../../../arm-none-eabi/lib/thumb/v7-m/nofp\libc.a(lib_a-mallocr.o)
 .ARM.attributes
                0x000003ef       0x2d c:/program files (x86)/gnu tools arm embedded/9 2019-q4-major/bin/../lib/gcc/arm-none-eabi/9.2.1/../../../../arm-none-eabi/lib/thumb/v7-m/nofp\libc.a(lib_a-memset.o)
 .ARM.attributes
                0x0000041c       0x2d c:/program files (x86)/gnu tools arm embedded/9 2019-q4-major/bin/../lib/gcc/arm-none-eabi/9.2.1/../../../../arm-none-eabi/lib/thumb/v7-m/nofp\libc.a(lib_a-mlock.o)
 .ARM.attributes
                0x00000449       0x2d c:/program files (x86)/gnu tools arm embedded/9 2019-q4-major/bin/../lib/gcc/arm-none-eabi/9.2.1/../../../../arm-none-eabi/lib/thumb/v7-m/nofp\libc.a(lib_a-sbrkr.o)
 .ARM.attributes
                0x00000476       0x2d c:/program files (x86)/gnu tools arm embedded/9 2019-q4-major/bin/../lib/gcc/arm-none-eabi/9.2.1/../../../../arm-none-eabi/lib/thumb/v7-m/nofp\libc.a(lib_a-__call_atexit.o)
 .ARM.attributes
                0x000004a3       0x2d c:/program files (x86)/gnu tools arm embedded/9 2019-q4-major/bin/../lib/gcc/arm-none-eabi/9.2.1/../../../../arm-none-eabi/lib/thumb/v7-m/nofp\libc.a(lib_a-atexit.o)
 .ARM.attributes
                0x000004d0       0x2d c:/program files (x86)/gnu tools arm embedded/9 2019-q4-major/bin/../lib/gcc/arm-none-eabi/9.2.1/../../../../arm-none-eabi/lib/thumb/v7-m/nofp\libc.a(lib_a-fini.o)
 .ARM.attributes
                0x000004fd       0x2d c:/program files (x86)/gnu tools arm embedded/9 2019-q4-major/bin/../lib/gcc/arm-none-eabi/9.2.1/../../../../arm-none-eabi/lib/thumb/v7-m/nofp\libc.a(lib_a-freer.o)
 .ARM.attributes
                0x0000052a       0x2d c:/program files (x86)/gnu tools arm embedded/9 2019-q4-major/bin/../lib/gcc/arm-none-eabi/9.2.1/../../../../arm-none-eabi/lib/thumb/v7-m/nofp\libc.a(lib_a-lock.o)
 .ARM.attributes
                0x00000557       0x2d c:/program files (x86)/gnu tools arm embedded/9 2019-q4-major/bin/../lib/gcc/arm-none-eabi/9.2.1/../../../../arm-none-eabi/lib/thumb/v7-m/nofp\libc.a(lib_a-reent.o)
 .ARM.attributes
                0x00000584       0x2d c:/program files (x86)/gnu tools arm embedded/9 2019-q4-major/bin/../lib/gcc/arm-none-eabi/9.2.1/../../../../arm-none-eabi/lib/thumb/v7-m/nofp\libc.a(lib_a-__atexit.o)
 .ARM.attributes
                0x000005b1       0x2d c:/program files (x86)/gnu tools arm embedded/9 2019-q4-major/bin/../lib/gcc/arm-none-eabi/9.2.1/../../../../arm-none-eabi/lib/thumb/v7-m/nofp\libnosys.a(sbrk.o)
 .ARM.attributes
                0x000005de       0x1d c:/program files (x86)/gnu tools arm embedded/9 2019-q4-major/bin/../lib/gcc/arm-none-eabi/9.2.1/thumb/v7-m/nofp/crtn.o
OUTPUT(build/BlackWidow.elf elf32-littlearm)

.debug_info     0x00000000    0x12916
 .debug_info    0x00000000      0x8c6 build/stm32f1xx_hal.o
 .debug_info    0x000008c6      0xee9 build/stm32f1xx_hal_cortex.o
 .debug_info    0x000017af      0x9a7 build/stm32f1xx_hal_dma.o
 .debug_info    0x00002156      0x7a8 build/stm32f1xx_hal_gpio.o
 .debug_info    0x000028fe     0x3bbc build/stm32f1xx_hal_i2c.o
 .debug_info    0x000064ba      0xb59 build/stm32f1xx_hal_rcc.o
 .debug_info    0x00007013     0x1a9a build/stm32f1xx_hal_uart.o
 .debug_info    0x00008aad      0xaf5 build/as5600.o
 .debug_info    0x000095a2     0x1d78 build/main.o
 .debug_info    0x0000b31a     0x1564 build/packet_handler.o
 .debug_info    0x0000c87e     0x1292 build/port_handler.o
 .debug_info    0x0000db10      0xdeb build/queue.o
 .debug_info    0x0000e8fb      0xeee build/stepper.o
 .debug_info    0x0000f7e9     0x19e6 build/stm32f1xx_hal_msp.o
 .debug_info    0x000111cf     0x1256 build/stm32f1xx_it.o
 .debug_info    0x00012425      0x4cf build/system_stm32f1xx.o
 .debug_info    0x000128f4       0x22 build/startup_stm32f103xb.o

.debug_abbrev   0x00000000     0x2b0d
 .debug_abbrev  0x00000000      0x22f build/stm32f1xx_hal.o
 .debug_abbrev  0x0000022f      0x37f build/stm32f1xx_hal_cortex.o
 .debug_abbrev  0x000005ae      0x283 build/stm32f1xx_hal_dma.o
 .debug_abbrev  0x00000831      0x24f build/stm32f1xx_hal_gpio.o
 .debug_abbrev  0x00000a80      0x332 build/stm32f1xx_hal_i2c.o
 .debug_abbrev  0x00000db2      0x2ad build/stm32f1xx_hal_rcc.o
 .debug_abbrev  0x0000105f      0x2ea build/stm32f1xx_hal_uart.o
 .debug_abbrev  0x00001349      0x25f build/as5600.o
 .debug_abbrev  0x000015a8      0x372 build/main.o
 .debug_abbrev  0x0000191a      0x306 build/packet_handler.o
 .debug_abbrev  0x00001c20      0x2f4 build/port_handler.o
 .debug_abbrev  0x00001f14      0x2aa build/queue.o
 .debug_abbrev  0x000021be      0x2bb build/stepper.o
 .debug_abbrev  0x00002479      0x2a3 build/stm32f1xx_hal_msp.o
 .debug_abbrev  0x0000271c      0x28c build/stm32f1xx_it.o
 .debug_abbrev  0x000029a8      0x153 build/system_stm32f1xx.o
 .debug_abbrev  0x00002afb       0x12 build/startup_stm32f103xb.o

.debug_loc      0x00000000     0x9887
 .debug_loc     0x00000000      0x1bb build/stm32f1xx_hal.o
 .debug_loc     0x000001bb      0x7af build/stm32f1xx_hal_cortex.o
 .debug_loc     0x0000096a      0x901 build/stm32f1xx_hal_dma.o
 .debug_loc     0x0000126b      0x50e build/stm32f1xx_hal_gpio.o
 .debug_loc     0x00001779     0x492c build/stm32f1xx_hal_i2c.o
 .debug_loc     0x000060a5      0x7c0 build/stm32f1xx_hal_rcc.o
 .debug_loc     0x00006865     0x1d1b build/stm32f1xx_hal_uart.o
 .debug_loc     0x00008580      0x301 build/as5600.o
 .debug_loc     0x00008881      0x163 build/main.o
 .debug_loc     0x000089e4      0x5d9 build/packet_handler.o
 .debug_loc     0x00008fbd      0x139 build/port_handler.o
 .debug_loc     0x000090f6      0x289 build/queue.o
 .debug_loc     0x0000937f      0x124 build/stepper.o
 .debug_loc     0x000094a3      0x241 build/stm32f1xx_hal_msp.o
 .debug_loc     0x000096e4       0xa4 build/stm32f1xx_it.o
 .debug_loc     0x00009788       0xff build/system_stm32f1xx.o

.debug_aranges  0x00000000      0xa90
 .debug_aranges
                0x00000000       0xe0 build/stm32f1xx_hal.o
 .debug_aranges
                0x000000e0       0x90 build/stm32f1xx_hal_cortex.o
 .debug_aranges
                0x00000170       0x80 build/stm32f1xx_hal_dma.o
 .debug_aranges
                0x000001f0       0x58 build/stm32f1xx_hal_gpio.o
 .debug_aranges
                0x00000248      0x290 build/stm32f1xx_hal_i2c.o
 .debug_aranges
                0x000004d8       0x90 build/stm32f1xx_hal_rcc.o
 .debug_aranges
                0x00000568      0x1d0 build/stm32f1xx_hal_uart.o
 .debug_aranges
                0x00000738       0x68 build/as5600.o
 .debug_aranges
                0x000007a0       0x58 build/main.o
 .debug_aranges
                0x000007f8       0x90 build/packet_handler.o
 .debug_aranges
                0x00000888       0x48 build/port_handler.o
 .debug_aranges
                0x000008d0       0x60 build/queue.o
 .debug_aranges
                0x00000930       0x60 build/stepper.o
 .debug_aranges
                0x00000990       0x40 build/stm32f1xx_hal_msp.o
 .debug_aranges
                0x000009d0       0x70 build/stm32f1xx_it.o
 .debug_aranges
                0x00000a40       0x28 build/system_stm32f1xx.o
 .debug_aranges
                0x00000a68       0x28 build/startup_stm32f103xb.o

.debug_ranges   0x00000000      0xa50
 .debug_ranges  0x00000000       0xd0 build/stm32f1xx_hal.o
 .debug_ranges  0x000000d0       0xe0 build/stm32f1xx_hal_cortex.o
 .debug_ranges  0x000001b0       0x70 build/stm32f1xx_hal_dma.o
 .debug_ranges  0x00000220       0x48 build/stm32f1xx_hal_gpio.o
 .debug_ranges  0x00000268      0x298 build/stm32f1xx_hal_i2c.o
 .debug_ranges  0x00000500       0xa0 build/stm32f1xx_hal_rcc.o
 .debug_ranges  0x000005a0      0x1c0 build/stm32f1xx_hal_uart.o
 .debug_ranges  0x00000760       0x58 build/as5600.o
 .debug_ranges  0x000007b8       0x48 build/main.o
 .debug_ranges  0x00000800       0x98 build/packet_handler.o
 .debug_ranges  0x00000898       0x38 build/port_handler.o
 .debug_ranges  0x000008d0       0x68 build/queue.o
 .debug_ranges  0x00000938       0x50 build/stepper.o
 .debug_ranges  0x00000988       0x30 build/stm32f1xx_hal_msp.o
 .debug_ranges  0x000009b8       0x60 build/stm32f1xx_it.o
 .debug_ranges  0x00000a18       0x18 build/system_stm32f1xx.o
 .debug_ranges  0x00000a30       0x20 build/startup_stm32f103xb.o

.debug_line     0x00000000     0xbf53
 .debug_line    0x00000000      0x524 build/stm32f1xx_hal.o
 .debug_line    0x00000524      0x67e build/stm32f1xx_hal_cortex.o
 .debug_line    0x00000ba2      0xa9d build/stm32f1xx_hal_dma.o
 .debug_line    0x0000163f      0x62b build/stm32f1xx_hal_gpio.o
 .debug_line    0x00001c6a     0x4f58 build/stm32f1xx_hal_i2c.o
 .debug_line    0x00006bc2      0xc45 build/stm32f1xx_hal_rcc.o
 .debug_line    0x00007807     0x1be7 build/stm32f1xx_hal_uart.o
 .debug_line    0x000093ee      0x397 build/as5600.o
 .debug_line    0x00009785      0x5f9 build/main.o
 .debug_line    0x00009d7e      0x866 build/packet_handler.o
 .debug_line    0x0000a5e4      0x419 build/port_handler.o
 .debug_line    0x0000a9fd      0x40d build/queue.o
 .debug_line    0x0000ae0a      0x453 build/stepper.o
 .debug_line    0x0000b25d      0x568 build/stm32f1xx_hal_msp.o
 .debug_line    0x0000b7c5      0x44e build/stm32f1xx_it.o
 .debug_line    0x0000bc13      0x2ce build/system_stm32f1xx.o
 .debug_line    0x0000bee1       0x72 build/startup_stm32f103xb.o

.debug_str      0x00000000     0x305d
 .debug_str     0x00000000      0x7f2 build/stm32f1xx_hal.o
                                0x856 (size before relaxing)
 .debug_str     0x000007f2      0x3c2 build/stm32f1xx_hal_cortex.o
                                0x978 (size before relaxing)
 .debug_str     0x00000bb4      0x3e3 build/stm32f1xx_hal_dma.o
                                0x6c6 (size before relaxing)
 .debug_str     0x00000f97      0x1c1 build/stm32f1xx_hal_gpio.o
                                0x4c9 (size before relaxing)
 .debug_str     0x00001158      0xb11 build/stm32f1xx_hal_i2c.o
                               0x102c (size before relaxing)
 .debug_str     0x00001c69      0x307 build/stm32f1xx_hal_rcc.o
                                0x6ab (size before relaxing)
 .debug_str     0x00001f70      0x6f0 build/stm32f1xx_hal_uart.o
                                0xc50 (size before relaxing)
 .debug_str     0x00002660      0x110 build/as5600.o
                                0x82b (size before relaxing)
 .debug_str     0x00002770      0x533 build/main.o
                               0x134a (size before relaxing)
 .debug_str     0x00002ca3       0xd2 build/packet_handler.o
                                0x807 (size before relaxing)
 .debug_str     0x00002d75       0x75 build/port_handler.o
                                0xb07 (size before relaxing)
 .debug_str     0x00002dea       0x29 build/queue.o
                                0x626 (size before relaxing)
 .debug_str     0x00002e13       0xf6 build/stepper.o
                                0x7b0 (size before relaxing)
 .debug_str     0x00002f09       0x18 build/stm32f1xx_hal_msp.o
                               0x1140 (size before relaxing)
 .debug_str     0x00002f21       0xce build/stm32f1xx_it.o
                                0xb5f (size before relaxing)
 .debug_str     0x00002fef       0x4a build/system_stm32f1xx.o
                                0x338 (size before relaxing)
 .debug_str     0x00003039       0x24 build/startup_stm32f103xb.o
                                 0x43 (size before relaxing)

.comment        0x00000000       0x79
 .comment       0x00000000       0x79 build/stm32f1xx_hal.o
                                 0x7a (size before relaxing)
 .comment       0x00000079       0x7a build/stm32f1xx_hal_cortex.o
 .comment       0x00000079       0x7a build/stm32f1xx_hal_dma.o
 .comment       0x00000079       0x7a build/stm32f1xx_hal_gpio.o
 .comment       0x00000079       0x7a build/stm32f1xx_hal_i2c.o
 .comment       0x00000079       0x7a build/stm32f1xx_hal_rcc.o
 .comment       0x00000079       0x7a build/stm32f1xx_hal_uart.o
 .comment       0x00000079       0x7a build/as5600.o
 .comment       0x00000079       0x7a build/main.o
 .comment       0x00000079       0x7a build/packet_handler.o
 .comment       0x00000079       0x7a build/port_handler.o
 .comment       0x00000079       0x7a build/queue.o
 .comment       0x00000079       0x7a build/stepper.o
 .comment       0x00000079       0x7a build/stm32f1xx_hal_msp.o
 .comment       0x00000079       0x7a build/stm32f1xx_it.o
 .comment       0x00000079       0x7a build/system_stm32f1xx.o

.debug_frame    0x00000000     0x2340
 .debug_frame   0x00000000      0x1e0 build/stm32f1xx_hal.o
 .debug_frame   0x000001e0      0x13c build/stm32f1xx_hal_cortex.o
 .debug_frame   0x0000031c      0x168 build/stm32f1xx_hal_dma.o
 .debug_frame   0x00000484      0x104 build/stm32f1xx_hal_gpio.o
 .debug_frame   0x00000588      0xa60 build/stm32f1xx_hal_i2c.o
 .debug_frame   0x00000fe8      0x1c0 build/stm32f1xx_hal_rcc.o
 .debug_frame   0x000011a8      0x574 build/stm32f1xx_hal_uart.o
 .debug_frame   0x0000171c      0x138 build/as5600.o
 .debug_frame   0x00001854       0xf8 build/main.o
 .debug_frame   0x0000194c      0x1c4 build/packet_handler.o
 .debug_frame   0x00001b10       0x98 build/port_handler.o
 .debug_frame   0x00001ba8       0xe8 build/queue.o
 .debug_frame   0x00001c90       0xf8 build/stepper.o
 .debug_frame   0x00001d88       0xb4 build/stm32f1xx_hal_msp.o
 .debug_frame   0x00001e3c       0xf8 build/stm32f1xx_it.o
 .debug_frame   0x00001f34       0x30 build/system_stm32f1xx.o
 .debug_frame   0x00001f64       0x2c c:/program files (x86)/gnu tools arm embedded/9 2019-q4-major/bin/../lib/gcc/arm-none-eabi/9.2.1/../../../../arm-none-eabi/lib/thumb/v7-m/nofp\libc.a(lib_a-init.o)
 .debug_frame   0x00001f90       0x30 c:/program files (x86)/gnu tools arm embedded/9 2019-q4-major/bin/../lib/gcc/arm-none-eabi/9.2.1/../../../../arm-none-eabi/lib/thumb/v7-m/nofp\libc.a(lib_a-malloc.o)
 .debug_frame   0x00001fc0       0x4c c:/program files (x86)/gnu tools arm embedded/9 2019-q4-major/bin/../lib/gcc/arm-none-eabi/9.2.1/../../../../arm-none-eabi/lib/thumb/v7-m/nofp\libc.a(lib_a-mallocr.o)
 .debug_frame   0x0000200c       0x38 c:/program files (x86)/gnu tools arm embedded/9 2019-q4-major/bin/../lib/gcc/arm-none-eabi/9.2.1/../../../../arm-none-eabi/lib/thumb/v7-m/nofp\libc.a(lib_a-memset.o)
 .debug_frame   0x00002044       0x30 c:/program files (x86)/gnu tools arm embedded/9 2019-q4-major/bin/../lib/gcc/arm-none-eabi/9.2.1/../../../../arm-none-eabi/lib/thumb/v7-m/nofp\libc.a(lib_a-mlock.o)
 .debug_frame   0x00002074       0x2c c:/program files (x86)/gnu tools arm embedded/9 2019-q4-major/bin/../lib/gcc/arm-none-eabi/9.2.1/../../../../arm-none-eabi/lib/thumb/v7-m/nofp\libc.a(lib_a-sbrkr.o)
 .debug_frame   0x000020a0       0x5c c:/program files (x86)/gnu tools arm embedded/9 2019-q4-major/bin/../lib/gcc/arm-none-eabi/9.2.1/../../../../arm-none-eabi/lib/thumb/v7-m/nofp\libc.a(lib_a-__call_atexit.o)
 .debug_frame   0x000020fc       0x20 c:/program files (x86)/gnu tools arm embedded/9 2019-q4-major/bin/../lib/gcc/arm-none-eabi/9.2.1/../../../../arm-none-eabi/lib/thumb/v7-m/nofp\libc.a(lib_a-atexit.o)
 .debug_frame   0x0000211c       0x34 c:/program files (x86)/gnu tools arm embedded/9 2019-q4-major/bin/../lib/gcc/arm-none-eabi/9.2.1/../../../../arm-none-eabi/lib/thumb/v7-m/nofp\libc.a(lib_a-fini.o)
 .debug_frame   0x00002150       0x8c c:/program files (x86)/gnu tools arm embedded/9 2019-q4-major/bin/../lib/gcc/arm-none-eabi/9.2.1/../../../../arm-none-eabi/lib/thumb/v7-m/nofp\libc.a(lib_a-freer.o)
 .debug_frame   0x000021dc       0xb0 c:/program files (x86)/gnu tools arm embedded/9 2019-q4-major/bin/../lib/gcc/arm-none-eabi/9.2.1/../../../../arm-none-eabi/lib/thumb/v7-m/nofp\libc.a(lib_a-lock.o)
 .debug_frame   0x0000228c       0x60 c:/program files (x86)/gnu tools arm embedded/9 2019-q4-major/bin/../lib/gcc/arm-none-eabi/9.2.1/../../../../arm-none-eabi/lib/thumb/v7-m/nofp\libc.a(lib_a-reent.o)
 .debug_frame   0x000022ec       0x34 c:/program files (x86)/gnu tools arm embedded/9 2019-q4-major/bin/../lib/gcc/arm-none-eabi/9.2.1/../../../../arm-none-eabi/lib/thumb/v7-m/nofp\libc.a(lib_a-__atexit.o)
 .debug_frame   0x00002320       0x20 c:/program files (x86)/gnu tools arm embedded/9 2019-q4-major/bin/../lib/gcc/arm-none-eabi/9.2.1/../../../../arm-none-eabi/lib/thumb/v7-m/nofp\libnosys.a(sbrk.o)

Cross Reference Table

Symbol                                            File
ADC1_2_IRQHandler                                 build/startup_stm32f103xb.o
AHBPrescTable                                     build/system_stm32f1xx.o
                                                  build/stm32f1xx_hal_rcc.o
APBPrescTable                                     build/system_stm32f1xx.o
                                                  build/stm32f1xx_hal_rcc.o
AS5600_GetAngle                                   build/as5600.o
AS5600_GetCalAngle                                build/as5600.o
AS5600_GetRawAngle                                build/as5600.o
AS5600_GetStatus                                  build/as5600.o
AS5600_ReadReg                                    build/as5600.o
AS5600_SetHystheresis                             build/as5600.o
AS5600_SetOutputStage                             build/as5600.o
AS5600_SetPWMFreq                                 build/as5600.o
AS5600_SetZero                                    build/as5600.o
                                                  build/main.o
AS5600_WriteReg                                   build/as5600.o
BusFault_Handler                                  build/stm32f1xx_it.o
CAN1_RX1_IRQHandler                               build/startup_stm32f103xb.o
CAN1_SCE_IRQHandler                               build/startup_stm32f103xb.o
DMA1_Channel1_IRQHandler                          build/startup_stm32f103xb.o
DMA1_Channel2_IRQHandler                          build/startup_stm32f103xb.o
DMA1_Channel3_IRQHandler                          build/startup_stm32f103xb.o
DMA1_Channel4_IRQHandler                          build/startup_stm32f103xb.o
DMA1_Channel5_IRQHandler                          build/stm32f1xx_it.o
DMA1_Channel6_IRQHandler                          build/startup_stm32f103xb.o
DMA1_Channel7_IRQHandler                          build/startup_stm32f103xb.o
DRV8825_disableStepper                            build/stepper.o
DRV8825_enableStepper                             build/stepper.o
DRV8825_findDirection                             build/stepper.o
DRV8825_goToTarget                                build/stepper.o
DRV8825_initStepper                               build/stepper.o
                                                  build/main.o
DRV8825_setCurrentAngle                           build/stepper.o
DRV8825_setMode                                   build/stepper.o
DRV8825_setTarget                                 build/stepper.o
DRV8825_step                                      build/stepper.o
DWT_Delay                                         build/dwt_delay.o
                                                  build/stepper.o
DWT_Init                                          build/dwt_delay.o
DebugMon_Handler                                  build/stm32f1xx_it.o
Default_Handler                                   build/startup_stm32f103xb.o
EXTI0_IRQHandler                                  build/startup_stm32f103xb.o
EXTI15_10_IRQHandler                              build/startup_stm32f103xb.o
EXTI1_IRQHandler                                  build/startup_stm32f103xb.o
EXTI2_IRQHandler                                  build/startup_stm32f103xb.o
EXTI3_IRQHandler                                  build/startup_stm32f103xb.o
EXTI4_IRQHandler                                  build/startup_stm32f103xb.o
EXTI9_5_IRQHandler                                build/startup_stm32f103xb.o
Error_Handler                                     build/main.o
                                                  build/stm32f1xx_hal_msp.o
FLASH_IRQHandler                                  build/startup_stm32f103xb.o
FLASH_PageErase                                   build/stm32f1xx_hal_flash_ex.o
                                                  build/stm32f1xx_hal_flash.o
FLASH_WaitForLastOperation                        build/stm32f1xx_hal_flash.o
                                                  build/stm32f1xx_hal_flash_ex.o
HAL_DBGMCU_DisableDBGSleepMode                    build/stm32f1xx_hal.o
HAL_DBGMCU_DisableDBGStandbyMode                  build/stm32f1xx_hal.o
HAL_DBGMCU_DisableDBGStopMode                     build/stm32f1xx_hal.o
HAL_DBGMCU_EnableDBGSleepMode                     build/stm32f1xx_hal.o
HAL_DBGMCU_EnableDBGStandbyMode                   build/stm32f1xx_hal.o
HAL_DBGMCU_EnableDBGStopMode                      build/stm32f1xx_hal.o
HAL_DMA_Abort                                     build/stm32f1xx_hal_dma.o
                                                  build/stm32f1xx_hal_uart.o
HAL_DMA_Abort_IT                                  build/stm32f1xx_hal_dma.o
                                                  build/stm32f1xx_hal_uart.o
                                                  build/stm32f1xx_hal_i2c.o
HAL_DMA_DeInit                                    build/stm32f1xx_hal_dma.o
                                                  build/stm32f1xx_hal_msp.o
HAL_DMA_GetError                                  build/stm32f1xx_hal_dma.o
                                                  build/stm32f1xx_hal_uart.o
HAL_DMA_GetState                                  build/stm32f1xx_hal_dma.o
                                                  build/stm32f1xx_hal_i2c.o
HAL_DMA_IRQHandler                                build/stm32f1xx_hal_dma.o
                                                  build/stm32f1xx_it.o
HAL_DMA_Init                                      build/stm32f1xx_hal_dma.o
                                                  build/stm32f1xx_hal_msp.o
HAL_DMA_PollForTransfer                           build/stm32f1xx_hal_dma.o
HAL_DMA_RegisterCallback                          build/stm32f1xx_hal_dma.o
HAL_DMA_Start                                     build/stm32f1xx_hal_dma.o
HAL_DMA_Start_IT                                  build/stm32f1xx_hal_dma.o
                                                  build/stm32f1xx_hal_uart.o
                                                  build/stm32f1xx_hal_i2c.o
HAL_DMA_UnRegisterCallback                        build/stm32f1xx_hal_dma.o
HAL_DeInit                                        build/stm32f1xx_hal.o
HAL_Delay                                         build/stm32f1xx_hal.o
                                                  build/packet_handler.o
HAL_EXTI_ClearConfigLine                          build/stm32f1xx_hal_exti.o
HAL_EXTI_ClearPending                             build/stm32f1xx_hal_exti.o
HAL_EXTI_GenerateSWI                              build/stm32f1xx_hal_exti.o
HAL_EXTI_GetConfigLine                            build/stm32f1xx_hal_exti.o
HAL_EXTI_GetHandle                                build/stm32f1xx_hal_exti.o
HAL_EXTI_GetPending                               build/stm32f1xx_hal_exti.o
HAL_EXTI_IRQHandler                               build/stm32f1xx_hal_exti.o
HAL_EXTI_RegisterCallback                         build/stm32f1xx_hal_exti.o
HAL_EXTI_SetConfigLine                            build/stm32f1xx_hal_exti.o
HAL_FLASHEx_Erase                                 build/stm32f1xx_hal_flash_ex.o
HAL_FLASHEx_Erase_IT                              build/stm32f1xx_hal_flash_ex.o
HAL_FLASHEx_OBErase                               build/stm32f1xx_hal_flash_ex.o
HAL_FLASHEx_OBGetConfig                           build/stm32f1xx_hal_flash_ex.o
HAL_FLASHEx_OBGetUserData                         build/stm32f1xx_hal_flash_ex.o
HAL_FLASHEx_OBProgram                             build/stm32f1xx_hal_flash_ex.o
HAL_FLASH_EndOfOperationCallback                  build/stm32f1xx_hal_flash.o
HAL_FLASH_GetError                                build/stm32f1xx_hal_flash.o
HAL_FLASH_IRQHandler                              build/stm32f1xx_hal_flash.o
HAL_FLASH_Lock                                    build/stm32f1xx_hal_flash.o
HAL_FLASH_OB_Launch                               build/stm32f1xx_hal_flash.o
HAL_FLASH_OB_Lock                                 build/stm32f1xx_hal_flash.o
HAL_FLASH_OB_Unlock                               build/stm32f1xx_hal_flash.o
HAL_FLASH_OperationErrorCallback                  build/stm32f1xx_hal_flash.o
HAL_FLASH_Program                                 build/stm32f1xx_hal_flash.o
HAL_FLASH_Program_IT                              build/stm32f1xx_hal_flash.o
HAL_FLASH_Unlock                                  build/stm32f1xx_hal_flash.o
HAL_GPIOEx_ConfigEventout                         build/stm32f1xx_hal_gpio_ex.o
HAL_GPIOEx_DisableEventout                        build/stm32f1xx_hal_gpio_ex.o
HAL_GPIOEx_EnableEventout                         build/stm32f1xx_hal_gpio_ex.o
HAL_GPIO_DeInit                                   build/stm32f1xx_hal_gpio.o
                                                  build/stm32f1xx_hal_msp.o
HAL_GPIO_EXTI_Callback                            build/stm32f1xx_hal_gpio.o
HAL_GPIO_EXTI_IRQHandler                          build/stm32f1xx_hal_gpio.o
HAL_GPIO_Init                                     build/stm32f1xx_hal_gpio.o
                                                  build/stm32f1xx_hal_msp.o
                                                  build/main.o
                                                  build/stm32f1xx_hal_rcc.o
HAL_GPIO_LockPin                                  build/stm32f1xx_hal_gpio.o
HAL_GPIO_ReadPin                                  build/stm32f1xx_hal_gpio.o
HAL_GPIO_TogglePin                                build/stm32f1xx_hal_gpio.o
HAL_GPIO_WritePin                                 build/stm32f1xx_hal_gpio.o
                                                  build/stepper.o
                                                  build/packet_handler.o
                                                  build/main.o
HAL_GetDEVID                                      build/stm32f1xx_hal.o
HAL_GetHalVersion                                 build/stm32f1xx_hal.o
HAL_GetREVID                                      build/stm32f1xx_hal.o
HAL_GetTick                                       build/stm32f1xx_hal.o
                                                  build/stm32f1xx_hal_uart.o
                                                  build/stm32f1xx_hal_rcc_ex.o
                                                  build/stm32f1xx_hal_rcc.o
                                                  build/stm32f1xx_hal_i2c.o
                                                  build/stm32f1xx_hal_flash.o
                                                  build/stm32f1xx_hal_dma.o
HAL_GetTickFreq                                   build/stm32f1xx_hal.o
HAL_GetTickPrio                                   build/stm32f1xx_hal.o
HAL_GetUIDw0                                      build/stm32f1xx_hal.o
HAL_GetUIDw1                                      build/stm32f1xx_hal.o
HAL_GetUIDw2                                      build/stm32f1xx_hal.o
HAL_HalfDuplex_EnableReceiver                     build/stm32f1xx_hal_uart.o
HAL_HalfDuplex_EnableTransmitter                  build/stm32f1xx_hal_uart.o
HAL_HalfDuplex_Init                               build/stm32f1xx_hal_uart.o
HAL_I2C_AbortCpltCallback                         build/stm32f1xx_hal_i2c.o
HAL_I2C_AddrCallback                              build/stm32f1xx_hal_i2c.o
HAL_I2C_DeInit                                    build/stm32f1xx_hal_i2c.o
HAL_I2C_DisableListen_IT                          build/stm32f1xx_hal_i2c.o
HAL_I2C_ER_IRQHandler                             build/stm32f1xx_hal_i2c.o
HAL_I2C_EV_IRQHandler                             build/stm32f1xx_hal_i2c.o
HAL_I2C_EnableListen_IT                           build/stm32f1xx_hal_i2c.o
HAL_I2C_ErrorCallback                             build/stm32f1xx_hal_i2c.o
HAL_I2C_GetError                                  build/stm32f1xx_hal_i2c.o
HAL_I2C_GetMode                                   build/stm32f1xx_hal_i2c.o
HAL_I2C_GetState                                  build/stm32f1xx_hal_i2c.o
HAL_I2C_Init                                      build/stm32f1xx_hal_i2c.o
                                                  build/main.o
HAL_I2C_IsDeviceReady                             build/stm32f1xx_hal_i2c.o
HAL_I2C_ListenCpltCallback                        build/stm32f1xx_hal_i2c.o
HAL_I2C_MasterRxCpltCallback                      build/stm32f1xx_hal_i2c.o
HAL_I2C_MasterTxCpltCallback                      build/stm32f1xx_hal_i2c.o
HAL_I2C_Master_Abort_IT                           build/stm32f1xx_hal_i2c.o
HAL_I2C_Master_Receive                            build/stm32f1xx_hal_i2c.o
HAL_I2C_Master_Receive_DMA                        build/stm32f1xx_hal_i2c.o
HAL_I2C_Master_Receive_IT                         build/stm32f1xx_hal_i2c.o
HAL_I2C_Master_Seq_Receive_DMA                    build/stm32f1xx_hal_i2c.o
HAL_I2C_Master_Seq_Receive_IT                     build/stm32f1xx_hal_i2c.o
HAL_I2C_Master_Seq_Transmit_DMA                   build/stm32f1xx_hal_i2c.o
HAL_I2C_Master_Seq_Transmit_IT                    build/stm32f1xx_hal_i2c.o
HAL_I2C_Master_Transmit                           build/stm32f1xx_hal_i2c.o
                                                  build/as5600.o
HAL_I2C_Master_Transmit_DMA                       build/stm32f1xx_hal_i2c.o
HAL_I2C_Master_Transmit_IT                        build/stm32f1xx_hal_i2c.o
HAL_I2C_MemRxCpltCallback                         build/stm32f1xx_hal_i2c.o
HAL_I2C_MemTxCpltCallback                         build/stm32f1xx_hal_i2c.o
HAL_I2C_Mem_Read                                  build/stm32f1xx_hal_i2c.o
                                                  build/as5600.o
HAL_I2C_Mem_Read_DMA                              build/stm32f1xx_hal_i2c.o
HAL_I2C_Mem_Read_IT                               build/stm32f1xx_hal_i2c.o
HAL_I2C_Mem_Write                                 build/stm32f1xx_hal_i2c.o
                                                  build/as5600.o
HAL_I2C_Mem_Write_DMA                             build/stm32f1xx_hal_i2c.o
HAL_I2C_Mem_Write_IT                              build/stm32f1xx_hal_i2c.o
HAL_I2C_MspDeInit                                 build/stm32f1xx_hal_msp.o
                                                  build/stm32f1xx_hal_i2c.o
HAL_I2C_MspInit                                   build/stm32f1xx_hal_msp.o
                                                  build/stm32f1xx_hal_i2c.o
HAL_I2C_SlaveRxCpltCallback                       build/stm32f1xx_hal_i2c.o
HAL_I2C_SlaveTxCpltCallback                       build/stm32f1xx_hal_i2c.o
HAL_I2C_Slave_Receive                             build/stm32f1xx_hal_i2c.o
HAL_I2C_Slave_Receive_DMA                         build/stm32f1xx_hal_i2c.o
HAL_I2C_Slave_Receive_IT                          build/stm32f1xx_hal_i2c.o
HAL_I2C_Slave_Seq_Receive_DMA                     build/stm32f1xx_hal_i2c.o
HAL_I2C_Slave_Seq_Receive_IT                      build/stm32f1xx_hal_i2c.o
HAL_I2C_Slave_Seq_Transmit_DMA                    build/stm32f1xx_hal_i2c.o
HAL_I2C_Slave_Seq_Transmit_IT                     build/stm32f1xx_hal_i2c.o
HAL_I2C_Slave_Transmit                            build/stm32f1xx_hal_i2c.o
HAL_I2C_Slave_Transmit_DMA                        build/stm32f1xx_hal_i2c.o
HAL_I2C_Slave_Transmit_IT                         build/stm32f1xx_hal_i2c.o
HAL_IncTick                                       build/stm32f1xx_hal.o
                                                  build/stm32f1xx_it.o
HAL_Init                                          build/stm32f1xx_hal.o
                                                  build/main.o
HAL_InitTick                                      build/stm32f1xx_hal.o
                                                  build/stm32f1xx_hal_rcc.o
HAL_LIN_Init                                      build/stm32f1xx_hal_uart.o
HAL_LIN_SendBreak                                 build/stm32f1xx_hal_uart.o
HAL_MspDeInit                                     build/stm32f1xx_hal.o
HAL_MspInit                                       build/stm32f1xx_hal_msp.o
                                                  build/stm32f1xx_hal.o
HAL_MultiProcessor_EnterMuteMode                  build/stm32f1xx_hal_uart.o
HAL_MultiProcessor_ExitMuteMode                   build/stm32f1xx_hal_uart.o
HAL_MultiProcessor_Init                           build/stm32f1xx_hal_uart.o
HAL_NVIC_ClearPendingIRQ                          build/stm32f1xx_hal_cortex.o
HAL_NVIC_DisableIRQ                               build/stm32f1xx_hal_cortex.o
                                                  build/stm32f1xx_hal_msp.o
HAL_NVIC_EnableIRQ                                build/stm32f1xx_hal_cortex.o
                                                  build/stm32f1xx_hal_msp.o
                                                  build/main.o
HAL_NVIC_GetActive                                build/stm32f1xx_hal_cortex.o
HAL_NVIC_GetPendingIRQ                            build/stm32f1xx_hal_cortex.o
HAL_NVIC_GetPriority                              build/stm32f1xx_hal_cortex.o
HAL_NVIC_GetPriorityGrouping                      build/stm32f1xx_hal_cortex.o
HAL_NVIC_SetPendingIRQ                            build/stm32f1xx_hal_cortex.o
HAL_NVIC_SetPriority                              build/stm32f1xx_hal_cortex.o
                                                  build/stm32f1xx_hal_msp.o
                                                  build/main.o
                                                  build/stm32f1xx_hal.o
HAL_NVIC_SetPriorityGrouping                      build/stm32f1xx_hal_cortex.o
                                                  build/stm32f1xx_hal.o
HAL_NVIC_SystemReset                              build/stm32f1xx_hal_cortex.o
                                                  build/stm32f1xx_hal_flash.o
HAL_PWR_ConfigPVD                                 build/stm32f1xx_hal_pwr.o
HAL_PWR_DeInit                                    build/stm32f1xx_hal_pwr.o
HAL_PWR_DisableBkUpAccess                         build/stm32f1xx_hal_pwr.o
HAL_PWR_DisablePVD                                build/stm32f1xx_hal_pwr.o
HAL_PWR_DisableSEVOnPend                          build/stm32f1xx_hal_pwr.o
HAL_PWR_DisableSleepOnExit                        build/stm32f1xx_hal_pwr.o
HAL_PWR_DisableWakeUpPin                          build/stm32f1xx_hal_pwr.o
HAL_PWR_EnableBkUpAccess                          build/stm32f1xx_hal_pwr.o
HAL_PWR_EnablePVD                                 build/stm32f1xx_hal_pwr.o
HAL_PWR_EnableSEVOnPend                           build/stm32f1xx_hal_pwr.o
HAL_PWR_EnableSleepOnExit                         build/stm32f1xx_hal_pwr.o
HAL_PWR_EnableWakeUpPin                           build/stm32f1xx_hal_pwr.o
HAL_PWR_EnterSLEEPMode                            build/stm32f1xx_hal_pwr.o
HAL_PWR_EnterSTANDBYMode                          build/stm32f1xx_hal_pwr.o
HAL_PWR_EnterSTOPMode                             build/stm32f1xx_hal_pwr.o
HAL_PWR_PVDCallback                               build/stm32f1xx_hal_pwr.o
HAL_PWR_PVD_IRQHandler                            build/stm32f1xx_hal_pwr.o
HAL_RCCEx_GetPeriphCLKConfig                      build/stm32f1xx_hal_rcc_ex.o
HAL_RCCEx_GetPeriphCLKFreq                        build/stm32f1xx_hal_rcc_ex.o
HAL_RCCEx_PeriphCLKConfig                         build/stm32f1xx_hal_rcc_ex.o
HAL_RCC_CSSCallback                               build/stm32f1xx_hal_rcc.o
HAL_RCC_ClockConfig                               build/stm32f1xx_hal_rcc.o
                                                  build/main.o
HAL_RCC_DeInit                                    build/stm32f1xx_hal_rcc.o
HAL_RCC_DisableCSS                                build/stm32f1xx_hal_rcc.o
HAL_RCC_EnableCSS                                 build/stm32f1xx_hal_rcc.o
HAL_RCC_GetClockConfig                            build/stm32f1xx_hal_rcc.o
HAL_RCC_GetHCLKFreq                               build/stm32f1xx_hal_rcc.o
HAL_RCC_GetOscConfig                              build/stm32f1xx_hal_rcc.o
HAL_RCC_GetPCLK1Freq                              build/stm32f1xx_hal_rcc.o
                                                  build/stm32f1xx_hal_uart.o
                                                  build/stm32f1xx_hal_i2c.o
HAL_RCC_GetPCLK2Freq                              build/stm32f1xx_hal_rcc.o
                                                  build/stm32f1xx_hal_uart.o
                                                  build/stm32f1xx_hal_rcc_ex.o
HAL_RCC_GetSysClockFreq                           build/stm32f1xx_hal_rcc.o
HAL_RCC_MCOConfig                                 build/stm32f1xx_hal_rcc.o
HAL_RCC_NMI_IRQHandler                            build/stm32f1xx_hal_rcc.o
HAL_RCC_OscConfig                                 build/stm32f1xx_hal_rcc.o
                                                  build/main.o
HAL_ResumeTick                                    build/stm32f1xx_hal.o
HAL_SYSTICK_CLKSourceConfig                       build/stm32f1xx_hal_cortex.o
HAL_SYSTICK_Callback                              build/stm32f1xx_hal_cortex.o
HAL_SYSTICK_Config                                build/stm32f1xx_hal_cortex.o
                                                  build/stm32f1xx_hal.o
HAL_SYSTICK_IRQHandler                            build/stm32f1xx_hal_cortex.o
HAL_SetTickFreq                                   build/stm32f1xx_hal.o
HAL_SuspendTick                                   build/stm32f1xx_hal.o
HAL_UART_Abort                                    build/stm32f1xx_hal_uart.o
HAL_UART_AbortCpltCallback                        build/stm32f1xx_hal_uart.o
HAL_UART_AbortReceive                             build/stm32f1xx_hal_uart.o
HAL_UART_AbortReceiveCpltCallback                 build/stm32f1xx_hal_uart.o
HAL_UART_AbortReceive_IT                          build/stm32f1xx_hal_uart.o
HAL_UART_AbortTransmit                            build/stm32f1xx_hal_uart.o
HAL_UART_AbortTransmitCpltCallback                build/stm32f1xx_hal_uart.o
HAL_UART_AbortTransmit_IT                         build/stm32f1xx_hal_uart.o
HAL_UART_Abort_IT                                 build/stm32f1xx_hal_uart.o
HAL_UART_DMAPause                                 build/stm32f1xx_hal_uart.o
HAL_UART_DMAResume                                build/stm32f1xx_hal_uart.o
HAL_UART_DMAStop                                  build/stm32f1xx_hal_uart.o
HAL_UART_DeInit                                   build/stm32f1xx_hal_uart.o
HAL_UART_ErrorCallback                            build/stm32f1xx_hal_uart.o
HAL_UART_GetError                                 build/stm32f1xx_hal_uart.o
HAL_UART_GetState                                 build/stm32f1xx_hal_uart.o
HAL_UART_IRQHandler                               build/stm32f1xx_hal_uart.o
                                                  build/stm32f1xx_it.o
HAL_UART_Init                                     build/stm32f1xx_hal_uart.o
                                                  build/main.o
HAL_UART_MspDeInit                                build/stm32f1xx_hal_msp.o
                                                  build/stm32f1xx_hal_uart.o
HAL_UART_MspInit                                  build/stm32f1xx_hal_msp.o
                                                  build/stm32f1xx_hal_uart.o
HAL_UART_Receive                                  build/stm32f1xx_hal_uart.o
HAL_UART_Receive_DMA                              build/stm32f1xx_hal_uart.o
                                                  build/port_handler.o
HAL_UART_Receive_IT                               build/stm32f1xx_hal_uart.o
HAL_UART_RxCpltCallback                           build/port_handler.o
                                                  build/stm32f1xx_hal_uart.o
                                                  build/stm32f1xx_it.o
HAL_UART_RxHalfCpltCallback                       build/stm32f1xx_hal_uart.o
HAL_UART_Transmit                                 build/stm32f1xx_hal_uart.o
HAL_UART_Transmit_DMA                             build/stm32f1xx_hal_uart.o
HAL_UART_Transmit_IT                              build/stm32f1xx_hal_uart.o
HAL_UART_TxCpltCallback                           build/stm32f1xx_hal_uart.o
HAL_UART_TxHalfCpltCallback                       build/stm32f1xx_hal_uart.o
HardFault_Handler                                 build/stm32f1xx_it.o
I2C1_ER_IRQHandler                                build/startup_stm32f103xb.o
I2C1_EV_IRQHandler                                build/startup_stm32f103xb.o
I2C2_ER_IRQHandler                                build/startup_stm32f103xb.o
I2C2_EV_IRQHandler                                build/startup_stm32f103xb.o
MemManage_Handler                                 build/stm32f1xx_it.o
NMI_Handler                                       build/stm32f1xx_it.o
PARAM                                             build/main.o
                                                  build/packet_handler.o
PVD_IRQHandler                                    build/startup_stm32f103xb.o
PendSV_Handler                                    build/stm32f1xx_it.o
RCC_IRQHandler                                    build/startup_stm32f103xb.o
RTC_Alarm_IRQHandler                              build/startup_stm32f103xb.o
RTC_IRQHandler                                    build/startup_stm32f103xb.o
Reset_Handler                                     build/startup_stm32f103xb.o
SPI1_IRQHandler                                   build/startup_stm32f103xb.o
SPI2_IRQHandler                                   build/startup_stm32f103xb.o
SVC_Handler                                       build/stm32f1xx_it.o
SysTick_Handler                                   build/stm32f1xx_it.o
SystemClock_Config                                build/main.o
SystemCoreClock                                   build/system_stm32f1xx.o
                                                  build/dwt_delay.o
                                                  build/stm32f1xx_hal_rcc.o
                                                  build/stm32f1xx_hal_i2c.o
                                                  build/stm32f1xx_hal.o
SystemCoreClockUpdate                             build/system_stm32f1xx.o
SystemInit                                        build/system_stm32f1xx.o
                                                  build/startup_stm32f103xb.o
TAMPER_IRQHandler                                 build/startup_stm32f103xb.o
TIM1_BRK_IRQHandler                               build/startup_stm32f103xb.o
TIM1_CC_IRQHandler                                build/startup_stm32f103xb.o
TIM1_TRG_COM_IRQHandler                           build/startup_stm32f103xb.o
TIM1_UP_IRQHandler                                build/startup_stm32f103xb.o
TIM2_IRQHandler                                   build/startup_stm32f103xb.o
TIM3_IRQHandler                                   build/startup_stm32f103xb.o
TIM4_IRQHandler                                   build/startup_stm32f103xb.o
UART_DMA_Init                                     build/port_handler.o
                                                  build/main.o
UART_RxComplete                                   build/port_handler.o
USART1_IRQHandler                                 build/stm32f1xx_it.o
USART2_IRQHandler                                 build/startup_stm32f103xb.o
USART3_IRQHandler                                 build/startup_stm32f103xb.o
USBWakeUp_IRQHandler                              build/startup_stm32f103xb.o
USB_HP_CAN1_TX_IRQHandler                         build/startup_stm32f103xb.o
USB_LP_CAN1_RX0_IRQHandler                        build/startup_stm32f103xb.o
UsageFault_Handler                                build/stm32f1xx_it.o
WWDG_IRQHandler                                   build/startup_stm32f103xb.o
__addsf3                                          c:/program files (x86)/gnu tools arm embedded/9 2019-q4-major/bin/../lib/gcc/arm-none-eabi/9.2.1/thumb/v7-m/nofp\libgcc.a(_arm_addsubsf3.o)
__aeabi_cfcmpeq                                   c:/program files (x86)/gnu tools arm embedded/9 2019-q4-major/bin/../lib/gcc/arm-none-eabi/9.2.1/thumb/v7-m/nofp\libgcc.a(_arm_cmpsf2.o)
__aeabi_cfcmple                                   c:/program files (x86)/gnu tools arm embedded/9 2019-q4-major/bin/../lib/gcc/arm-none-eabi/9.2.1/thumb/v7-m/nofp\libgcc.a(_arm_cmpsf2.o)
__aeabi_cfrcmple                                  c:/program files (x86)/gnu tools arm embedded/9 2019-q4-major/bin/../lib/gcc/arm-none-eabi/9.2.1/thumb/v7-m/nofp\libgcc.a(_arm_cmpsf2.o)
__aeabi_f2uiz                                     c:/program files (x86)/gnu tools arm embedded/9 2019-q4-major/bin/../lib/gcc/arm-none-eabi/9.2.1/thumb/v7-m/nofp\libgcc.a(_arm_fixunssfsi.o)
                                                  build/main.o
                                                  build/as5600.o
__aeabi_fadd                                      c:/program files (x86)/gnu tools arm embedded/9 2019-q4-major/bin/../lib/gcc/arm-none-eabi/9.2.1/thumb/v7-m/nofp\libgcc.a(_arm_addsubsf3.o)
__aeabi_fcmpeq                                    c:/program files (x86)/gnu tools arm embedded/9 2019-q4-major/bin/../lib/gcc/arm-none-eabi/9.2.1/thumb/v7-m/nofp\libgcc.a(_arm_cmpsf2.o)
__aeabi_fcmpge                                    c:/program files (x86)/gnu tools arm embedded/9 2019-q4-major/bin/../lib/gcc/arm-none-eabi/9.2.1/thumb/v7-m/nofp\libgcc.a(_arm_cmpsf2.o)
__aeabi_fcmpgt                                    c:/program files (x86)/gnu tools arm embedded/9 2019-q4-major/bin/../lib/gcc/arm-none-eabi/9.2.1/thumb/v7-m/nofp\libgcc.a(_arm_cmpsf2.o)
                                                  build/stepper.o
__aeabi_fcmple                                    c:/program files (x86)/gnu tools arm embedded/9 2019-q4-major/bin/../lib/gcc/arm-none-eabi/9.2.1/thumb/v7-m/nofp\libgcc.a(_arm_cmpsf2.o)
__aeabi_fcmplt                                    c:/program files (x86)/gnu tools arm embedded/9 2019-q4-major/bin/../lib/gcc/arm-none-eabi/9.2.1/thumb/v7-m/nofp\libgcc.a(_arm_cmpsf2.o)
__aeabi_fmul                                      c:/program files (x86)/gnu tools arm embedded/9 2019-q4-major/bin/../lib/gcc/arm-none-eabi/9.2.1/thumb/v7-m/nofp\libgcc.a(_arm_mulsf3.o)
                                                  build/main.o
                                                  build/as5600.o
__aeabi_frsub                                     c:/program files (x86)/gnu tools arm embedded/9 2019-q4-major/bin/../lib/gcc/arm-none-eabi/9.2.1/thumb/v7-m/nofp\libgcc.a(_arm_addsubsf3.o)
__aeabi_fsub                                      c:/program files (x86)/gnu tools arm embedded/9 2019-q4-major/bin/../lib/gcc/arm-none-eabi/9.2.1/thumb/v7-m/nofp\libgcc.a(_arm_addsubsf3.o)
__aeabi_i2f                                       c:/program files (x86)/gnu tools arm embedded/9 2019-q4-major/bin/../lib/gcc/arm-none-eabi/9.2.1/thumb/v7-m/nofp\libgcc.a(_arm_addsubsf3.o)
                                                  build/stepper.o
                                                  build/as5600.o
__aeabi_l2f                                       c:/program files (x86)/gnu tools arm embedded/9 2019-q4-major/bin/../lib/gcc/arm-none-eabi/9.2.1/thumb/v7-m/nofp\libgcc.a(_arm_addsubsf3.o)
__aeabi_ui2f                                      c:/program files (x86)/gnu tools arm embedded/9 2019-q4-major/bin/../lib/gcc/arm-none-eabi/9.2.1/thumb/v7-m/nofp\libgcc.a(_arm_addsubsf3.o)
                                                  build/main.o
__aeabi_ul2f                                      c:/program files (x86)/gnu tools arm embedded/9 2019-q4-major/bin/../lib/gcc/arm-none-eabi/9.2.1/thumb/v7-m/nofp\libgcc.a(_arm_addsubsf3.o)
__atexit_recursive_mutex                          c:/program files (x86)/gnu tools arm embedded/9 2019-q4-major/bin/../lib/gcc/arm-none-eabi/9.2.1/../../../../arm-none-eabi/lib/thumb/v7-m/nofp\libc.a(lib_a-__call_atexit.o)
                                                  c:/program files (x86)/gnu tools arm embedded/9 2019-q4-major/bin/../lib/gcc/arm-none-eabi/9.2.1/../../../../arm-none-eabi/lib/thumb/v7-m/nofp\libc.a(lib_a-__atexit.o)
__bss_end__                                       c:/program files (x86)/gnu tools arm embedded/9 2019-q4-major/bin/../lib/gcc/arm-none-eabi/9.2.1/../../../../arm-none-eabi/lib/thumb/v7-m/nofp/crt0.o
__bss_start__                                     c:/program files (x86)/gnu tools arm embedded/9 2019-q4-major/bin/../lib/gcc/arm-none-eabi/9.2.1/../../../../arm-none-eabi/lib/thumb/v7-m/nofp/crt0.o
__call_exitprocs                                  c:/program files (x86)/gnu tools arm embedded/9 2019-q4-major/bin/../lib/gcc/arm-none-eabi/9.2.1/../../../../arm-none-eabi/lib/thumb/v7-m/nofp\libc.a(lib_a-__call_atexit.o)
                                                  c:/program files (x86)/gnu tools arm embedded/9 2019-q4-major/bin/../lib/gcc/arm-none-eabi/9.2.1/../../../../arm-none-eabi/lib/thumb/v7-m/nofp\libc.a(lib_a-exit.o)
__cmpsf2                                          c:/program files (x86)/gnu tools arm embedded/9 2019-q4-major/bin/../lib/gcc/arm-none-eabi/9.2.1/thumb/v7-m/nofp\libgcc.a(_arm_cmpsf2.o)
__deregister_frame_info                           c:/program files (x86)/gnu tools arm embedded/9 2019-q4-major/bin/../lib/gcc/arm-none-eabi/9.2.1/thumb/v7-m/nofp/crtbegin.o
__dso_handle                                      c:/program files (x86)/gnu tools arm embedded/9 2019-q4-major/bin/../lib/gcc/arm-none-eabi/9.2.1/thumb/v7-m/nofp/crtbegin.o
__eqsf2                                           c:/program files (x86)/gnu tools arm embedded/9 2019-q4-major/bin/../lib/gcc/arm-none-eabi/9.2.1/thumb/v7-m/nofp\libgcc.a(_arm_cmpsf2.o)
__fini_array_end                                  c:/program files (x86)/gnu tools arm embedded/9 2019-q4-major/bin/../lib/gcc/arm-none-eabi/9.2.1/../../../../arm-none-eabi/lib/thumb/v7-m/nofp\libc.a(lib_a-fini.o)
__fini_array_start                                c:/program files (x86)/gnu tools arm embedded/9 2019-q4-major/bin/../lib/gcc/arm-none-eabi/9.2.1/../../../../arm-none-eabi/lib/thumb/v7-m/nofp\libc.a(lib_a-fini.o)
__fixunssfsi                                      c:/program files (x86)/gnu tools arm embedded/9 2019-q4-major/bin/../lib/gcc/arm-none-eabi/9.2.1/thumb/v7-m/nofp\libgcc.a(_arm_fixunssfsi.o)
__floatdisf                                       c:/program files (x86)/gnu tools arm embedded/9 2019-q4-major/bin/../lib/gcc/arm-none-eabi/9.2.1/thumb/v7-m/nofp\libgcc.a(_arm_addsubsf3.o)
__floatsisf                                       c:/program files (x86)/gnu tools arm embedded/9 2019-q4-major/bin/../lib/gcc/arm-none-eabi/9.2.1/thumb/v7-m/nofp\libgcc.a(_arm_addsubsf3.o)
__floatundisf                                     c:/program files (x86)/gnu tools arm embedded/9 2019-q4-major/bin/../lib/gcc/arm-none-eabi/9.2.1/thumb/v7-m/nofp\libgcc.a(_arm_addsubsf3.o)
__floatunsisf                                     c:/program files (x86)/gnu tools arm embedded/9 2019-q4-major/bin/../lib/gcc/arm-none-eabi/9.2.1/thumb/v7-m/nofp\libgcc.a(_arm_addsubsf3.o)
__gesf2                                           c:/program files (x86)/gnu tools arm embedded/9 2019-q4-major/bin/../lib/gcc/arm-none-eabi/9.2.1/thumb/v7-m/nofp\libgcc.a(_arm_cmpsf2.o)
__gtsf2                                           c:/program files (x86)/gnu tools arm embedded/9 2019-q4-major/bin/../lib/gcc/arm-none-eabi/9.2.1/thumb/v7-m/nofp\libgcc.a(_arm_cmpsf2.o)
__init_array_end                                  c:/program files (x86)/gnu tools arm embedded/9 2019-q4-major/bin/../lib/gcc/arm-none-eabi/9.2.1/../../../../arm-none-eabi/lib/thumb/v7-m/nofp\libc.a(lib_a-init.o)
__init_array_start                                c:/program files (x86)/gnu tools arm embedded/9 2019-q4-major/bin/../lib/gcc/arm-none-eabi/9.2.1/../../../../arm-none-eabi/lib/thumb/v7-m/nofp\libc.a(lib_a-init.o)
__lesf2                                           c:/program files (x86)/gnu tools arm embedded/9 2019-q4-major/bin/../lib/gcc/arm-none-eabi/9.2.1/thumb/v7-m/nofp\libgcc.a(_arm_cmpsf2.o)
__libc_fini                                       c:/program files (x86)/gnu tools arm embedded/9 2019-q4-major/bin/../lib/gcc/arm-none-eabi/9.2.1/../../../../arm-none-eabi/lib/thumb/v7-m/nofp\libc.a(lib_a-__call_atexit.o)
__libc_fini_array                                 c:/program files (x86)/gnu tools arm embedded/9 2019-q4-major/bin/../lib/gcc/arm-none-eabi/9.2.1/../../../../arm-none-eabi/lib/thumb/v7-m/nofp\libc.a(lib_a-fini.o)
                                                  c:/program files (x86)/gnu tools arm embedded/9 2019-q4-major/bin/../lib/gcc/arm-none-eabi/9.2.1/../../../../arm-none-eabi/lib/thumb/v7-m/nofp\libc.a(lib_a-__call_atexit.o)
                                                  c:/program files (x86)/gnu tools arm embedded/9 2019-q4-major/bin/../lib/gcc/arm-none-eabi/9.2.1/../../../../arm-none-eabi/lib/thumb/v7-m/nofp/crt0.o
__libc_init_array                                 c:/program files (x86)/gnu tools arm embedded/9 2019-q4-major/bin/../lib/gcc/arm-none-eabi/9.2.1/../../../../arm-none-eabi/lib/thumb/v7-m/nofp\libc.a(lib_a-init.o)
                                                  build/startup_stm32f103xb.o
                                                  c:/program files (x86)/gnu tools arm embedded/9 2019-q4-major/bin/../lib/gcc/arm-none-eabi/9.2.1/../../../../arm-none-eabi/lib/thumb/v7-m/nofp/crt0.o
__lock___arc4random_mutex                         c:/program files (x86)/gnu tools arm embedded/9 2019-q4-major/bin/../lib/gcc/arm-none-eabi/9.2.1/../../../../arm-none-eabi/lib/thumb/v7-m/nofp\libc.a(lib_a-lock.o)
__lock___at_quick_exit_mutex                      c:/program files (x86)/gnu tools arm embedded/9 2019-q4-major/bin/../lib/gcc/arm-none-eabi/9.2.1/../../../../arm-none-eabi/lib/thumb/v7-m/nofp\libc.a(lib_a-lock.o)
__lock___atexit_recursive_mutex                   c:/program files (x86)/gnu tools arm embedded/9 2019-q4-major/bin/../lib/gcc/arm-none-eabi/9.2.1/../../../../arm-none-eabi/lib/thumb/v7-m/nofp\libc.a(lib_a-lock.o)
                                                  c:/program files (x86)/gnu tools arm embedded/9 2019-q4-major/bin/../lib/gcc/arm-none-eabi/9.2.1/../../../../arm-none-eabi/lib/thumb/v7-m/nofp\libc.a(lib_a-__call_atexit.o)
__lock___dd_hash_mutex                            c:/program files (x86)/gnu tools arm embedded/9 2019-q4-major/bin/../lib/gcc/arm-none-eabi/9.2.1/../../../../arm-none-eabi/lib/thumb/v7-m/nofp\libc.a(lib_a-lock.o)
__lock___env_recursive_mutex                      c:/program files (x86)/gnu tools arm embedded/9 2019-q4-major/bin/../lib/gcc/arm-none-eabi/9.2.1/../../../../arm-none-eabi/lib/thumb/v7-m/nofp\libc.a(lib_a-lock.o)
__lock___malloc_recursive_mutex                   c:/program files (x86)/gnu tools arm embedded/9 2019-q4-major/bin/../lib/gcc/arm-none-eabi/9.2.1/../../../../arm-none-eabi/lib/thumb/v7-m/nofp\libc.a(lib_a-lock.o)
                                                  c:/program files (x86)/gnu tools arm embedded/9 2019-q4-major/bin/../lib/gcc/arm-none-eabi/9.2.1/../../../../arm-none-eabi/lib/thumb/v7-m/nofp\libc.a(lib_a-mlock.o)
__lock___sfp_recursive_mutex                      c:/program files (x86)/gnu tools arm embedded/9 2019-q4-major/bin/../lib/gcc/arm-none-eabi/9.2.1/../../../../arm-none-eabi/lib/thumb/v7-m/nofp\libc.a(lib_a-lock.o)
__lock___sinit_recursive_mutex                    c:/program files (x86)/gnu tools arm embedded/9 2019-q4-major/bin/../lib/gcc/arm-none-eabi/9.2.1/../../../../arm-none-eabi/lib/thumb/v7-m/nofp\libc.a(lib_a-lock.o)
__lock___tz_mutex                                 c:/program files (x86)/gnu tools arm embedded/9 2019-q4-major/bin/../lib/gcc/arm-none-eabi/9.2.1/../../../../arm-none-eabi/lib/thumb/v7-m/nofp\libc.a(lib_a-lock.o)
__ltsf2                                           c:/program files (x86)/gnu tools arm embedded/9 2019-q4-major/bin/../lib/gcc/arm-none-eabi/9.2.1/thumb/v7-m/nofp\libgcc.a(_arm_cmpsf2.o)
__malloc_av_                                      c:/program files (x86)/gnu tools arm embedded/9 2019-q4-major/bin/../lib/gcc/arm-none-eabi/9.2.1/../../../../arm-none-eabi/lib/thumb/v7-m/nofp\libc.a(lib_a-mallocr.o)
                                                  c:/program files (x86)/gnu tools arm embedded/9 2019-q4-major/bin/../lib/gcc/arm-none-eabi/9.2.1/../../../../arm-none-eabi/lib/thumb/v7-m/nofp\libc.a(lib_a-freer.o)
__malloc_current_mallinfo                         c:/program files (x86)/gnu tools arm embedded/9 2019-q4-major/bin/../lib/gcc/arm-none-eabi/9.2.1/../../../../arm-none-eabi/lib/thumb/v7-m/nofp\libc.a(lib_a-mallocr.o)