Archive member included to satisfy reference by file (symbol)

c:/program files (x86)/gnu tools arm embedded/9 2019-q4-major/bin/../lib/gcc/arm-none-eabi/9.2.1/../../../../arm-none-eabi/lib/thumb/v7-m/nofp\libc.a(lib_a-exit.o)
                              c:/program files (x86)/gnu tools arm embedded/9 2019-q4-major/bin/../lib/gcc/arm-none-eabi/9.2.1/../../../../arm-none-eabi/lib/thumb/v7-m/nofp/crt0.o (exit)
c:/program files (x86)/gnu tools arm embedded/9 2019-q4-major/bin/../lib/gcc/arm-none-eabi/9.2.1/../../../../arm-none-eabi/lib/thumb/v7-m/nofp\libc.a(lib_a-impure.o)
                              c:/program files (x86)/gnu tools arm embedded/9 2019-q4-major/bin/../lib/gcc/arm-none-eabi/9.2.1/../../../../arm-none-eabi/lib/thumb/v7-m/nofp\libc.a(lib_a-exit.o) (_global_impure_ptr)
c:/program files (x86)/gnu tools arm embedded/9 2019-q4-major/bin/../lib/gcc/arm-none-eabi/9.2.1/../../../../arm-none-eabi/lib/thumb/v7-m/nofp\libc.a(lib_a-init.o)
                              c:/program files (x86)/gnu tools arm embedded/9 2019-q4-major/bin/../lib/gcc/arm-none-eabi/9.2.1/../../../../arm-none-eabi/lib/thumb/v7-m/nofp/crt0.o (__libc_init_array)
c:/program files (x86)/gnu tools arm embedded/9 2019-q4-major/bin/../lib/gcc/arm-none-eabi/9.2.1/../../../../arm-none-eabi/lib/thumb/v7-m/nofp\libc.a(lib_a-malloc.o)
                              build/queue.o (malloc)
c:/program files (x86)/gnu tools arm embedded/9 2019-q4-major/bin/../lib/gcc/arm-none-eabi/9.2.1/../../../../arm-none-eabi/lib/thumb/v7-m/nofp\libc.a(lib_a-mallocr.o)
                              c:/program files (x86)/gnu tools arm embedded/9 2019-q4-major/bin/../lib/gcc/arm-none-eabi/9.2.1/../../../../arm-none-eabi/lib/thumb/v7-m/nofp\libc.a(lib_a-malloc.o) (_malloc_r)
c:/program files (x86)/gnu tools arm embedded/9 2019-q4-major/bin/../lib/gcc/arm-none-eabi/9.2.1/../../../../arm-none-eabi/lib/thumb/v7-m/nofp\libc.a(lib_a-memset.o)
                              c:/program files (x86)/gnu tools arm embedded/9 2019-q4-major/bin/../lib/gcc/arm-none-eabi/9.2.1/../../../../arm-none-eabi/lib/thumb/v7-m/nofp/crt0.o (memset)
c:/program files (x86)/gnu tools arm embedded/9 2019-q4-major/bin/../lib/gcc/arm-none-eabi/9.2.1/../../../../arm-none-eabi/lib/thumb/v7-m/nofp\libc.a(lib_a-mlock.o)
                              c:/program files (x86)/gnu tools arm embedded/9 2019-q4-major/bin/../lib/gcc/arm-none-eabi/9.2.1/../../../../arm-none-eabi/lib/thumb/v7-m/nofp\libc.a(lib_a-mallocr.o) (__malloc_lock)
c:/program files (x86)/gnu tools arm embedded/9 2019-q4-major/bin/../lib/gcc/arm-none-eabi/9.2.1/../../../../arm-none-eabi/lib/thumb/v7-m/nofp\libc.a(lib_a-sbrkr.o)
                              c:/program files (x86)/gnu tools arm embedded/9 2019-q4-major/bin/../lib/gcc/arm-none-eabi/9.2.1/../../../../arm-none-eabi/lib/thumb/v7-m/nofp\libc.a(lib_a-mallocr.o) (_sbrk_r)
c:/program files (x86)/gnu tools arm embedded/9 2019-q4-major/bin/../lib/gcc/arm-none-eabi/9.2.1/../../../../arm-none-eabi/lib/thumb/v7-m/nofp\libc.a(lib_a-__call_atexit.o)
                              c:/program files (x86)/gnu tools arm embedded/9 2019-q4-major/bin/../lib/gcc/arm-none-eabi/9.2.1/../../../../arm-none-eabi/lib/thumb/v7-m/nofp\libc.a(lib_a-exit.o) (__call_exitprocs)
c:/program files (x86)/gnu tools arm embedded/9 2019-q4-major/bin/../lib/gcc/arm-none-eabi/9.2.1/../../../../arm-none-eabi/lib/thumb/v7-m/nofp\libc.a(lib_a-atexit.o)
                              c:/program files (x86)/gnu tools arm embedded/9 2019-q4-major/bin/../lib/gcc/arm-none-eabi/9.2.1/../../../../arm-none-eabi/lib/thumb/v7-m/nofp\libc.a(lib_a-__call_atexit.o) (atexit)
c:/program files (x86)/gnu tools arm embedded/9 2019-q4-major/bin/../lib/gcc/arm-none-eabi/9.2.1/../../../../arm-none-eabi/lib/thumb/v7-m/nofp\libc.a(lib_a-fini.o)
                              c:/program files (x86)/gnu tools arm embedded/9 2019-q4-major/bin/../lib/gcc/arm-none-eabi/9.2.1/../../../../arm-none-eabi/lib/thumb/v7-m/nofp\libc.a(lib_a-__call_atexit.o) (__libc_fini_array)
c:/program files (x86)/gnu tools arm embedded/9 2019-q4-major/bin/../lib/gcc/arm-none-eabi/9.2.1/../../../../arm-none-eabi/lib/thumb/v7-m/nofp\libc.a(lib_a-freer.o)
                              c:/program files (x86)/gnu tools arm embedded/9 2019-q4-major/bin/../lib/gcc/arm-none-eabi/9.2.1/../../../../arm-none-eabi/lib/thumb/v7-m/nofp\libc.a(lib_a-malloc.o) (_free_r)
c:/program files (x86)/gnu tools arm embedded/9 2019-q4-major/bin/../lib/gcc/arm-none-eabi/9.2.1/../../../../arm-none-eabi/lib/thumb/v7-m/nofp\libc.a(lib_a-lock.o)
                              c:/program files (x86)/gnu tools arm embedded/9 2019-q4-major/bin/../lib/gcc/arm-none-eabi/9.2.1/../../../../arm-none-eabi/lib/thumb/v7-m/nofp\libc.a(lib_a-mlock.o) (__retarget_lock_acquire_recursive)
c:/program files (x86)/gnu tools arm embedded/9 2019-q4-major/bin/../lib/gcc/arm-none-eabi/9.2.1/../../../../arm-none-eabi/lib/thumb/v7-m/nofp\libc.a(lib_a-reent.o)
[...]
Memory Configuration

Name             Origin             Length             Attributes
RAM              0x20000000         0x00005000         xrw
FLASH            0x08000000         0x00010000         xr
*default*        0x00000000         0xffffffff

Linker script and memory map

LOAD c:/program files (x86)/gnu tools arm embedded/9 2019-q4-major/bin/../lib/gcc/arm-none-eabi/9.2.1/thumb/v7-m/nofp/crti.o
LOAD c:/program files (x86)/gnu tools arm embedded/9 2019-q4-major/bin/../lib/gcc/arm-none-eabi/9.2.1/thumb/v7-m/nofp/crtbegin.o
LOAD c:/program files (x86)/gnu tools arm embedded/9 2019-q4-major/bin/../lib/gcc/arm-none-eabi/9.2.1/../../../../arm-none-eabi/lib/thumb/v7-m/nofp/crt0.o
LOAD build/stm32f1xx_hal.o
LOAD build/stm32f1xx_hal_cortex.o
LOAD build/stm32f1xx_hal_dma.o
LOAD build/stm32f1xx_hal_exti.o
LOAD build/stm32f1xx_hal_flash.o
LOAD build/stm32f1xx_hal_flash_ex.o
LOAD build/stm32f1xx_hal_gpio.o
LOAD build/stm32f1xx_hal_gpio_ex.o
LOAD build/stm32f1xx_hal_i2c.o
LOAD build/stm32f1xx_hal_pwr.o
LOAD build/stm32f1xx_hal_rcc.o
LOAD build/stm32f1xx_hal_rcc_ex.o
LOAD build/stm32f1xx_hal_tim.o
LOAD build/stm32f1xx_hal_tim_ex.o
LOAD build/stm32f1xx_hal_uart.o
LOAD build/as5600.o
LOAD build/dwt_delay.o
LOAD build/flash.o
LOAD build/main.o
LOAD build/packet_handler.o
LOAD build/port_handler.o
LOAD build/queue.o
LOAD build/stepper.o
LOAD build/stm32f1xx_hal_msp.o
LOAD build/stm32f1xx_it.o
LOAD build/system_stm32f1xx.o
LOAD build/utility.o
LOAD build/startup_stm32f103xb.o
LOAD c:/program files (x86)/gnu tools arm embedded/9 2019-q4-major/bin/../lib/gcc/arm-none-eabi/9.2.1/../../../../arm-none-eabi/lib/thumb/v7-m/nofp\libc.a
LOAD c:/program files (x86)/gnu tools arm embedded/9 2019-q4-major/bin/../lib/gcc/arm-none-eabi/9.2.1/../../../../arm-none-eabi/lib/thumb/v7-m/nofp\libm.a
LOAD c:/program files (x86)/gnu tools arm embedded/9 2019-q4-major/bin/../lib/gcc/arm-none-eabi/9.2.1/../../../../arm-none-eabi/lib/thumb/v7-m/nofp\libnosys.a
START GROUP
LOAD c:/program files (x86)/gnu tools arm embedded/9 2019-q4-major/bin/../lib/gcc/arm-none-eabi/9.2.1/thumb/v7-m/nofp\libgcc.a
LOAD c:/program files (x86)/gnu tools arm embedded/9 2019-q4-major/bin/../lib/gcc/arm-none-eabi/9.2.1/../../../../arm-none-eabi/lib/thumb/v7-m/nofp\libc.a
END GROUP
START GROUP
LOAD c:/program files (x86)/gnu tools arm embedded/9 2019-q4-major/bin/../lib/gcc/arm-none-eabi/9.2.1/thumb/v7-m/nofp\libgcc.a
LOAD c:/program files (x86)/gnu tools arm embedded/9 2019-q4-major/bin/../lib/gcc/arm-none-eabi/9.2.1/../../../../arm-none-eabi/lib/thumb/v7-m/nofp\libc.a
LOAD c:/program files (x86)/gnu tools arm embedded/9 2019-q4-major/bin/../lib/gcc/arm-none-eabi/9.2.1/../../../../arm-none-eabi/lib/thumb/v7-m/nofp\libnosys.a
END GROUP
LOAD c:/program files (x86)/gnu tools arm embedded/9 2019-q4-major/bin/../lib/gcc/arm-none-eabi/9.2.1/thumb/v7-m/nofp/crtend.o
LOAD c:/program files (x86)/gnu tools arm embedded/9 2019-q4-major/bin/../lib/gcc/arm-none-eabi/9.2.1/thumb/v7-m/nofp/crtn.o
                0x20005000                _estack = 0x20005000
                0x00000200                _Min_Heap_Size = 0x200
                0x00000400                _Min_Stack_Size = 0x400

.isr_vector     0x08000000      0x10c
                0x08000000                . = ALIGN (0x4)
 *(.isr_vector)
 .isr_vector    0x08000000      0x10c build/startup_stm32f103xb.o
                0x08000000                g_pfnVectors
                0x0800010c                . = ALIGN (0x4)

.text           0x0800010c     0x3170
                0x0800010c                . = ALIGN (0x4)
 *(.text)
 .text          0x0800010c       0x40 c:/program files (x86)/gnu tools arm embedded/9 2019-q4-major/bin/../lib/gcc/arm-none-eabi/9.2.1/thumb/v7-m/nofp/crtbegin.o
 *(.text*)
 .text.HAL_InitTick
                0x0800014c       0x4c build/stm32f1xx_hal.o
                0x0800014c                HAL_InitTick
 .text.HAL_Init
                0x08000198       0x24 build/stm32f1xx_hal.o
                0x08000198                HAL_Init
 .text.HAL_IncTick
                0x080001bc       0x18 build/stm32f1xx_hal.o
                0x080001bc                HAL_IncTick
 .text.HAL_GetTick
                0x080001d4        0xc build/stm32f1xx_hal.o
                0x080001d4                HAL_GetTick
 .text.HAL_Delay
                0x080001e0       0x28 build/stm32f1xx_hal.o
                0x080001e0                HAL_Delay
 .text.HAL_NVIC_SetPriorityGrouping
                0x08000208       0x24 build/stm32f1xx_hal_cortex.o
                0x08000208                HAL_NVIC_SetPriorityGrouping
 .text.HAL_NVIC_SetPriority
                0x0800022c       0x68 build/stm32f1xx_hal_cortex.o
                0x0800022c                HAL_NVIC_SetPriority
 .text.HAL_NVIC_EnableIRQ
                0x08000294       0x1c build/stm32f1xx_hal_cortex.o
                0x08000294                HAL_NVIC_EnableIRQ
 .text.HAL_SYSTICK_Config
                0x080002b0       0x2c build/stm32f1xx_hal_cortex.o
                0x080002b0                HAL_SYSTICK_Config
 .text.DMA_SetConfig
                0x080002dc       0x2c build/stm32f1xx_hal_dma.o
 .text.HAL_DMA_Init
                0x08000308       0x6c build/stm32f1xx_hal_dma.o
                0x08000308                HAL_DMA_Init
 .text.HAL_DMA_Start_IT
                0x08000374       0x74 build/stm32f1xx_hal_dma.o
                0x08000374                HAL_DMA_Start_IT
 .text.HAL_DMA_IRQHandler
                0x080003e8      0x144 build/stm32f1xx_hal_dma.o
                0x080003e8                HAL_DMA_IRQHandler
 .text.FLASH_Program_HalfWord
                0x0800052c       0x1c build/stm32f1xx_hal_flash.o
 .text.FLASH_SetErrorCode
                0x08000548       0x70 build/stm32f1xx_hal_flash.o
 .text.HAL_FLASH_Unlock
                0x080005b8       0x34 build/stm32f1xx_hal_flash.o
                0x080005b8                HAL_FLASH_Unlock
 .text.HAL_FLASH_Lock
                0x080005ec       0x14 build/stm32f1xx_hal_flash.o
                0x080005ec                HAL_FLASH_Lock
 .text.FLASH_WaitForLastOperation
                0x08000600       0x68 build/stm32f1xx_hal_flash.o
                0x08000600                FLASH_WaitForLastOperation
 .text.HAL_FLASH_Program
                0x08000668       0x9c build/stm32f1xx_hal_flash.o
                0x08000668                HAL_FLASH_Program
 .text.HAL_GPIO_Init
                0x08000704      0x220 build/stm32f1xx_hal_gpio.o
                0x08000704                HAL_GPIO_Init
 .text.HAL_GPIO_WritePin
                0x08000924        0xc build/stm32f1xx_hal_gpio.o
                0x08000924                HAL_GPIO_WritePin
 .text.I2C_IsAcknowledgeFailed
                0x08000930       0x32 build/stm32f1xx_hal_i2c.o
 .text.I2C_WaitOnFlagUntilTimeout
                0x08000962       0x74 build/stm32f1xx_hal_i2c.o
 .text.I2C_WaitOnMasterAddressFlagUntilTimeout
                0x080009d6       0xaa build/stm32f1xx_hal_i2c.o
 .text.I2C_WaitOnTXEFlagUntilTimeout
                0x08000a80       0x54 build/stm32f1xx_hal_i2c.o
 .text.I2C_RequestMemoryRead
                0x08000ad4      0x130 build/stm32f1xx_hal_i2c.o
 .text.I2C_WaitOnRXNEFlagUntilTimeout
                0x08000c04       0x6a build/stm32f1xx_hal_i2c.o
 *fill*         0x08000c6e        0x2 
 .text.HAL_I2C_Init
                0x08000c70      0x1a8 build/stm32f1xx_hal_i2c.o
                0x08000c70                HAL_I2C_Init
 .text.HAL_I2C_Mem_Read
                0x08000e18      0x2fc build/stm32f1xx_hal_i2c.o
                0x08000e18                HAL_I2C_Mem_Read
 .text.RCC_Delay
                0x08001114       0x2c build/stm32f1xx_hal_rcc.o
 .text.HAL_RCC_OscConfig
                0x08001140      0x410 build/stm32f1xx_hal_rcc.o
                0x08001140                HAL_RCC_OscConfig
 .text.HAL_RCC_GetSysClockFreq
                0x08001550       0x6c build/stm32f1xx_hal_rcc.o
                0x08001550                HAL_RCC_GetSysClockFreq
 .text.HAL_RCC_ClockConfig
                0x080015bc      0x16c build/stm32f1xx_hal_rcc.o
                0x080015bc                HAL_RCC_ClockConfig
 .text.HAL_RCC_GetHCLKFreq
                0x08001728        0xc build/stm32f1xx_hal_rcc.o
                0x08001728                HAL_RCC_GetHCLKFreq
 .text.HAL_RCC_GetPCLK1Freq
                0x08001734       0x20 build/stm32f1xx_hal_rcc.o
                0x08001734                HAL_RCC_GetPCLK1Freq
 .text.HAL_RCC_GetPCLK2Freq
                0x08001754       0x20 build/stm32f1xx_hal_rcc.o
                0x08001754                HAL_RCC_GetPCLK2Freq
 .text.UART_EndTxTransfer
                0x08001774       0x12 build/stm32f1xx_hal_uart.o
 .text.UART_EndRxTransfer
                0x08001786       0x1c build/stm32f1xx_hal_uart.o
 *fill*         0x080017a2        0x2 
 .text.UART_SetConfig
                0x080017a4       0xcc build/stm32f1xx_hal_uart.o
 .text.UART_WaitOnFlagUntilTimeout
                0x08001870       0x68 build/stm32f1xx_hal_uart.o
 .text.HAL_UART_Init
                0x080018d8       0x5e build/stm32f1xx_hal_uart.o
                0x080018d8                HAL_UART_Init
 .text.HAL_UART_Transmit
                0x08001936       0xe0 build/stm32f1xx_hal_uart.o
                0x08001936                HAL_UART_Transmit
 *fill*         0x08001a16        0x2 
 .text.HAL_UART_Receive_DMA
                0x08001a18       0xa8 build/stm32f1xx_hal_uart.o
                0x08001a18                HAL_UART_Receive_DMA
 .text.UART_DMAReceiveCplt
                0x08001ac0       0x3e build/stm32f1xx_hal_uart.o
 .text.HAL_UART_RxHalfCpltCallback
                0x08001afe        0x2 build/stm32f1xx_hal_uart.o
                0x08001afe                HAL_UART_RxHalfCpltCallback
 .text.UART_DMARxHalfCplt
                0x08001b00        0xa build/stm32f1xx_hal_uart.o
 .text.HAL_UART_ErrorCallback
                0x08001b0a        0x2 build/stm32f1xx_hal_uart.o
                0x08001b0a                HAL_UART_ErrorCallback
 .text.UART_DMAError
                0x08001b0c       0x58 build/stm32f1xx_hal_uart.o
 .text.AS5600_ReadReg
                0x08001b64       0x30 build/as5600.o
                0x08001b64                AS5600_ReadReg
 .text.AS5600_GetRawAngle
                0x08001b94       0x1c build/as5600.o
                0x08001b94                AS5600_GetRawAngle
 .text.AS5600_SetZero
                0x08001bb0       0x10 build/as5600.o
                0x08001bb0                AS5600_SetZero
 .text.DWT_Init
                0x08001bc0       0x3c build/dwt_delay.o
                0x08001bc0                DWT_Init
 .text.DWT_Delay
                0x08001bfc       0x38 build/dwt_delay.o
                0x08001bfc                DWT_Delay
 .text.Flash_Write
                0x08001c34       0x1c build/flash.o
                0x08001c34                Flash_Write
 .text.main     0x08001c50       0x4c build/main.o
                0x08001c50                main
 .text.write_to_RAM
                0x08001c9c       0xd0 build/packet_handler.o
                0x08001c9c                write_to_RAM
 .text.store_motor_ID
                0x08001d6c        0xc build/packet_handler.o
                0x08001d6c                store_motor_ID
 .text.store_baud_rate
                0x08001d78       0x1c build/packet_handler.o
                0x08001d78                store_baud_rate
 .text.store_return_delay_time
                0x08001d94       0x1c build/packet_handler.o
                0x08001d94                store_return_delay_time
 .text.store_drive_mode
                0x08001db0       0x1c build/packet_handler.o
                0x08001db0                store_drive_mode
 .text.store_operating_mode
                0x08001dcc       0x1c build/packet_handler.o
                0x08001dcc                store_operating_mode
 .text.store_secondary_ID
                0x08001de8       0x1c build/packet_handler.o
                0x08001de8                store_secondary_ID
 .text.store_protocol_type
                0x08001e04       0x1c build/packet_handler.o
                0x08001e04                store_protocol_type
 .text.store_homing_offset
                0x08001e20       0x1c build/packet_handler.o
                0x08001e20                store_homing_offset
 .text.store_moving_threshold
                0x08001e3c       0x1c build/packet_handler.o
                0x08001e3c                store_moving_threshold
 .text.store_temperature_limit
                0x08001e58       0x1c build/packet_handler.o
                0x08001e58                store_temperature_limit
 .text.store_min_voltage_limit
                0x08001e74       0x1c build/packet_handler.o
                0x08001e74                store_min_voltage_limit
 .text.store_max_voltage_limit
                0x08001e90       0x1c build/packet_handler.o
                0x08001e90                store_max_voltage_limit
 .text.store_PWM_limit
                0x08001eac       0x18 build/packet_handler.o
                0x08001eac                store_PWM_limit
 .text.store_velocity_limit
                0x08001ec4       0x18 build/packet_handler.o
                0x08001ec4                store_velocity_limit
 .text.store_min_position_limit
                0x08001edc       0x18 build/packet_handler.o
                0x08001edc                store_min_position_limit
 .text.store_max_position_limit
                0x08001ef4       0x18 build/packet_handler.o
                0x08001ef4                store_max_position_limit
 .text.store_shutdown
                0x08001f0c       0x18 build/packet_handler.o
                0x08001f0c                store_shutdown
 .text.write_to_Flash
                0x08001f24       0xb2 build/packet_handler.o
                0x08001f24                write_to_Flash
 *fill*         0x08001fd6        0x2 
 .text.get_value_from_param
                0x08001fd8       0x1c build/packet_handler.o
                0x08001fd8                get_value_from_param
 .text.write    0x08001ff4       0x3c build/packet_handler.o
                0x08001ff4                write
 .text.updateCRC
                0x08002030       0x30 build/packet_handler.o
                0x08002030                updateCRC
 .text.ping     0x08002060       0x34 build/packet_handler.o
                0x08002060                ping
 .text.process_instruction
                0x08002094       0x30 build/packet_handler.o
                0x08002094                process_instruction
 .text.extract_message
                0x080020c4       0x94 build/packet_handler.o
                0x080020c4                extract_message
 .text.process_queue
                0x08002158       0x48 build/packet_handler.o
                0x08002158                process_queue
 .text.UART_DMA_Init
                0x080021a0       0x3c build/port_handler.o
                0x080021a0                UART_DMA_Init
 .text.rxBuffer_is_empty
                0x080021dc       0x28 build/port_handler.o
                0x080021dc                rxBuffer_is_empty
 .text.rxBuffer_Get
                0x08002204       0x3c build/port_handler.o
                0x08002204                rxBuffer_Get
 .text.UART_rx_transfer_to_queue
                0x08002240       0x34 build/port_handler.o
                0x08002240                UART_rx_transfer_to_queue
 .text.HAL_UART_RxCpltCallback
                0x08002274       0x14 build/port_handler.o
                0x08002274                HAL_UART_RxCpltCallback
 .text.transmit_buffer
                0x08002288       0x50 build/port_handler.o
                0x08002288                transmit_buffer
 .text.constructMessage
                0x080022d8       0x26 build/queue.o
                0x080022d8                constructMessage
 .text.isEmpty  0x080022fe       0x12 build/queue.o
                0x080022fe                isEmpty
 .text.nextRear
                0x08002310       0x12 build/queue.o
                0x08002310                nextRear
 .text.isFull   0x08002322       0x18 build/queue.o
                0x08002322                isFull
 .text.enQueue  0x0800233a       0x36 build/queue.o
                0x0800233a                enQueue
 .text.nextFront
                0x08002370       0x12 build/queue.o
                0x08002370                nextFront
 .text.deQueue  0x08002382       0x36 build/queue.o
                0x08002382                deQueue
 .text.DRV8825_setMode
                0x080023b8       0x30 build/stepper.o
                0x080023b8                DRV8825_setMode
 .text.DRV8825_enableStepper
                0x080023e8       0x14 build/stepper.o
                0x080023e8                DRV8825_enableStepper
 .text.DRV8825_initStepper
                0x080023fc       0x1c build/stepper.o
                0x080023fc                DRV8825_initStepper
 .text.HAL_MspInit
                0x08002418       0x44 build/stm32f1xx_hal_msp.o
                0x08002418                HAL_MspInit
 .text.HAL_I2C_MspInit
                0x0800245c       0x64 build/stm32f1xx_hal_msp.o
                0x0800245c                HAL_I2C_MspInit
 .text.HAL_UART_MspInit
                0x080024c0      0x108 build/stm32f1xx_hal_msp.o
                0x080024c0                HAL_UART_MspInit
 .text.NMI_Handler
                0x080025c8        0x2 build/stm32f1xx_it.o
                0x080025c8                NMI_Handler
 *fill*         0x080025ca        0x2 
 .text.HardFault_Handler
                0x080025cc       0x14 build/stm32f1xx_it.o
                0x080025cc                HardFault_Handler
 .text.MemManage_Handler
                0x080025e0        0x2 build/stm32f1xx_it.o
                0x080025e0                MemManage_Handler
 .text.BusFault_Handler
                0x080025e2        0x2 build/stm32f1xx_it.o
                0x080025e2                BusFault_Handler
 .text.UsageFault_Handler
                0x080025e4        0x2 build/stm32f1xx_it.o
                0x080025e4                UsageFault_Handler
 .text.SVC_Handler
                0x080025e6        0x2 build/stm32f1xx_it.o
                0x080025e6                SVC_Handler
 .text.DebugMon_Handler
                0x080025e8        0x2 build/stm32f1xx_it.o
                0x080025e8                DebugMon_Handler
 .text.PendSV_Handler
                0x080025ea        0x2 build/stm32f1xx_it.o
                0x080025ea                PendSV_Handler
 .text.SysTick_Handler
                0x080025ec        0x8 build/stm32f1xx_it.o
                0x080025ec                SysTick_Handler
 .text.DMA1_Channel4_IRQHandler
                0x080025f4       0x10 build/stm32f1xx_it.o
                0x080025f4                DMA1_Channel4_IRQHandler
 .text.DMA1_Channel5_IRQHandler
                0x08002604       0x10 build/stm32f1xx_it.o
                0x08002604                DMA1_Channel5_IRQHandler
 .text.USART1_IRQHandler
                0x08002614       0x34 build/stm32f1xx_it.o
                0x08002614                USART1_IRQHandler
 .text.SystemInit
                0x08002648       0x4c build/system_stm32f1xx.o
                0x08002648                SystemInit
 .text.MX_DMA_Init
                0x08002694       0x44 build/utility.o
                0x08002694                MX_DMA_Init
 .text.MX_GPIO_Init
                0x080026d8       0xa4 build/utility.o
                0x080026d8                MX_GPIO_Init
 .text.Error_Handler
                0x0800277c       0x30 build/utility.o
                0x0800277c                Error_Handler
 .text.SystemClock_Config
                0x080027ac       0x62 build/utility.o
                0x080027ac                SystemClock_Config
 *fill*         0x0800280e        0x2 
 .text.MX_I2C2_Init
                0x08002810       0x38 build/utility.o
                0x08002810                MX_I2C2_Init
 .text.MX_USART1_UART_Init
                0x08002848       0x34 build/utility.o
                0x08002848                MX_USART1_UART_Init
 .text.Reset_Handler
                0x0800287c       0x4c build/startup_stm32f103xb.o
                0x0800287c                Reset_Handler
 .text.Default_Handler
                0x080028c8        0x2 build/startup_stm32f103xb.o
                0x080028c8                RTC_Alarm_IRQHandler
                0x080028c8                EXTI2_IRQHandler
                0x080028c8                TIM1_CC_IRQHandler
                0x080028c8                PVD_IRQHandler
                0x080028c8                EXTI3_IRQHandler
                0x080028c8                EXTI0_IRQHandler
                0x080028c8                I2C2_EV_IRQHandler
                0x080028c8                ADC1_2_IRQHandler
                0x080028c8                SPI1_IRQHandler
                0x080028c8                TAMPER_IRQHandler
                0x080028c8                USART3_IRQHandler
                0x080028c8                RTC_IRQHandler
                0x080028c8                DMA1_Channel7_IRQHandler
                0x080028c8                CAN1_RX1_IRQHandler
                0x080028c8                TIM4_IRQHandler
                0x080028c8                I2C1_EV_IRQHandler
                0x080028c8                DMA1_Channel6_IRQHandler
                0x080028c8                TIM3_IRQHandler
                0x080028c8                RCC_IRQHandler
                0x080028c8                TIM1_TRG_COM_IRQHandler
                0x080028c8                DMA1_Channel1_IRQHandler
                0x080028c8                Default_Handler
                0x080028c8                EXTI15_10_IRQHandler
                0x080028c8                EXTI9_5_IRQHandler
                0x080028c8                SPI2_IRQHandler
                0x080028c8                EXTI4_IRQHandler
                0x080028c8                USB_LP_CAN1_RX0_IRQHandler
                0x080028c8                USB_HP_CAN1_TX_IRQHandler
                0x080028c8                DMA1_Channel3_IRQHandler
                0x080028c8                TIM1_UP_IRQHandler
                0x080028c8                WWDG_IRQHandler
                0x080028c8                TIM2_IRQHandler
                0x080028c8                TIM1_BRK_IRQHandler
                0x080028c8                EXTI1_IRQHandler
                0x080028c8                USART2_IRQHandler
                0x080028c8                I2C2_ER_IRQHandler
                0x080028c8                DMA1_Channel2_IRQHandler
                0x080028c8                CAN1_SCE_IRQHandler
                0x080028c8                FLASH_IRQHandler
                0x080028c8                I2C1_ER_IRQHandler
                0x080028c8                USBWakeUp_IRQHandler
 *fill*         0x080028ca        0x2 
 .text.__libc_init_array
                0x080028cc       0x48 c:/program files (x86)/gnu tools arm embedded/9 2019-q4-major/bin/../lib/gcc/arm-none-eabi/9.2.1/../../../../arm-none-eabi/lib/thumb/v7-m/nofp\libc.a(lib_a-init.o)
                0x080028cc                __libc_init_array
 .text.malloc   0x08002914       0x10 c:/program files (x86)/gnu tools arm embedded/9 2019-q4-major/bin/../lib/gcc/arm-none-eabi/9.2.1/../../../../arm-none-eabi/lib/thumb/v7-m/nofp\libc.a(lib_a-malloc.o)
                0x08002914                malloc
 .text._malloc_r
                0x08002924      0x55c c:/program files (x86)/gnu tools arm embedded/9 2019-q4-major/bin/../lib/gcc/arm-none-eabi/9.2.1/../../../../arm-none-eabi/lib/thumb/v7-m/nofp\libc.a(lib_a-mallocr.o)
                0x08002924                _malloc_r
 .text.__malloc_lock
                0x08002e80        0xc c:/program files (x86)/gnu tools arm embedded/9 2019-q4-major/bin/../lib/gcc/arm-none-eabi/9.2.1/../../../../arm-none-eabi/lib/thumb/v7-m/nofp\libc.a(lib_a-mlock.o)
                0x08002e80                __malloc_lock
 .text.__malloc_unlock
                0x08002e8c        0xc c:/program files (x86)/gnu tools arm embedded/9 2019-q4-major/bin/../lib/gcc/arm-none-eabi/9.2.1/../../../../arm-none-eabi/lib/thumb/v7-m/nofp\libc.a(lib_a-mlock.o)
                0x08002e8c                __malloc_unlock
 .text._sbrk_r  0x08002e98       0x24 c:/program files (x86)/gnu tools arm embedded/9 2019-q4-major/bin/../lib/gcc/arm-none-eabi/9.2.1/../../../../arm-none-eabi/lib/thumb/v7-m/nofp\libc.a(lib_a-sbrkr.o)
                0x08002e98                _sbrk_r
 .text.startup.register_fini
                0x08002ebc       0x14 c:/program files (x86)/gnu tools arm embedded/9 2019-q4-major/bin/../lib/gcc/arm-none-eabi/9.2.1/../../../../arm-none-eabi/lib/thumb/v7-m/nofp\libc.a(lib_a-__call_atexit.o)
 .text.atexit   0x08002ed0        0xc c:/program files (x86)/gnu tools arm embedded/9 2019-q4-major/bin/../lib/gcc/arm-none-eabi/9.2.1/../../../../arm-none-eabi/lib/thumb/v7-m/nofp\libc.a(lib_a-atexit.o)
                0x08002ed0                atexit
 .text.__libc_fini_array
                0x08002edc       0x2c c:/program files (x86)/gnu tools arm embedded/9 2019-q4-major/bin/../lib/gcc/arm-none-eabi/9.2.1/../../../../arm-none-eabi/lib/thumb/v7-m/nofp\libc.a(lib_a-fini.o)
                0x08002edc                __libc_fini_array
 .text._malloc_trim_r
                0x08002f08       0xa0 c:/program files (x86)/gnu tools arm embedded/9 2019-q4-major/bin/../lib/gcc/arm-none-eabi/9.2.1/../../../../arm-none-eabi/lib/thumb/v7-m/nofp\libc.a(lib_a-freer.o)
                0x08002f08                _malloc_trim_r
 .text._free_r  0x08002fa8      0x20c c:/program files (x86)/gnu tools arm embedded/9 2019-q4-major/bin/../lib/gcc/arm-none-eabi/9.2.1/../../../../arm-none-eabi/lib/thumb/v7-m/nofp\libc.a(lib_a-freer.o)
                0x08002fa8                _free_r
 .text.__retarget_lock_acquire_recursive
                0x080031b4        0x4 c:/program files (x86)/gnu tools arm embedded/9 2019-q4-major/bin/../lib/gcc/arm-none-eabi/9.2.1/../../../../arm-none-eabi/lib/thumb/v7-m/nofp\libc.a(lib_a-lock.o)
                0x080031b4                __retarget_lock_acquire_recursive
 .text.__retarget_lock_release_recursive
                0x080031b8        0x4 c:/program files (x86)/gnu tools arm embedded/9 2019-q4-major/bin/../lib/gcc/arm-none-eabi/9.2.1/../../../../arm-none-eabi/lib/thumb/v7-m/nofp\libc.a(lib_a-lock.o)
                0x080031b8                __retarget_lock_release_recursive
 .text.__register_exitproc
                0x080031bc       0x8c c:/program files (x86)/gnu tools arm embedded/9 2019-q4-major/bin/../lib/gcc/arm-none-eabi/9.2.1/../../../../arm-none-eabi/lib/thumb/v7-m/nofp\libc.a(lib_a-__atexit.o)
                0x080031bc                __register_exitproc
 .text._sbrk    0x08003248       0x1c c:/program files (x86)/gnu tools arm embedded/9 2019-q4-major/bin/../lib/gcc/arm-none-eabi/9.2.1/../../../../arm-none-eabi/lib/thumb/v7-m/nofp\libnosys.a(sbrk.o)
                0x08003248                _sbrk
 *(.glue_7)
 .glue_7        0x08003264        0x0 linker stubs
 *(.glue_7t)
 .glue_7t       0x08003264        0x0 linker stubs
 *(.eh_frame)
 .eh_frame      0x08003264        0x0 c:/program files (x86)/gnu tools arm embedded/9 2019-q4-major/bin/../lib/gcc/arm-none-eabi/9.2.1/thumb/v7-m/nofp/crtbegin.o
 *(.init)
 .init          0x08003264        0x4 c:/program files (x86)/gnu tools arm embedded/9 2019-q4-major/bin/../lib/gcc/arm-none-eabi/9.2.1/thumb/v7-m/nofp/crti.o
                0x08003264                _init
 .init          0x08003268        0x8 c:/program files (x86)/gnu tools arm embedded/9 2019-q4-major/bin/../lib/gcc/arm-none-eabi/9.2.1/thumb/v7-m/nofp/crtn.o
 *(.fini)
 .fini          0x08003270        0x4 c:/program files (x86)/gnu tools arm embedded/9 2019-q4-major/bin/../lib/gcc/arm-none-eabi/9.2.1/thumb/v7-m/nofp/crti.o
                0x08003270                _fini
 .fini          0x08003274        0x8 c:/program files (x86)/gnu tools arm embedded/9 2019-q4-major/bin/../lib/gcc/arm-none-eabi/9.2.1/thumb/v7-m/nofp/crtn.o
                0x0800327c                . = ALIGN (0x4)
                0x0800327c                _etext = .

.vfp11_veneer   0x0800327c        0x0
 .vfp11_veneer  0x0800327c        0x0 linker stubs

.v4_bx          0x0800327c        0x0
 .v4_bx         0x0800327c        0x0 linker stubs

.iplt           0x0800327c        0x0
 .iplt          0x0800327c        0x0 c:/program files (x86)/gnu tools arm embedded/9 2019-q4-major/bin/../lib/gcc/arm-none-eabi/9.2.1/thumb/v7-m/nofp/crtbegin.o

.rodata         0x0800327c      0x240
                0x0800327c                . = ALIGN (0x4)
 *(.rodata)
 .rodata        0x0800327c        0xe build/packet_handler.o
 *(.rodata*)
 *fill*         0x0800328a        0x2 
 .rodata.HAL_RCC_GetSysClockFreq.str1.4
                0x0800328c       0x11 build/stm32f1xx_hal_rcc.o
 *fill*         0x0800329d        0x3 
 .rodata.crc_table.8401
                0x080032a0      0x200 build/packet_handler.o
 .rodata.AHBPrescTable
                0x080034a0       0x10 build/system_stm32f1xx.o
                0x080034a0                AHBPrescTable
 .rodata.APBPrescTable
                0x080034b0        0x8 build/system_stm32f1xx.o
                0x080034b0                APBPrescTable
 .rodata._global_impure_ptr
                0x080034b8        0x4 c:/program files (x86)/gnu tools arm embedded/9 2019-q4-major/bin/../lib/gcc/arm-none-eabi/9.2.1/../../../../arm-none-eabi/lib/thumb/v7-m/nofp\libc.a(lib_a-impure.o)
                0x080034b8                _global_impure_ptr
                0x080034bc                . = ALIGN (0x4)

.rel.dyn        0x080034bc        0x0
 .rel.iplt      0x080034bc        0x0 c:/program files (x86)/gnu tools arm embedded/9 2019-q4-major/bin/../lib/gcc/arm-none-eabi/9.2.1/thumb/v7-m/nofp/crtbegin.o

.ARM.extab
 *(.ARM.extab* .gnu.linkonce.armextab.*)

.ARM            0x080034bc        0x0
                0x080034bc                __exidx_start = .
 *(.ARM.exidx*)
                0x080034bc                __exidx_end = .

.preinit_array  0x080034bc        0x0
                0x080034bc                PROVIDE (__preinit_array_start = .)
 *(.preinit_array*)
                0x080034bc                PROVIDE (__preinit_array_end = .)

.init_array     0x080034bc        0x8
                0x080034bc                PROVIDE (__init_array_start = .)
 *(SORT_BY_NAME(.init_array.*))
 .init_array.00000
                0x080034bc        0x4 c:/program files (x86)/gnu tools arm embedded/9 2019-q4-major/bin/../lib/gcc/arm-none-eabi/9.2.1/../../../../arm-none-eabi/lib/thumb/v7-m/nofp\libc.a(lib_a-__call_atexit.o)
 *(.init_array*)
 .init_array    0x080034c0        0x4 c:/program files (x86)/gnu tools arm embedded/9 2019-q4-major/bin/../lib/gcc/arm-none-eabi/9.2.1/thumb/v7-m/nofp/crtbegin.o
                0x080034c4                PROVIDE (__init_array_end = .)

.fini_array     0x080034c4        0x4
                0x080034c4                PROVIDE (__fini_array_start = .)
 *(SORT_BY_NAME(.fini_array.*))
 *(.fini_array*)
 .fini_array    0x080034c4        0x4 c:/program files (x86)/gnu tools arm embedded/9 2019-q4-major/bin/../lib/gcc/arm-none-eabi/9.2.1/thumb/v7-m/nofp/crtbegin.o
                0x080034c8                PROVIDE (__fini_array_end = .)
                0x080034c8                _sidata = LOADADDR (.data)

.data           0x20000000      0x854 load address 0x080034c8
                0x20000000                . = ALIGN (0x4)
                0x20000000                _sdata = .
 *(.data)
 *(.data*)
 .data.uwTickFreq
                0x20000000        0x1 build/stm32f1xx_hal.o
                0x20000000                uwTickFreq
 *fill*         0x20000001        0x3 
 .data.uwTickPrio
                0x20000004        0x4 build/stm32f1xx_hal.o
                0x20000004                uwTickPrio
 .data.delay_transmit_uS
                0x20000008        0x4 build/packet_handler.o
                0x20000008                delay_transmit_uS
 .data.SystemCoreClock
                0x2000000c        0x4 build/system_stm32f1xx.o
                0x2000000c                SystemCoreClock
 .data._impure_ptr
                0x20000010        0x4 c:/program files (x86)/gnu tools arm embedded/9 2019-q4-major/bin/../lib/gcc/arm-none-eabi/9.2.1/../../../../arm-none-eabi/lib/thumb/v7-m/nofp\libc.a(lib_a-impure.o)
                0x20000010                _impure_ptr
 *fill*         0x20000014        0x4 
 .data.impure_data
                0x20000018      0x428 c:/program files (x86)/gnu tools arm embedded/9 2019-q4-major/bin/../lib/gcc/arm-none-eabi/9.2.1/../../../../arm-none-eabi/lib/thumb/v7-m/nofp\libc.a(lib_a-impure.o)
 .data.__malloc_av_
                0x20000440      0x408 c:/program files (x86)/gnu tools arm embedded/9 2019-q4-major/bin/../lib/gcc/arm-none-eabi/9.2.1/../../../../arm-none-eabi/lib/thumb/v7-m/nofp\libc.a(lib_a-mallocr.o)
                0x20000440                __malloc_av_
 .data.__malloc_sbrk_base
                0x20000848        0x4 c:/program files (x86)/gnu tools arm embedded/9 2019-q4-major/bin/../lib/gcc/arm-none-eabi/9.2.1/../../../../arm-none-eabi/lib/thumb/v7-m/nofp\libc.a(lib_a-mallocr.o)
                0x20000848                __malloc_sbrk_base
 .data.__malloc_trim_threshold
                0x2000084c        0x4 c:/program files (x86)/gnu tools arm embedded/9 2019-q4-major/bin/../lib/gcc/arm-none-eabi/9.2.1/../../../../arm-none-eabi/lib/thumb/v7-m/nofp\libc.a(lib_a-mallocr.o)
                0x2000084c                __malloc_trim_threshold
 .data.__atexit_recursive_mutex
                0x20000850        0x4 c:/program files (x86)/gnu tools arm embedded/9 2019-q4-major/bin/../lib/gcc/arm-none-eabi/9.2.1/../../../../arm-none-eabi/lib/thumb/v7-m/nofp\libc.a(lib_a-__call_atexit.o)
                0x20000850                __atexit_recursive_mutex
                0x20000854                . = ALIGN (0x4)
                0x20000854                _edata = .

.igot.plt       0x20000854        0x0 load address 0x08003d1c
 .igot.plt      0x20000854        0x0 c:/program files (x86)/gnu tools arm embedded/9 2019-q4-major/bin/../lib/gcc/arm-none-eabi/9.2.1/thumb/v7-m/nofp/crtbegin.o
                0x20000854                . = ALIGN (0x4)

.bss            0x20000858      0x31c load address 0x08003d1c
                0x20000858                _sbss = .
                0x20000858                __bss_start__ = _sbss
 *(.bss)
 .bss           0x20000858       0x1c c:/program files (x86)/gnu tools arm embedded/9 2019-q4-major/bin/../lib/gcc/arm-none-eabi/9.2.1/thumb/v7-m/nofp/crtbegin.o
 *(.bss*)
 .bss.forensicCounter.8147
                0x20000874        0x1 build/packet_handler.o
 *fill*         0x20000875        0x3 
 .bss.__malloc_current_mallinfo
                0x20000878       0x28 c:/program files (x86)/gnu tools arm embedded/9 2019-q4-major/bin/../lib/gcc/arm-none-eabi/9.2.1/../../../../arm-none-eabi/lib/thumb/v7-m/nofp\libc.a(lib_a-mallocr.o)
                0x20000878                __malloc_current_mallinfo
 .bss.__malloc_max_sbrked_mem
                0x200008a0        0x4 c:/program files (x86)/gnu tools arm embedded/9 2019-q4-major/bin/../lib/gcc/arm-none-eabi/9.2.1/../../../../arm-none-eabi/lib/thumb/v7-m/nofp\libc.a(lib_a-mallocr.o)
                0x200008a0                __malloc_max_sbrked_mem
 .bss.__malloc_max_total_mem
                0x200008a4        0x4 c:/program files (x86)/gnu tools arm embedded/9 2019-q4-major/bin/../lib/gcc/arm-none-eabi/9.2.1/../../../../arm-none-eabi/lib/thumb/v7-m/nofp\libc.a(lib_a-mallocr.o)
                0x200008a4                __malloc_max_total_mem
 .bss.__malloc_top_pad
                0x200008a8        0x4 c:/program files (x86)/gnu tools arm embedded/9 2019-q4-major/bin/../lib/gcc/arm-none-eabi/9.2.1/../../../../arm-none-eabi/lib/thumb/v7-m/nofp\libc.a(lib_a-mallocr.o)
                0x200008a8                __malloc_top_pad
 .bss.heap_end.4144
                0x200008ac        0x4 c:/program files (x86)/gnu tools arm embedded/9 2019-q4-major/bin/../lib/gcc/arm-none-eabi/9.2.1/../../../../arm-none-eabi/lib/thumb/v7-m/nofp\libnosys.a(sbrk.o)
 *(COMMON)
 COMMON         0x200008b0        0x4 build/stm32f1xx_hal.o
                0x200008b0                uwTick
 *fill*         0x200008b4        0x4 
 COMMON         0x200008b8       0x20 build/stm32f1xx_hal_flash.o
                0x200008b8                pFlash
 COMMON         0x200008d8        0x2 build/as5600.o
                0x200008d8                enc
 *fill*         0x200008da        0x2 
 COMMON         0x200008dc       0x88 build/main.o
                0x200008dc                rd_ptr
                0x200008e0                message
                0x200008e4                rxBuffer
                0x20000924                txBuffer
 COMMON         0x20000964       0xc0 build/packet_handler.o
                0x20000964                param
                0x20000978                stored_param
                0x2000097c                runtime_param
                0x20000980                crc
                0x20000982                instruction
                0x20000984                messages
 COMMON         0x20000a24        0x2 build/port_handler.o
                0x20000a24                message_transferred
                0x20000a25                temp_length
 *fill*         0x20000a26        0x2 
 COMMON         0x20000a28        0x8 build/stepper.o
                0x20000a28                m
 COMMON         0x20000a30      0x11c build/utility.o
                0x20000a30                hi2c2
                0x20000a84                hdma_usart1_tx
                0x20000ac8                hdma_usart1_rx
                0x20000b0c                huart1
 COMMON         0x20000b4c       0x21 c:/program files (x86)/gnu tools arm embedded/9 2019-q4-major/bin/../lib/gcc/arm-none-eabi/9.2.1/../../../../arm-none-eabi/lib/thumb/v7-m/nofp\libc.a(lib_a-lock.o)
                0x20000b4c                __lock___atexit_recursive_mutex
                0x20000b50                __lock___arc4random_mutex
                0x20000b54                __lock___env_recursive_mutex
                0x20000b58                __lock___sinit_recursive_mutex
                0x20000b5c                __lock___malloc_recursive_mutex
                0x20000b60                __lock___at_quick_exit_mutex
                0x20000b64                __lock___dd_hash_mutex
                0x20000b68                __lock___tz_mutex
                0x20000b6c                __lock___sfp_recursive_mutex
 *fill*         0x20000b6d        0x3 
 COMMON         0x20000b70        0x4 c:/program files (x86)/gnu tools arm embedded/9 2019-q4-major/bin/../lib/gcc/arm-none-eabi/9.2.1/../../../../arm-none-eabi/lib/thumb/v7-m/nofp\libc.a(lib_a-reent.o)
                0x20000b70                errno
                0x20000b74                . = ALIGN (0x4)
                0x20000b74                _ebss = .
                0x20000b74                __bss_end__ = _ebss

._user_heap_stack
                0x20000b74      0x604 load address 0x08003d1c
                0x20000b78                . = ALIGN (0x8)
 *fill*         0x20000b74        0x4 
                0x20000b78                PROVIDE (end = .)
                [!provide]                PROVIDE (_end = .)
                0x20000d78                . = (. + _Min_Heap_Size)
 *fill*         0x20000b78      0x200 
                0x20001178                . = (. + _Min_Stack_Size)
 *fill*         0x20000d78      0x400 
                0x20001178                . = ALIGN (0x8)

/DISCARD/
 libc.a(*)
 libm.a(*)
 libgcc.a(*)

.ARM.attributes
                0x00000000       0x29
 *(.ARM.attributes)
 .ARM.attributes
                0x00000000       0x1d c:/program files (x86)/gnu tools arm embedded/9 2019-q4-major/bin/../lib/gcc/arm-none-eabi/9.2.1/thumb/v7-m/nofp/crti.o
 .ARM.attributes
                0x0000001d       0x2d c:/program files (x86)/gnu tools arm embedded/9 2019-q4-major/bin/../lib/gcc/arm-none-eabi/9.2.1/thumb/v7-m/nofp/crtbegin.o
 .ARM.attributes
                0x0000004a       0x2d build/stm32f1xx_hal.o
 .ARM.attributes
                0x00000077       0x2d build/stm32f1xx_hal_cortex.o
 .ARM.attributes
                0x000000a4       0x2d build/stm32f1xx_hal_dma.o
 .ARM.attributes
                0x000000d1       0x2d build/stm32f1xx_hal_flash.o
 .ARM.attributes
                0x000000fe       0x2d build/stm32f1xx_hal_gpio.o
 .ARM.attributes
                0x0000012b       0x2d build/stm32f1xx_hal_i2c.o
 .ARM.attributes
                0x00000158       0x2d build/stm32f1xx_hal_rcc.o
 .ARM.attributes
                0x00000185       0x2d build/stm32f1xx_hal_uart.o
 .ARM.attributes
                0x000001b2       0x2d build/as5600.o
 .ARM.attributes
                0x000001df       0x2d build/dwt_delay.o
 .ARM.attributes
                0x0000020c       0x2d build/flash.o
 .ARM.attributes
                0x00000239       0x2d build/main.o
 .ARM.attributes
                0x00000266       0x2d build/packet_handler.o
 .ARM.attributes
                0x00000293       0x2d build/port_handler.o
 .ARM.attributes
                0x000002c0       0x2d build/queue.o
 .ARM.attributes
                0x000002ed       0x2d build/stepper.o
 .ARM.attributes
                0x0000031a       0x2d build/stm32f1xx_hal_msp.o
 .ARM.attributes
                0x00000347       0x2d build/stm32f1xx_it.o
 .ARM.attributes
                0x00000374       0x2d build/system_stm32f1xx.o
 .ARM.attributes
                0x000003a1       0x2d build/utility.o
 .ARM.attributes
                0x000003ce       0x21 build/startup_stm32f103xb.o
 .ARM.attributes
                0x000003ef       0x2d c:/program files (x86)/gnu tools arm embedded/9 2019-q4-major/bin/../lib/gcc/arm-none-eabi/9.2.1/../../../../arm-none-eabi/lib/thumb/v7-m/nofp\libc.a(lib_a-impure.o)
 .ARM.attributes
                0x0000041c       0x2d c:/program files (x86)/gnu tools arm embedded/9 2019-q4-major/bin/../lib/gcc/arm-none-eabi/9.2.1/../../../../arm-none-eabi/lib/thumb/v7-m/nofp\libc.a(lib_a-init.o)
 .ARM.attributes
                0x00000449       0x2d c:/program files (x86)/gnu tools arm embedded/9 2019-q4-major/bin/../lib/gcc/arm-none-eabi/9.2.1/../../../../arm-none-eabi/lib/thumb/v7-m/nofp\libc.a(lib_a-malloc.o)
 .ARM.attributes
                0x00000476       0x2d c:/program files (x86)/gnu tools arm embedded/9 2019-q4-major/bin/../lib/gcc/arm-none-eabi/9.2.1/../../../../arm-none-eabi/lib/thumb/v7-m/nofp\libc.a(lib_a-mallocr.o)
 .ARM.attributes
                0x000004a3       0x2d c:/program files (x86)/gnu tools arm embedded/9 2019-q4-major/bin/../lib/gcc/arm-none-eabi/9.2.1/../../../../arm-none-eabi/lib/thumb/v7-m/nofp\libc.a(lib_a-mlock.o)
 .ARM.attributes
                0x000004d0       0x2d c:/program files (x86)/gnu tools arm embedded/9 2019-q4-major/bin/../lib/gcc/arm-none-eabi/9.2.1/../../../../arm-none-eabi/lib/thumb/v7-m/nofp\libc.a(lib_a-sbrkr.o)
 .ARM.attributes
                0x000004fd       0x2d c:/program files (x86)/gnu tools arm embedded/9 2019-q4-major/bin/../lib/gcc/arm-none-eabi/9.2.1/../../../../arm-none-eabi/lib/thumb/v7-m/nofp\libc.a(lib_a-__call_atexit.o)
 .ARM.attributes
                0x0000052a       0x2d c:/program files (x86)/gnu tools arm embedded/9 2019-q4-major/bin/../lib/gcc/arm-none-eabi/9.2.1/../../../../arm-none-eabi/lib/thumb/v7-m/nofp\libc.a(lib_a-atexit.o)
 .ARM.attributes
                0x00000557       0x2d c:/program files (x86)/gnu tools arm embedded/9 2019-q4-major/bin/../lib/gcc/arm-none-eabi/9.2.1/../../../../arm-none-eabi/lib/thumb/v7-m/nofp\libc.a(lib_a-fini.o)
 .ARM.attributes
                0x00000584       0x2d c:/program files (x86)/gnu tools arm embedded/9 2019-q4-major/bin/../lib/gcc/arm-none-eabi/9.2.1/../../../../arm-none-eabi/lib/thumb/v7-m/nofp\libc.a(lib_a-freer.o)
 .ARM.attributes
                0x000005b1       0x2d c:/program files (x86)/gnu tools arm embedded/9 2019-q4-major/bin/../lib/gcc/arm-none-eabi/9.2.1/../../../../arm-none-eabi/lib/thumb/v7-m/nofp\libc.a(lib_a-lock.o)
 .ARM.attributes
                0x000005de       0x2d c:/program files (x86)/gnu tools arm embedded/9 2019-q4-major/bin/../lib/gcc/arm-none-eabi/9.2.1/../../../../arm-none-eabi/lib/thumb/v7-m/nofp\libc.a(lib_a-reent.o)
 .ARM.attributes
                0x0000060b       0x2d c:/program files (x86)/gnu tools arm embedded/9 2019-q4-major/bin/../lib/gcc/arm-none-eabi/9.2.1/../../../../arm-none-eabi/lib/thumb/v7-m/nofp\libc.a(lib_a-__atexit.o)
 .ARM.attributes
                0x00000638       0x2d c:/program files (x86)/gnu tools arm embedded/9 2019-q4-major/bin/../lib/gcc/arm-none-eabi/9.2.1/../../../../arm-none-eabi/lib/thumb/v7-m/nofp\libnosys.a(sbrk.o)
 .ARM.attributes
                0x00000665       0x1d c:/program files (x86)/gnu tools arm embedded/9 2019-q4-major/bin/../lib/gcc/arm-none-eabi/9.2.1/thumb/v7-m/nofp/crtn.o
OUTPUT(build/BlackWidow.elf elf32-littlearm)

.debug_info     0x00000000    0x155aa
 .debug_info    0x00000000      0x8c6 build/stm32f1xx_hal.o
 .debug_info    0x000008c6      0xee9 build/stm32f1xx_hal_cortex.o
 .debug_info    0x000017af      0x9a7 build/stm32f1xx_hal_dma.o
 .debug_info    0x00002156      0x7d0 build/stm32f1xx_hal_flash.o
 .debug_info    0x00002926      0x7a8 build/stm32f1xx_hal_gpio.o
 .debug_info    0x000030ce     0x3bbc build/stm32f1xx_hal_i2c.o
 .debug_info    0x00006c8a      0xb59 build/stm32f1xx_hal_rcc.o
 .debug_info    0x000077e3     0x1a9a build/stm32f1xx_hal_uart.o
 .debug_info    0x0000927d      0xaf5 build/as5600.o
 .debug_info    0x00009d72      0x3fb build/dwt_delay.o
 .debug_info    0x0000a16d      0xbd2 build/flash.o
 .debug_info    0x0000ad3f      0xeaa build/main.o
 .debug_info    0x0000bbe9     0x1d06 build/packet_handler.o
 .debug_info    0x0000d8ef     0x13f7 build/port_handler.o
 .debug_info    0x0000ece6      0xd43 build/queue.o
 .debug_info    0x0000fa29      0xeee build/stepper.o
 .debug_info    0x00010917     0x19f0 build/stm32f1xx_hal_msp.o
 .debug_info    0x00012307     0x125e build/stm32f1xx_it.o
 .debug_info    0x00013565      0x4cf build/system_stm32f1xx.o
 .debug_info    0x00013a34     0x1b54 build/utility.o
 .debug_info    0x00015588       0x22 build/startup_stm32f103xb.o

.debug_abbrev   0x00000000     0x33d9
 .debug_abbrev  0x00000000      0x22f build/stm32f1xx_hal.o
 .debug_abbrev  0x0000022f      0x37f build/stm32f1xx_hal_cortex.o
 .debug_abbrev  0x000005ae      0x283 build/stm32f1xx_hal_dma.o
 .debug_abbrev  0x00000831      0x2aa build/stm32f1xx_hal_flash.o
 .debug_abbrev  0x00000adb      0x24f build/stm32f1xx_hal_gpio.o
 .debug_abbrev  0x00000d2a      0x332 build/stm32f1xx_hal_i2c.o
 .debug_abbrev  0x0000105c      0x2ad build/stm32f1xx_hal_rcc.o
 .debug_abbrev  0x00001309      0x2ea build/stm32f1xx_hal_uart.o
 .debug_abbrev  0x000015f3      0x25f build/as5600.o
 .debug_abbrev  0x00001852      0x149 build/dwt_delay.o
 .debug_abbrev  0x0000199b      0x23e build/flash.o
 .debug_abbrev  0x00001bd9      0x2b7 build/main.o
 .debug_abbrev  0x00001e90      0x441 build/packet_handler.o
 .debug_abbrev  0x000022d1      0x2d4 build/port_handler.o
 .debug_abbrev  0x000025a5      0x28d build/queue.o
 .debug_abbrev  0x00002832      0x2bb build/stepper.o
 .debug_abbrev  0x00002aed      0x2a3 build/stm32f1xx_hal_msp.o
 .debug_abbrev  0x00002d90      0x25f build/stm32f1xx_it.o
 .debug_abbrev  0x00002fef      0x153 build/system_stm32f1xx.o
 .debug_abbrev  0x00003142      0x285 build/utility.o
 .debug_abbrev  0x000033c7       0x12 build/startup_stm32f103xb.o

.debug_loc      0x00000000     0xa400
 .debug_loc     0x00000000      0x1bb build/stm32f1xx_hal.o
 .debug_loc     0x000001bb      0x7af build/stm32f1xx_hal_cortex.o
 .debug_loc     0x0000096a      0x901 build/stm32f1xx_hal_dma.o
 .debug_loc     0x0000126b      0x443 build/stm32f1xx_hal_flash.o
 .debug_loc     0x000016ae      0x50e build/stm32f1xx_hal_gpio.o
 .debug_loc     0x00001bbc     0x492c build/stm32f1xx_hal_i2c.o
 .debug_loc     0x000064e8      0x7c0 build/stm32f1xx_hal_rcc.o
 .debug_loc     0x00006ca8     0x1d1b build/stm32f1xx_hal_uart.o
 .debug_loc     0x000089c3      0x301 build/as5600.o
 .debug_loc     0x00008cc4       0x85 build/dwt_delay.o
 .debug_loc     0x00008d49       0x8c build/flash.o
 .debug_loc     0x00008dd5       0x7a build/main.o
 .debug_loc     0x00008e4f      0xba8 build/packet_handler.o
 .debug_loc     0x000099f7      0x1bb build/port_handler.o
 .debug_loc     0x00009bb2      0x210 build/queue.o
 .debug_loc     0x00009dc2      0x124 build/stepper.o
 .debug_loc     0x00009ee6      0x241 build/stm32f1xx_hal_msp.o
 .debug_loc     0x0000a127       0xc4 build/stm32f1xx_it.o
 .debug_loc     0x0000a1eb       0xff build/system_stm32f1xx.o
 .debug_loc     0x0000a2ea      0x116 build/utility.o

.debug_aranges  0x00000000      0xc38
 .debug_aranges
                0x00000000       0xe0 build/stm32f1xx_hal.o
 .debug_aranges
                0x000000e0       0x90 build/stm32f1xx_hal_cortex.o
 .debug_aranges
                0x00000170       0x80 build/stm32f1xx_hal_dma.o
 .debug_aranges
                0x000001f0       0x88 build/stm32f1xx_hal_flash.o
 .debug_aranges
                0x00000278       0x58 build/stm32f1xx_hal_gpio.o
 .debug_aranges
                0x000002d0      0x290 build/stm32f1xx_hal_i2c.o
 .debug_aranges
                0x00000560       0x90 build/stm32f1xx_hal_rcc.o
 .debug_aranges
                0x000005f0      0x1d0 build/stm32f1xx_hal_uart.o
 .debug_aranges
                0x000007c0       0x68 build/as5600.o
 .debug_aranges
                0x00000828       0x28 build/dwt_delay.o
 .debug_aranges
                0x00000850       0x28 build/flash.o
 .debug_aranges
                0x00000878       0x28 build/main.o
 .debug_aranges
                0x000008a0      0x148 build/packet_handler.o
 .debug_aranges
                0x000009e8       0x48 build/port_handler.o
 .debug_aranges
                0x00000a30       0x58 build/queue.o
 .debug_aranges
                0x00000a88       0x60 build/stepper.o
 .debug_aranges
                0x00000ae8       0x40 build/stm32f1xx_hal_msp.o
 .debug_aranges
                0x00000b28       0x78 build/stm32f1xx_it.o
 .debug_aranges
                0x00000ba0       0x28 build/system_stm32f1xx.o
 .debug_aranges
                0x00000bc8       0x48 build/utility.o
 .debug_aranges
                0x00000c10       0x28 build/startup_stm32f103xb.o

.debug_ranges   0x00000000      0xbb8
 .debug_ranges  0x00000000       0xd0 build/stm32f1xx_hal.o
 .debug_ranges  0x000000d0       0xe0 build/stm32f1xx_hal_cortex.o
 .debug_ranges  0x000001b0       0x70 build/stm32f1xx_hal_dma.o
 .debug_ranges  0x00000220       0x78 build/stm32f1xx_hal_flash.o
 .debug_ranges  0x00000298       0x48 build/stm32f1xx_hal_gpio.o
 .debug_ranges  0x000002e0      0x298 build/stm32f1xx_hal_i2c.o
 .debug_ranges  0x00000578       0xa0 build/stm32f1xx_hal_rcc.o
 .debug_ranges  0x00000618      0x1c0 build/stm32f1xx_hal_uart.o
 .debug_ranges  0x000007d8       0x58 build/as5600.o
 .debug_ranges  0x00000830       0x18 build/dwt_delay.o
 .debug_ranges  0x00000848       0x18 build/flash.o
 .debug_ranges  0x00000860       0x18 build/main.o
 .debug_ranges  0x00000878      0x150 build/packet_handler.o
 .debug_ranges  0x000009c8       0x38 build/port_handler.o
 .debug_ranges  0x00000a00       0x60 build/queue.o
 .debug_ranges  0x00000a60       0x50 build/stepper.o
 .debug_ranges  0x00000ab0       0x30 build/stm32f1xx_hal_msp.o
 .debug_ranges  0x00000ae0       0x68 build/stm32f1xx_it.o
 .debug_ranges  0x00000b48       0x18 build/system_stm32f1xx.o
 .debug_ranges  0x00000b60       0x38 build/utility.o
 .debug_ranges  0x00000b98       0x20 build/startup_stm32f103xb.o

.debug_line     0x00000000     0xd2e2
 .debug_line    0x00000000      0x524 build/stm32f1xx_hal.o
 .debug_line    0x00000524      0x67e build/stm32f1xx_hal_cortex.o
 .debug_line    0x00000ba2      0xa9d build/stm32f1xx_hal_dma.o
 .debug_line    0x0000163f      0x7c0 build/stm32f1xx_hal_flash.o
 .debug_line    0x00001dff      0x62b build/stm32f1xx_hal_gpio.o
 .debug_line    0x0000242a     0x4f58 build/stm32f1xx_hal_i2c.o
 .debug_line    0x00007382      0xc45 build/stm32f1xx_hal_rcc.o
 .debug_line    0x00007fc7     0x1be7 build/stm32f1xx_hal_uart.o
 .debug_line    0x00009bae      0x397 build/as5600.o
 .debug_line    0x00009f45      0x25e build/dwt_delay.o
 .debug_line    0x0000a1a3      0x27a build/flash.o
 .debug_line    0x0000a41d      0x373 build/main.o
 .debug_line    0x0000a790      0xb7d build/packet_handler.o
 .debug_line    0x0000b30d      0x4bf build/port_handler.o
 .debug_line    0x0000b7cc      0x3d9 build/queue.o
 .debug_line    0x0000bba5      0x453 build/stepper.o
 .debug_line    0x0000bff8      0x568 build/stm32f1xx_hal_msp.o
 .debug_line    0x0000c560      0x474 build/stm32f1xx_it.o
 .debug_line    0x0000c9d4      0x2ce build/system_stm32f1xx.o
 .debug_line    0x0000cca2      0x5cc build/utility.o
 .debug_line    0x0000d26e       0x74 build/startup_stm32f103xb.o

.debug_str      0x00000000     0x38f2
 .debug_str     0x00000000      0x7f2 build/stm32f1xx_hal.o
                                0x856 (size before relaxing)
 .debug_str     0x000007f2      0x3bc build/stm32f1xx_hal_cortex.o
                                0x978 (size before relaxing)
 .debug_str     0x00000bae      0x3d4 build/stm32f1xx_hal_dma.o
                                0x6c6 (size before relaxing)
 .debug_str     0x00000f82      0x29e build/stm32f1xx_hal_flash.o
                                0x5e6 (size before relaxing)
 .debug_str     0x00001220      0x1b6 build/stm32f1xx_hal_gpio.o
                                0x4c9 (size before relaxing)
 .debug_str     0x000013d6      0xb11 build/stm32f1xx_hal_i2c.o
                               0x102c (size before relaxing)
 .debug_str     0x00001ee7      0x307 build/stm32f1xx_hal_rcc.o
                                0x6ab (size before relaxing)
 .debug_str     0x000021ee      0x6f0 build/stm32f1xx_hal_uart.o
                                0xc50 (size before relaxing)
 .debug_str     0x000028de      0x110 build/as5600.o
                                0x82b (size before relaxing)
 .debug_str     0x000029ee      0x117 build/dwt_delay.o
                                0x39d (size before relaxing)
 .debug_str     0x00002b05      0x3de build/flash.o
                                0x6a8 (size before relaxing)
 .debug_str     0x00002ee3      0x10f build/main.o
                                0x7b5 (size before relaxing)
 .debug_str     0x00002ff2      0x5a2 build/packet_handler.o
                                0xd9f (size before relaxing)
 .debug_str     0x00003594       0xb5 build/port_handler.o
                                0xb98 (size before relaxing)
 .debug_str     0x00003649       0x24 build/queue.o
                                0x5f6 (size before relaxing)
 .debug_str     0x0000366d       0xec build/stepper.o
                                0x7b0 (size before relaxing)
 .debug_str     0x00003759       0x36 build/stm32f1xx_hal_msp.o
                               0x1140 (size before relaxing)
 .debug_str     0x0000378f       0xe7 build/stm32f1xx_it.o
                                0xb72 (size before relaxing)
 .debug_str     0x00003876       0x4a build/system_stm32f1xx.o
                                0x338 (size before relaxing)
 .debug_str     0x000038c0        0xe build/utility.o
                               0x1267 (size before relaxing)
 .debug_str     0x000038ce       0x24 build/startup_stm32f103xb.o
                                 0x51 (size before relaxing)

.comment        0x00000000       0x79
 .comment       0x00000000       0x79 build/stm32f1xx_hal.o
                                 0x7a (size before relaxing)
 .comment       0x00000079       0x7a build/stm32f1xx_hal_cortex.o
 .comment       0x00000079       0x7a build/stm32f1xx_hal_dma.o
 .comment       0x00000079       0x7a build/stm32f1xx_hal_flash.o
 .comment       0x00000079       0x7a build/stm32f1xx_hal_gpio.o
 .comment       0x00000079       0x7a build/stm32f1xx_hal_i2c.o
 .comment       0x00000079       0x7a build/stm32f1xx_hal_rcc.o
 .comment       0x00000079       0x7a build/stm32f1xx_hal_uart.o
 .comment       0x00000079       0x7a build/as5600.o
 .comment       0x00000079       0x7a build/dwt_delay.o
 .comment       0x00000079       0x7a build/flash.o
 .comment       0x00000079       0x7a build/main.o
 .comment       0x00000079       0x7a build/packet_handler.o
 .comment       0x00000079       0x7a build/port_handler.o
 .comment       0x00000079       0x7a build/queue.o
 .comment       0x00000079       0x7a build/stepper.o
 .comment       0x00000079       0x7a build/stm32f1xx_hal_msp.o
 .comment       0x00000079       0x7a build/stm32f1xx_it.o
 .comment       0x00000079       0x7a build/system_stm32f1xx.o
 .comment       0x00000079       0x7a build/utility.o

.debug_frame    0x00000000     0x26d0
 .debug_frame   0x00000000      0x1e0 build/stm32f1xx_hal.o
 .debug_frame   0x000001e0      0x13c build/stm32f1xx_hal_cortex.o
 .debug_frame   0x0000031c      0x168 build/stm32f1xx_hal_dma.o
 .debug_frame   0x00000484      0x150 build/stm32f1xx_hal_flash.o
 .debug_frame   0x000005d4      0x104 build/stm32f1xx_hal_gpio.o
 .debug_frame   0x000006d8      0xa60 build/stm32f1xx_hal_i2c.o
 .debug_frame   0x00001138      0x1c0 build/stm32f1xx_hal_rcc.o
 .debug_frame   0x000012f8      0x574 build/stm32f1xx_hal_uart.o
 .debug_frame   0x0000186c      0x138 build/as5600.o
 .debug_frame   0x000019a4       0x40 build/dwt_delay.o
 .debug_frame   0x000019e4       0x40 build/flash.o
 .debug_frame   0x00001a24       0x48 build/main.o
 .debug_frame   0x00001a6c      0x39c build/packet_handler.o
 .debug_frame   0x00001e08       0xa4 build/port_handler.o
 .debug_frame   0x00001eac       0xc8 build/queue.o
 .debug_frame   0x00001f74       0xf8 build/stepper.o
 .debug_frame   0x0000206c       0xb4 build/stm32f1xx_hal_msp.o
 .debug_frame   0x00002120      0x110 build/stm32f1xx_it.o
 .debug_frame   0x00002230       0x30 build/system_stm32f1xx.o
 .debug_frame   0x00002260       0xcc build/utility.o
 .debug_frame   0x0000232c       0x2c c:/program files (x86)/gnu tools arm embedded/9 2019-q4-major/bin/../lib/gcc/arm-none-eabi/9.2.1/../../../../arm-none-eabi/lib/thumb/v7-m/nofp\libc.a(lib_a-init.o)
 .debug_frame   0x00002358       0x30 c:/program files (x86)/gnu tools arm embedded/9 2019-q4-major/bin/../lib/gcc/arm-none-eabi/9.2.1/../../../../arm-none-eabi/lib/thumb/v7-m/nofp\libc.a(lib_a-malloc.o)
 .debug_frame   0x00002388       0x4c c:/program files (x86)/gnu tools arm embedded/9 2019-q4-major/bin/../lib/gcc/arm-none-eabi/9.2.1/../../../../arm-none-eabi/lib/thumb/v7-m/nofp\libc.a(lib_a-mallocr.o)
 .debug_frame   0x000023d4       0x30 c:/program files (x86)/gnu tools arm embedded/9 2019-q4-major/bin/../lib/gcc/arm-none-eabi/9.2.1/../../../../arm-none-eabi/lib/thumb/v7-m/nofp\libc.a(lib_a-mlock.o)
 .debug_frame   0x00002404       0x2c c:/program files (x86)/gnu tools arm embedded/9 2019-q4-major/bin/../lib/gcc/arm-none-eabi/9.2.1/../../../../arm-none-eabi/lib/thumb/v7-m/nofp\libc.a(lib_a-sbrkr.o)
 .debug_frame   0x00002430       0x5c c:/program files (x86)/gnu tools arm embedded/9 2019-q4-major/bin/../lib/gcc/arm-none-eabi/9.2.1/../../../../arm-none-eabi/lib/thumb/v7-m/nofp\libc.a(lib_a-__call_atexit.o)
 .debug_frame   0x0000248c       0x20 c:/program files (x86)/gnu tools arm embedded/9 2019-q4-major/bin/../lib/gcc/arm-none-eabi/9.2.1/../../../../arm-none-eabi/lib/thumb/v7-m/nofp\libc.a(lib_a-atexit.o)
 .debug_frame   0x000024ac       0x34 c:/program files (x86)/gnu tools arm embedded/9 2019-q4-major/bin/../lib/gcc/arm-none-eabi/9.2.1/../../../../arm-none-eabi/lib/thumb/v7-m/nofp\libc.a(lib_a-fini.o)
 .debug_frame   0x000024e0       0x8c c:/program files (x86)/gnu tools arm embedded/9 2019-q4-major/bin/../lib/gcc/arm-none-eabi/9.2.1/../../../../arm-none-eabi/lib/thumb/v7-m/nofp\libc.a(lib_a-freer.o)
 .debug_frame   0x0000256c       0xb0 c:/program files (x86)/gnu tools arm embedded/9 2019-q4-major/bin/../lib/gcc/arm-none-eabi/9.2.1/../../../../arm-none-eabi/lib/thumb/v7-m/nofp\libc.a(lib_a-lock.o)
 .debug_frame   0x0000261c       0x60 c:/program files (x86)/gnu tools arm embedded/9 2019-q4-major/bin/../lib/gcc/arm-none-eabi/9.2.1/../../../../arm-none-eabi/lib/thumb/v7-m/nofp\libc.a(lib_a-reent.o)
 .debug_frame   0x0000267c       0x34 c:/program files (x86)/gnu tools arm embedded/9 2019-q4-major/bin/../lib/gcc/arm-none-eabi/9.2.1/../../../../arm-none-eabi/lib/thumb/v7-m/nofp\libc.a(lib_a-__atexit.o)
 .debug_frame   0x000026b0       0x20 c:/program files (x86)/gnu tools arm embedded/9 2019-q4-major/bin/../lib/gcc/arm-none-eabi/9.2.1/../../../../arm-none-eabi/lib/thumb/v7-m/nofp\libnosys.a(sbrk.o)

Cross Reference Table

Symbol                                            File
ADC1_2_IRQHandler                                 build/startup_stm32f103xb.o
AHBPrescTable                                     build/system_stm32f1xx.o
                                                  build/stm32f1xx_hal_rcc.o
APBPrescTable                                     build/system_stm32f1xx.o
                                                  build/stm32f1xx_hal_rcc.o
AS5600_GetAngle                                   build/as5600.o
AS5600_GetCalAngle                                build/as5600.o
AS5600_GetRawAngle                                build/as5600.o
AS5600_GetStatus                                  build/as5600.o
AS5600_ReadReg                                    build/as5600.o
AS5600_SetHystheresis                             build/as5600.o
AS5600_SetOutputStage                             build/as5600.o
AS5600_SetPWMFreq                                 build/as5600.o
AS5600_SetZero                                    build/as5600.o
                                                  build/main.o
AS5600_WriteReg                                   build/as5600.o
BusFault_Handler                                  build/stm32f1xx_it.o
CAN1_RX1_IRQHandler                               build/startup_stm32f103xb.o
CAN1_SCE_IRQHandler                               build/startup_stm32f103xb.o
DMA1_Channel1_IRQHandler                          build/startup_stm32f103xb.o
DMA1_Channel2_IRQHandler                          build/startup_stm32f103xb.o
DMA1_Channel3_IRQHandler                          build/startup_stm32f103xb.o
DMA1_Channel4_IRQHandler                          build/stm32f1xx_it.o
DMA1_Channel5_IRQHandler                          build/stm32f1xx_it.o
DMA1_Channel6_IRQHandler                          build/startup_stm32f103xb.o
DMA1_Channel7_IRQHandler                          build/startup_stm32f103xb.o
DRV8825_disableStepper                            build/stepper.o
DRV8825_enableStepper                             build/stepper.o
DRV8825_findDirection                             build/stepper.o
DRV8825_goToTarget                                build/stepper.o
DRV8825_initStepper                               build/stepper.o
                                                  build/main.o
DRV8825_setCurrentAngle                           build/stepper.o
DRV8825_setMode                                   build/stepper.o
DRV8825_setTarget                                 build/stepper.o
DRV8825_step                                      build/stepper.o
DWT_Delay                                         build/dwt_delay.o
                                                  build/stepper.o
                                                  build/packet_handler.o
DWT_Init                                          build/dwt_delay.o
                                                  build/main.o
DebugMon_Handler                                  build/stm32f1xx_it.o
Default_Handler                                   build/startup_stm32f103xb.o
EXTI0_IRQHandler                                  build/startup_stm32f103xb.o
EXTI15_10_IRQHandler                              build/startup_stm32f103xb.o
EXTI1_IRQHandler                                  build/startup_stm32f103xb.o
EXTI2_IRQHandler                                  build/startup_stm32f103xb.o
EXTI3_IRQHandler                                  build/startup_stm32f103xb.o
EXTI4_IRQHandler                                  build/startup_stm32f103xb.o
EXTI9_5_IRQHandler                                build/startup_stm32f103xb.o
Error_Handler                                     build/utility.o
                                                  build/stm32f1xx_it.o
                                                  build/stm32f1xx_hal_msp.o
FLASH_IRQHandler                                  build/startup_stm32f103xb.o
FLASH_PageErase                                   build/stm32f1xx_hal_flash_ex.o
                                                  build/stm32f1xx_hal_flash.o
FLASH_WaitForLastOperation                        build/stm32f1xx_hal_flash.o
                                                  build/stm32f1xx_hal_flash_ex.o
Flash_Read                                        build/flash.o
Flash_Write                                       build/flash.o
                                                  build/packet_handler.o
HAL_DBGMCU_DisableDBGSleepMode                    build/stm32f1xx_hal.o
HAL_DBGMCU_DisableDBGStandbyMode                  build/stm32f1xx_hal.o
HAL_DBGMCU_DisableDBGStopMode                     build/stm32f1xx_hal.o
HAL_DBGMCU_EnableDBGSleepMode                     build/stm32f1xx_hal.o
HAL_DBGMCU_EnableDBGStandbyMode                   build/stm32f1xx_hal.o
HAL_DBGMCU_EnableDBGStopMode                      build/stm32f1xx_hal.o
HAL_DMA_Abort                                     build/stm32f1xx_hal_dma.o
                                                  build/stm32f1xx_hal_uart.o
HAL_DMA_Abort_IT                                  build/stm32f1xx_hal_dma.o
                                                  build/stm32f1xx_hal_uart.o
                                                  build/stm32f1xx_hal_i2c.o
HAL_DMA_DeInit                                    build/stm32f1xx_hal_dma.o
                                                  build/stm32f1xx_hal_msp.o
HAL_DMA_GetError                                  build/stm32f1xx_hal_dma.o
                                                  build/stm32f1xx_hal_uart.o
HAL_DMA_GetState                                  build/stm32f1xx_hal_dma.o
                                                  build/stm32f1xx_hal_i2c.o
HAL_DMA_IRQHandler                                build/stm32f1xx_hal_dma.o
                                                  build/stm32f1xx_it.o
HAL_DMA_Init                                      build/stm32f1xx_hal_dma.o
                                                  build/stm32f1xx_hal_msp.o
HAL_DMA_PollForTransfer                           build/stm32f1xx_hal_dma.o
HAL_DMA_RegisterCallback                          build/stm32f1xx_hal_dma.o
HAL_DMA_Start                                     build/stm32f1xx_hal_dma.o
HAL_DMA_Start_IT                                  build/stm32f1xx_hal_dma.o
                                                  build/stm32f1xx_hal_uart.o
                                                  build/stm32f1xx_hal_i2c.o
HAL_DMA_UnRegisterCallback                        build/stm32f1xx_hal_dma.o
HAL_DeInit                                        build/stm32f1xx_hal.o
HAL_Delay                                         build/stm32f1xx_hal.o
                                                  build/utility.o
HAL_EXTI_ClearConfigLine                          build/stm32f1xx_hal_exti.o
HAL_EXTI_ClearPending                             build/stm32f1xx_hal_exti.o
HAL_EXTI_GenerateSWI                              build/stm32f1xx_hal_exti.o
HAL_EXTI_GetConfigLine                            build/stm32f1xx_hal_exti.o
HAL_EXTI_GetHandle                                build/stm32f1xx_hal_exti.o
HAL_EXTI_GetPending                               build/stm32f1xx_hal_exti.o
HAL_EXTI_IRQHandler                               build/stm32f1xx_hal_exti.o
HAL_EXTI_RegisterCallback                         build/stm32f1xx_hal_exti.o
HAL_EXTI_SetConfigLine                            build/stm32f1xx_hal_exti.o
HAL_FLASHEx_Erase                                 build/stm32f1xx_hal_flash_ex.o
HAL_FLASHEx_Erase_IT                              build/stm32f1xx_hal_flash_ex.o
HAL_FLASHEx_OBErase                               build/stm32f1xx_hal_flash_ex.o
HAL_FLASHEx_OBGetConfig                           build/stm32f1xx_hal_flash_ex.o
HAL_FLASHEx_OBGetUserData                         build/stm32f1xx_hal_flash_ex.o
HAL_FLASHEx_OBProgram                             build/stm32f1xx_hal_flash_ex.o
HAL_FLASH_EndOfOperationCallback                  build/stm32f1xx_hal_flash.o
HAL_FLASH_GetError                                build/stm32f1xx_hal_flash.o
HAL_FLASH_IRQHandler                              build/stm32f1xx_hal_flash.o
HAL_FLASH_Lock                                    build/stm32f1xx_hal_flash.o
                                                  build/flash.o
HAL_FLASH_OB_Launch                               build/stm32f1xx_hal_flash.o
HAL_FLASH_OB_Lock                                 build/stm32f1xx_hal_flash.o
HAL_FLASH_OB_Unlock                               build/stm32f1xx_hal_flash.o
HAL_FLASH_OperationErrorCallback                  build/stm32f1xx_hal_flash.o
HAL_FLASH_Program                                 build/stm32f1xx_hal_flash.o
                                                  build/flash.o
HAL_FLASH_Program_IT                              build/stm32f1xx_hal_flash.o
HAL_FLASH_Unlock                                  build/stm32f1xx_hal_flash.o
                                                  build/flash.o
HAL_GPIOEx_ConfigEventout                         build/stm32f1xx_hal_gpio_ex.o
HAL_GPIOEx_DisableEventout                        build/stm32f1xx_hal_gpio_ex.o
HAL_GPIOEx_EnableEventout                         build/stm32f1xx_hal_gpio_ex.o
HAL_GPIO_DeInit                                   build/stm32f1xx_hal_gpio.o
                                                  build/stm32f1xx_hal_msp.o
HAL_GPIO_EXTI_Callback                            build/stm32f1xx_hal_gpio.o
HAL_GPIO_EXTI_IRQHandler                          build/stm32f1xx_hal_gpio.o
HAL_GPIO_Init                                     build/stm32f1xx_hal_gpio.o
                                                  build/utility.o
                                                  build/stm32f1xx_hal_msp.o
                                                  build/stm32f1xx_hal_rcc.o
HAL_GPIO_LockPin                                  build/stm32f1xx_hal_gpio.o
HAL_GPIO_ReadPin                                  build/stm32f1xx_hal_gpio.o
HAL_GPIO_TogglePin                                build/stm32f1xx_hal_gpio.o
HAL_GPIO_WritePin                                 build/stm32f1xx_hal_gpio.o
                                                  build/utility.o
                                                  build/stepper.o
                                                  build/port_handler.o
                                                  build/main.o
HAL_GetDEVID                                      build/stm32f1xx_hal.o
HAL_GetHalVersion                                 build/stm32f1xx_hal.o
HAL_GetREVID                                      build/stm32f1xx_hal.o
HAL_GetTick                                       build/stm32f1xx_hal.o
                                                  build/stm32f1xx_hal_uart.o
                                                  build/stm32f1xx_hal_rcc_ex.o
                                                  build/stm32f1xx_hal_rcc.o
                                                  build/stm32f1xx_hal_i2c.o
                                                  build/stm32f1xx_hal_flash.o
                                                  build/stm32f1xx_hal_dma.o
HAL_GetTickFreq                                   build/stm32f1xx_hal.o
HAL_GetTickPrio                                   build/stm32f1xx_hal.o
HAL_GetUIDw0                                      build/stm32f1xx_hal.o
HAL_GetUIDw1                                      build/stm32f1xx_hal.o
HAL_GetUIDw2                                      build/stm32f1xx_hal.o
HAL_HalfDuplex_EnableReceiver                     build/stm32f1xx_hal_uart.o
HAL_HalfDuplex_EnableTransmitter                  build/stm32f1xx_hal_uart.o
HAL_HalfDuplex_Init                               build/stm32f1xx_hal_uart.o
HAL_I2C_AbortCpltCallback                         build/stm32f1xx_hal_i2c.o
HAL_I2C_AddrCallback                              build/stm32f1xx_hal_i2c.o
HAL_I2C_DeInit                                    build/stm32f1xx_hal_i2c.o
HAL_I2C_DisableListen_IT                          build/stm32f1xx_hal_i2c.o
HAL_I2C_ER_IRQHandler                             build/stm32f1xx_hal_i2c.o
HAL_I2C_EV_IRQHandler                             build/stm32f1xx_hal_i2c.o
HAL_I2C_EnableListen_IT                           build/stm32f1xx_hal_i2c.o
HAL_I2C_ErrorCallback                             build/stm32f1xx_hal_i2c.o
HAL_I2C_GetError                                  build/stm32f1xx_hal_i2c.o
HAL_I2C_GetMode                                   build/stm32f1xx_hal_i2c.o
HAL_I2C_GetState                                  build/stm32f1xx_hal_i2c.o
HAL_I2C_Init                                      build/stm32f1xx_hal_i2c.o
                                                  build/utility.o
HAL_I2C_IsDeviceReady                             build/stm32f1xx_hal_i2c.o
HAL_I2C_ListenCpltCallback                        build/stm32f1xx_hal_i2c.o
HAL_I2C_MasterRxCpltCallback                      build/stm32f1xx_hal_i2c.o
HAL_I2C_MasterTxCpltCallback                      build/stm32f1xx_hal_i2c.o
HAL_I2C_Master_Abort_IT                           build/stm32f1xx_hal_i2c.o
HAL_I2C_Master_Receive                            build/stm32f1xx_hal_i2c.o
HAL_I2C_Master_Receive_DMA                        build/stm32f1xx_hal_i2c.o
HAL_I2C_Master_Receive_IT                         build/stm32f1xx_hal_i2c.o
HAL_I2C_Master_Seq_Receive_DMA                    build/stm32f1xx_hal_i2c.o
HAL_I2C_Master_Seq_Receive_IT                     build/stm32f1xx_hal_i2c.o
HAL_I2C_Master_Seq_Transmit_DMA                   build/stm32f1xx_hal_i2c.o
HAL_I2C_Master_Seq_Transmit_IT                    build/stm32f1xx_hal_i2c.o
HAL_I2C_Master_Transmit                           build/stm32f1xx_hal_i2c.o
                                                  build/as5600.o
HAL_I2C_Master_Transmit_DMA                       build/stm32f1xx_hal_i2c.o
HAL_I2C_Master_Transmit_IT                        build/stm32f1xx_hal_i2c.o
HAL_I2C_MemRxCpltCallback                         build/stm32f1xx_hal_i2c.o
HAL_I2C_MemTxCpltCallback                         build/stm32f1xx_hal_i2c.o
HAL_I2C_Mem_Read                                  build/stm32f1xx_hal_i2c.o
                                                  build/as5600.o
HAL_I2C_Mem_Read_DMA                              build/stm32f1xx_hal_i2c.o
HAL_I2C_Mem_Read_IT                               build/stm32f1xx_hal_i2c.o
HAL_I2C_Mem_Write                                 build/stm32f1xx_hal_i2c.o
                                                  build/as5600.o
HAL_I2C_Mem_Write_DMA                             build/stm32f1xx_hal_i2c.o
HAL_I2C_Mem_Write_IT                              build/stm32f1xx_hal_i2c.o
HAL_I2C_MspDeInit                                 build/stm32f1xx_hal_msp.o
                                                  build/stm32f1xx_hal_i2c.o
HAL_I2C_MspInit                                   build/stm32f1xx_hal_msp.o
                                                  build/stm32f1xx_hal_i2c.o
HAL_I2C_SlaveRxCpltCallback                       build/stm32f1xx_hal_i2c.o
HAL_I2C_SlaveTxCpltCallback                       build/stm32f1xx_hal_i2c.o
HAL_I2C_Slave_Receive                             build/stm32f1xx_hal_i2c.o
HAL_I2C_Slave_Receive_DMA                         build/stm32f1xx_hal_i2c.o
HAL_I2C_Slave_Receive_IT                          build/stm32f1xx_hal_i2c.o
HAL_I2C_Slave_Seq_Receive_DMA                     build/stm32f1xx_hal_i2c.o
HAL_I2C_Slave_Seq_Receive_IT                      build/stm32f1xx_hal_i2c.o
HAL_I2C_Slave_Seq_Transmit_DMA                    build/stm32f1xx_hal_i2c.o
HAL_I2C_Slave_Seq_Transmit_IT                     build/stm32f1xx_hal_i2c.o
HAL_I2C_Slave_Transmit                            build/stm32f1xx_hal_i2c.o
HAL_I2C_Slave_Transmit_DMA                        build/stm32f1xx_hal_i2c.o
HAL_I2C_Slave_Transmit_IT                         build/stm32f1xx_hal_i2c.o
HAL_IncTick                                       build/stm32f1xx_hal.o
                                                  build/stm32f1xx_it.o
HAL_Init                                          build/stm32f1xx_hal.o
                                                  build/main.o
HAL_InitTick                                      build/stm32f1xx_hal.o
                                                  build/stm32f1xx_hal_rcc.o
HAL_LIN_Init                                      build/stm32f1xx_hal_uart.o
HAL_LIN_SendBreak                                 build/stm32f1xx_hal_uart.o
HAL_MspDeInit                                     build/stm32f1xx_hal.o
HAL_MspInit                                       build/stm32f1xx_hal_msp.o
                                                  build/stm32f1xx_hal.o
HAL_MultiProcessor_EnterMuteMode                  build/stm32f1xx_hal_uart.o
HAL_MultiProcessor_ExitMuteMode                   build/stm32f1xx_hal_uart.o
HAL_MultiProcessor_Init                           build/stm32f1xx_hal_uart.o
HAL_NVIC_ClearPendingIRQ                          build/stm32f1xx_hal_cortex.o
HAL_NVIC_DisableIRQ                               build/stm32f1xx_hal_cortex.o
                                                  build/stm32f1xx_hal_msp.o
HAL_NVIC_EnableIRQ                                build/stm32f1xx_hal_cortex.o
                                                  build/utility.o
                                                  build/stm32f1xx_hal_msp.o
HAL_NVIC_GetActive                                build/stm32f1xx_hal_cortex.o
HAL_NVIC_GetPendingIRQ                            build/stm32f1xx_hal_cortex.o
HAL_NVIC_GetPriority                              build/stm32f1xx_hal_cortex.o
HAL_NVIC_GetPriorityGrouping                      build/stm32f1xx_hal_cortex.o
HAL_NVIC_SetPendingIRQ                            build/stm32f1xx_hal_cortex.o
HAL_NVIC_SetPriority                              build/stm32f1xx_hal_cortex.o
                                                  build/utility.o
                                                  build/stm32f1xx_hal_msp.o
                                                  build/stm32f1xx_hal.o
HAL_NVIC_SetPriorityGrouping                      build/stm32f1xx_hal_cortex.o
                                                  build/stm32f1xx_hal.o
HAL_NVIC_SystemReset                              build/stm32f1xx_hal_cortex.o
                                                  build/stm32f1xx_hal_flash.o
HAL_PWR_ConfigPVD                                 build/stm32f1xx_hal_pwr.o
HAL_PWR_DeInit                                    build/stm32f1xx_hal_pwr.o
HAL_PWR_DisableBkUpAccess                         build/stm32f1xx_hal_pwr.o
HAL_PWR_DisablePVD                                build/stm32f1xx_hal_pwr.o
HAL_PWR_DisableSEVOnPend                          build/stm32f1xx_hal_pwr.o
HAL_PWR_DisableSleepOnExit                        build/stm32f1xx_hal_pwr.o
HAL_PWR_DisableWakeUpPin                          build/stm32f1xx_hal_pwr.o
HAL_PWR_EnableBkUpAccess                          build/stm32f1xx_hal_pwr.o
HAL_PWR_EnablePVD                                 build/stm32f1xx_hal_pwr.o
HAL_PWR_EnableSEVOnPend                           build/stm32f1xx_hal_pwr.o
HAL_PWR_EnableSleepOnExit                         build/stm32f1xx_hal_pwr.o
HAL_PWR_EnableWakeUpPin                           build/stm32f1xx_hal_pwr.o
HAL_PWR_EnterSLEEPMode                            build/stm32f1xx_hal_pwr.o
HAL_PWR_EnterSTANDBYMode                          build/stm32f1xx_hal_pwr.o
HAL_PWR_EnterSTOPMode                             build/stm32f1xx_hal_pwr.o
HAL_PWR_PVDCallback                               build/stm32f1xx_hal_pwr.o
HAL_PWR_PVD_IRQHandler                            build/stm32f1xx_hal_pwr.o
HAL_RCCEx_GetPeriphCLKConfig                      build/stm32f1xx_hal_rcc_ex.o
HAL_RCCEx_GetPeriphCLKFreq                        build/stm32f1xx_hal_rcc_ex.o
HAL_RCCEx_PeriphCLKConfig                         build/stm32f1xx_hal_rcc_ex.o
HAL_RCC_CSSCallback                               build/stm32f1xx_hal_rcc.o
HAL_RCC_ClockConfig                               build/stm32f1xx_hal_rcc.o
                                                  build/utility.o
HAL_RCC_DeInit                                    build/stm32f1xx_hal_rcc.o
HAL_RCC_DisableCSS                                build/stm32f1xx_hal_rcc.o
HAL_RCC_EnableCSS                                 build/stm32f1xx_hal_rcc.o
HAL_RCC_GetClockConfig                            build/stm32f1xx_hal_rcc.o
HAL_RCC_GetHCLKFreq                               build/stm32f1xx_hal_rcc.o
                                                  build/dwt_delay.o
HAL_RCC_GetOscConfig                              build/stm32f1xx_hal_rcc.o
HAL_RCC_GetPCLK1Freq                              build/stm32f1xx_hal_rcc.o
                                                  build/stm32f1xx_hal_uart.o
                                                  build/stm32f1xx_hal_i2c.o
HAL_RCC_GetPCLK2Freq                              build/stm32f1xx_hal_rcc.o
                                                  build/stm32f1xx_hal_uart.o
                                                  build/stm32f1xx_hal_rcc_ex.o
HAL_RCC_GetSysClockFreq                           build/stm32f1xx_hal_rcc.o
HAL_RCC_MCOConfig                                 build/stm32f1xx_hal_rcc.o
HAL_RCC_NMI_IRQHandler                            build/stm32f1xx_hal_rcc.o
HAL_RCC_OscConfig                                 build/stm32f1xx_hal_rcc.o
                                                  build/utility.o
HAL_ResumeTick                                    build/stm32f1xx_hal.o
HAL_SYSTICK_CLKSourceConfig                       build/stm32f1xx_hal_cortex.o
HAL_SYSTICK_Callback                              build/stm32f1xx_hal_cortex.o
HAL_SYSTICK_Config                                build/stm32f1xx_hal_cortex.o
                                                  build/stm32f1xx_hal.o
HAL_SYSTICK_IRQHandler                            build/stm32f1xx_hal_cortex.o
HAL_SetTickFreq                                   build/stm32f1xx_hal.o
HAL_SuspendTick                                   build/stm32f1xx_hal.o
HAL_UART_Abort                                    build/stm32f1xx_hal_uart.o
HAL_UART_AbortCpltCallback                        build/stm32f1xx_hal_uart.o
HAL_UART_AbortReceive                             build/stm32f1xx_hal_uart.o
HAL_UART_AbortReceiveCpltCallback                 build/stm32f1xx_hal_uart.o
HAL_UART_AbortReceive_IT                          build/stm32f1xx_hal_uart.o
HAL_UART_AbortTransmit                            build/stm32f1xx_hal_uart.o
HAL_UART_AbortTransmitCpltCallback                build/stm32f1xx_hal_uart.o
HAL_UART_AbortTransmit_IT                         build/stm32f1xx_hal_uart.o
HAL_UART_Abort_IT                                 build/stm32f1xx_hal_uart.o
HAL_UART_DMAPause                                 build/stm32f1xx_hal_uart.o
HAL_UART_DMAResume                                build/stm32f1xx_hal_uart.o
HAL_UART_DMAStop                                  build/stm32f1xx_hal_uart.o
HAL_UART_DeInit                                   build/stm32f1xx_hal_uart.o
HAL_UART_ErrorCallback                            build/stm32f1xx_hal_uart.o
HAL_UART_GetError                                 build/stm32f1xx_hal_uart.o
HAL_UART_GetState                                 build/stm32f1xx_hal_uart.o
HAL_UART_IRQHandler                               build/stm32f1xx_hal_uart.o
HAL_UART_Init                                     build/stm32f1xx_hal_uart.o
                                                  build/utility.o
HAL_UART_MspDeInit                                build/stm32f1xx_hal_msp.o
                                                  build/stm32f1xx_hal_uart.o
HAL_UART_MspInit                                  build/stm32f1xx_hal_msp.o
                                                  build/stm32f1xx_hal_uart.o
HAL_UART_Receive                                  build/stm32f1xx_hal_uart.o
HAL_UART_Receive_DMA                              build/stm32f1xx_hal_uart.o
                                                  build/port_handler.o
HAL_UART_Receive_IT                               build/stm32f1xx_hal_uart.o
HAL_UART_RxCpltCallback                           build/port_handler.o
                                                  build/stm32f1xx_hal_uart.o
                                                  build/stm32f1xx_it.o
HAL_UART_RxHalfCpltCallback                       build/stm32f1xx_hal_uart.o
HAL_UART_Transmit                                 build/stm32f1xx_hal_uart.o
                                                  build/port_handler.o
HAL_UART_Transmit_DMA                             build/stm32f1xx_hal_uart.o
HAL_UART_Transmit_IT                              build/stm32f1xx_hal_uart.o
HAL_UART_TxCpltCallback                           build/stm32f1xx_hal_uart.o
HAL_UART_TxHalfCpltCallback                       build/stm32f1xx_hal_uart.o
HardFault_Handler                                 build/stm32f1xx_it.o
I2C1_ER_IRQHandler                                build/startup_stm32f103xb.o
I2C1_EV_IRQHandler                                build/startup_stm32f103xb.o
I2C2_ER_IRQHandler                                build/startup_stm32f103xb.o
I2C2_EV_IRQHandler                                build/startup_stm32f103xb.o
MX_DMA_Init                                       build/utility.o
                                                  build/main.o
MX_GPIO_Init                                      build/utility.o
                                                  build/main.o
MX_I2C2_Init                                      build/utility.o
                                                  build/main.o
MX_USART1_UART_Init                               build/utility.o
                                                  build/main.o
MemManage_Handler                                 build/stm32f1xx_it.o
NMI_Handler                                       build/stm32f1xx_it.o
PVD_IRQHandler                                    build/startup_stm32f103xb.o
PendSV_Handler                                    build/stm32f1xx_it.o
RCC_IRQHandler                                    build/startup_stm32f103xb.o
RTC_Alarm_IRQHandler                              build/startup_stm32f103xb.o
RTC_IRQHandler                                    build/startup_stm32f103xb.o
Reset_Handler                                     build/startup_stm32f103xb.o
SPI1_IRQHandler                                   build/startup_stm32f103xb.o
SPI2_IRQHandler                                   build/startup_stm32f103xb.o
SVC_Handler                                       build/stm32f1xx_it.o
SysTick_Handler                                   build/stm32f1xx_it.o
SystemClock_Config                                build/utility.o
                                                  build/main.o
SystemCoreClock                                   build/system_stm32f1xx.o
                                                  build/stm32f1xx_hal_rcc.o
                                                  build/stm32f1xx_hal_i2c.o
                                                  build/stm32f1xx_hal.o
SystemCoreClockUpdate                             build/system_stm32f1xx.o
SystemInit                                        build/system_stm32f1xx.o
                                                  build/startup_stm32f103xb.o
TAMPER_IRQHandler                                 build/startup_stm32f103xb.o
TIM1_BRK_IRQHandler                               build/startup_stm32f103xb.o
TIM1_CC_IRQHandler                                build/startup_stm32f103xb.o
TIM1_TRG_COM_IRQHandler                           build/startup_stm32f103xb.o
TIM1_UP_IRQHandler                                build/startup_stm32f103xb.o
TIM2_IRQHandler                                   build/startup_stm32f103xb.o
TIM3_IRQHandler                                   build/startup_stm32f103xb.o
TIM4_IRQHandler                                   build/startup_stm32f103xb.o
UART_DMA_Init                                     build/port_handler.o
                                                  build/main.o
UART_rx_transfer_to_queue                         build/port_handler.o
USART1_IRQHandler                                 build/stm32f1xx_it.o
USART2_IRQHandler                                 build/startup_stm32f103xb.o
USART3_IRQHandler                                 build/startup_stm32f103xb.o
USBWakeUp_IRQHandler                              build/startup_stm32f103xb.o
USB_HP_CAN1_TX_IRQHandler                         build/startup_stm32f103xb.o
USB_LP_CAN1_RX0_IRQHandler                        build/startup_stm32f103xb.o
UsageFault_Handler                                build/stm32f1xx_it.o
WWDG_IRQHandler                                   build/startup_stm32f103xb.o
__addsf3                                          c:/program files (x86)/gnu tools arm embedded/9 2019-q4-major/bin/../lib/gcc/arm-none-eabi/9.2.1/thumb/v7-m/nofp\libgcc.a(_arm_addsubsf3.o)
__aeabi_cfcmpeq                                   c:/program files (x86)/gnu tools arm embedded/9 2019-q4-major/bin/../lib/gcc/arm-none-eabi/9.2.1/thumb/v7-m/nofp\libgcc.a(_arm_cmpsf2.o)
__aeabi_cfcmple                                   c:/program files (x86)/gnu tools arm embedded/9 2019-q4-major/bin/../lib/gcc/arm-none-eabi/9.2.1/thumb/v7-m/nofp\libgcc.a(_arm_cmpsf2.o)
__aeabi_cfrcmple                                  c:/program files (x86)/gnu tools arm embedded/9 2019-q4-major/bin/../lib/gcc/arm-none-eabi/9.2.1/thumb/v7-m/nofp\libgcc.a(_arm_cmpsf2.o)
__aeabi_f2uiz                                     c:/program files (x86)/gnu tools arm embedded/9 2019-q4-major/bin/../lib/gcc/arm-none-eabi/9.2.1/thumb/v7-m/nofp\libgcc.a(_arm_fixunssfsi.o)
                                                  build/main.o
                                                  build/as5600.o
__aeabi_fadd                                      c:/program files (x86)/gnu tools arm embedded/9 2019-q4-major/bin/../lib/gcc/arm-none-eabi/9.2.1/thumb/v7-m/nofp\libgcc.a(_arm_addsubsf3.o)
__aeabi_fcmpeq                                    c:/program files (x86)/gnu tools arm embedded/9 2019-q4-major/bin/../lib/gcc/arm-none-eabi/9.2.1/thumb/v7-m/nofp\libgcc.a(_arm_cmpsf2.o)
__aeabi_fcmpge                                    c:/program files (x86)/gnu tools arm embedded/9 2019-q4-major/bin/../lib/gcc/arm-none-eabi/9.2.1/thumb/v7-m/nofp\libgcc.a(_arm_cmpsf2.o)
__aeabi_fcmpgt                                    c:/program files (x86)/gnu tools arm embedded/9 2019-q4-major/bin/../lib/gcc/arm-none-eabi/9.2.1/thumb/v7-m/nofp\libgcc.a(_arm_cmpsf2.o)
                                                  build/stepper.o
__aeabi_fcmple                                    c:/program files (x86)/gnu tools arm embedded/9 2019-q4-major/bin/../lib/gcc/arm-none-eabi/9.2.1/thumb/v7-m/nofp\libgcc.a(_arm_cmpsf2.o)
__aeabi_fcmplt                                    c:/program files (x86)/gnu tools arm embedded/9 2019-q4-major/bin/../lib/gcc/arm-none-eabi/9.2.1/thumb/v7-m/nofp\libgcc.a(_arm_cmpsf2.o)
__aeabi_fmul                                      c:/program files (x86)/gnu tools arm embedded/9 2019-q4-major/bin/../lib/gcc/arm-none-eabi/9.2.1/thumb/v7-m/nofp\libgcc.a(_arm_mulsf3.o)
                                                  build/main.o
                                                  build/as5600.o
__aeabi_frsub                                     c:/program files (x86)/gnu tools arm embedded/9 2019-q4-major/bin/../lib/gcc/arm-none-eabi/9.2.1/thumb/v7-m/nofp\libgcc.a(_arm_addsubsf3.o)
__aeabi_fsub                                      c:/program files (x86)/gnu tools arm embedded/9 2019-q4-major/bin/../lib/gcc/arm-none-eabi/9.2.1/thumb/v7-m/nofp\libgcc.a(_arm_addsubsf3.o)
__aeabi_i2f                                       c:/program files (x86)/gnu tools arm embedded/9 2019-q4-major/bin/../lib/gcc/arm-none-eabi/9.2.1/thumb/v7-m/nofp\libgcc.a(_arm_addsubsf3.o)
                                                  build/stepper.o
                                                  build/as5600.o
__aeabi_l2f                                       c:/program files (x86)/gnu tools arm embedded/9 2019-q4-major/bin/../lib/gcc/arm-none-eabi/9.2.1/thumb/v7-m/nofp\libgcc.a(_arm_addsubsf3.o)
__aeabi_ui2f                                      c:/program files (x86)/gnu tools arm embedded/9 2019-q4-major/bin/../lib/gcc/arm-none-eabi/9.2.1/thumb/v7-m/nofp\libgcc.a(_arm_addsubsf3.o)
                                                  build/main.o
__aeabi_ul2f                                      c:/program files (x86)/gnu tools arm embedded/9 2019-q4-major/bin/../lib/gcc/arm-none-eabi/9.2.1/thumb/v7-m/nofp\libgcc.a(_arm_addsubsf3.o)
__atexit_recursive_mutex                          c:/program files (x86)/gnu tools arm embedded/9 2019-q4-major/bin/../lib/gcc/arm-none-eabi/9.2.1/../../../../arm-none-eabi/lib/thumb/v7-m/nofp\libc.a(lib_a-__call_atexit.o)
                                                  c:/program files (x86)/gnu tools arm embedded/9 2019-q4-major/bin/../lib/gcc/arm-none-eabi/9.2.1/../../../../arm-none-eabi/lib/thumb/v7-m/nofp\libc.a(lib_a-__atexit.o)
__bss_end__                                       c:/program files (x86)/gnu tools arm embedded/9 2019-q4-major/bin/../lib/gcc/arm-none-eabi/9.2.1/../../../../arm-none-eabi/lib/thumb/v7-m/nofp/crt0.o
__bss_start__                                     c:/program files (x86)/gnu tools arm embedded/9 2019-q4-major/bin/../lib/gcc/arm-none-eabi/9.2.1/../../../../arm-none-eabi/lib/thumb/v7-m/nofp/crt0.o
__call_exitprocs                                  c:/program files (x86)/gnu tools arm embedded/9 2019-q4-major/bin/../lib/gcc/arm-none-eabi/9.2.1/../../../../arm-none-eabi/lib/thumb/v7-m/nofp\libc.a(lib_a-__call_atexit.o)
                                                  c:/program files (x86)/gnu tools arm embedded/9 2019-q4-major/bin/../lib/gcc/arm-none-eabi/9.2.1/../../../../arm-none-eabi/lib/thumb/v7-m/nofp\libc.a(lib_a-exit.o)
__cmpsf2                                          c:/program files (x86)/gnu tools arm embedded/9 2019-q4-major/bin/../lib/gcc/arm-none-eabi/9.2.1/thumb/v7-m/nofp\libgcc.a(_arm_cmpsf2.o)